Archive member included because of file (symbol)

.\CortexM3\ARM_GCC_493\Debug\boost.soft.a(cyfitter_cfg.o)
                              .\CortexM3\ARM_GCC_493\Debug\Cm3Start.o (cyfitter_cfg)
.\CortexM3\ARM_GCC_493\Debug\boost.soft.a(PWM.o)
                              .\CortexM3\ARM_GCC_493\Debug\main.o (PWM_WriteCompare)
.\CortexM3\ARM_GCC_493\Debug\boost.soft.a(ADC.o)
                              .\CortexM3\ARM_GCC_493\Debug\main.o (ADC_Start)
.\CortexM3\ARM_GCC_493\Debug\boost.soft.a(ADC_INT.o)
                              .\CortexM3\ARM_GCC_493\Debug\boost.soft.a(ADC.o) (ADC_ISR)
.\CortexM3\ARM_GCC_493\Debug\boost.soft.a(DMA1_dma.o)
                              .\CortexM3\ARM_GCC_493\Debug\main.o (DMA1_DmaInitialize)
.\CortexM3\ARM_GCC_493\Debug\boost.soft.a(DMA2_dma.o)
                              .\CortexM3\ARM_GCC_493\Debug\main.o (DMA2_DmaInitialize)
.\CortexM3\ARM_GCC_493\Debug\boost.soft.a(ADC_theACLK.o)
                              .\CortexM3\ARM_GCC_493\Debug\boost.soft.a(ADC.o) (ADC_theACLK_SetModeRegister)
.\CortexM3\ARM_GCC_493\Debug\boost.soft.a(CyBootAsmGnu.o)
                              .\CortexM3\ARM_GCC_493\Debug\boost.soft.a(cyfitter_cfg.o) (CyDelayCycles)
.\CortexM3\ARM_GCC_493\Debug\boost.soft.a(CyDmac.o)
                              .\CortexM3\ARM_GCC_493\Debug\Cm3Start.o (CyDmacConfigure)
.\CortexM3\ARM_GCC_493\Debug\boost.soft.a(CyLib.o)
                              .\CortexM3\ARM_GCC_493\Debug\Cm3Start.o (CyHalt)
.\CortexM3\ARM_GCC_493\Debug\boost.soft.a(cyPm.o)
                              .\CortexM3\ARM_GCC_493\Debug\boost.soft.a(CyLib.o) (CyPmReadStatus)
.\CortexM3\ARM_GCC_493\Debug\boost.soft.a(DAC.o)
                              .\CortexM3\ARM_GCC_493\Debug\main.o (DAC_SetValue)
.\CortexM3\ARM_GCC_493\Debug\boost.soft.a(grid1.o)
                              .\CortexM3\ARM_GCC_493\Debug\main.o (grid1_Write)
.\CortexM3\ARM_GCC_493\Debug\boost.soft.a(grid2.o)
                              .\CortexM3\ARM_GCC_493\Debug\main.o (grid2_Write)
.\CortexM3\ARM_GCC_493\Debug\boost.soft.a(grid3.o)
                              .\CortexM3\ARM_GCC_493\Debug\main.o (grid3_Write)
.\CortexM3\ARM_GCC_493\Debug\boost.soft.a(grid4.o)
                              .\CortexM3\ARM_GCC_493\Debug\main.o (grid4_Write)
.\CortexM3\ARM_GCC_493\Debug\boost.soft.a(mode.o)
                              .\CortexM3\ARM_GCC_493\Debug\main.o (mode_Read)
.\CortexM3\ARM_GCC_493\Debug\boost.soft.a(down.o)
                              .\CortexM3\ARM_GCC_493\Debug\main.o (down_Read)
.\CortexM3\ARM_GCC_493\Debug\boost.soft.a(up.o)
                              .\CortexM3\ARM_GCC_493\Debug\main.o (up_Read)
.\CortexM3\ARM_GCC_493\Debug\boost.soft.a(seg4.o)
                              .\CortexM3\ARM_GCC_493\Debug\main.o (seg4_Write)
.\CortexM3\ARM_GCC_493\Debug\boost.soft.a(seg5.o)
                              .\CortexM3\ARM_GCC_493\Debug\main.o (seg5_Write)
.\CortexM3\ARM_GCC_493\Debug\boost.soft.a(isr.o)
                              .\CortexM3\ARM_GCC_493\Debug\main.o (isr_StartEx)
.\CortexM3\ARM_GCC_493\Debug\boost.soft.a(seg2.o)
                              .\CortexM3\ARM_GCC_493\Debug\main.o (seg2_Write)
.\CortexM3\ARM_GCC_493\Debug\boost.soft.a(seg0.o)
                              .\CortexM3\ARM_GCC_493\Debug\main.o (seg0_Write)
.\CortexM3\ARM_GCC_493\Debug\boost.soft.a(seg6.o)
                              .\CortexM3\ARM_GCC_493\Debug\main.o (seg6_Write)
.\CortexM3\ARM_GCC_493\Debug\boost.soft.a(seg1.o)
                              .\CortexM3\ARM_GCC_493\Debug\main.o (seg1_Write)
.\CortexM3\ARM_GCC_493\Debug\boost.soft.a(seg3.o)
                              .\CortexM3\ARM_GCC_493\Debug\main.o (seg3_Write)
.\CortexM3\ARM_GCC_493\Debug\boost.soft.a(seg7.o)
                              .\CortexM3\ARM_GCC_493\Debug\main.o (seg7_Write)
.\CortexM3\ARM_GCC_493\Debug\boost.soft.a(CyFlash.o)
                              .\CortexM3\ARM_GCC_493\Debug\boost.soft.a(cyPm.o) (CyFlash_SetWaitCycles)
.\CortexM3\ARM_GCC_493\Debug\boost.soft.a(CySpc.o)
                              .\CortexM3\ARM_GCC_493\Debug\boost.soft.a(CyFlash.o) (CySpcStart)
c:/program files (x86)/cypress/psoc creator/3.3/psoc creator/import/gnu/arm/4.9.3/bin/../lib/gcc/arm-none-eabi/4.9.3/armv7-m\libgcc.a(_arm_addsubsf3.o)
                              .\CortexM3\ARM_GCC_493\Debug\boost.soft.a(ADC.o) (__aeabi_i2f)
c:/program files (x86)/cypress/psoc creator/3.3/psoc creator/import/gnu/arm/4.9.3/bin/../lib/gcc/arm-none-eabi/4.9.3/armv7-m\libgcc.a(_arm_muldivsf3.o)
                              .\CortexM3\ARM_GCC_493\Debug\boost.soft.a(ADC.o) (__aeabi_fmul)
c:/program files (x86)/cypress/psoc creator/3.3/psoc creator/import/gnu/arm/4.9.3/bin/../lib/gcc/arm-none-eabi/4.9.3/armv7-m\libgcc.a(_aeabi_ldivmod.o)
                              .\CortexM3\ARM_GCC_493\Debug\boost.soft.a(ADC.o) (__aeabi_ldivmod)
[...]
Memory Configuration

Name             Origin             Length             Attributes
rom              0x00000000         0x00040000         xr
ram              0x1fff8000         0x00010000         xrw
*default*        0x00000000         0xffffffff

Linker script and memory map

LOAD c:/program files (x86)/cypress/psoc creator/3.3/psoc creator/import/gnu/arm/4.9.3/bin/../lib/gcc/arm-none-eabi/4.9.3/armv7-m/crti.o
LOAD c:/program files (x86)/cypress/psoc creator/3.3/psoc creator/import/gnu/arm/4.9.3/bin/../lib/gcc/arm-none-eabi/4.9.3/armv7-m/crtbegin.o
LOAD c:/program files (x86)/cypress/psoc creator/3.3/psoc creator/import/gnu/arm/4.9.3/bin/../lib/gcc/arm-none-eabi/4.9.3/../../../../arm-none-eabi/lib/armv7-m/crt0.o
START GROUP
LOAD .\CortexM3\ARM_GCC_493\Debug\main.o
LOAD .\CortexM3\ARM_GCC_493\Debug\cymetadata.o
LOAD .\CortexM3\ARM_GCC_493\Debug\Cm3Start.o
LOAD .\CortexM3\ARM_GCC_493\Debug\boost.soft.a
LOAD C:\Program Files (x86)\Cypress\PSoC Creator\3.3\PSoC Creator\psoc\content\cycomponentlibrary\CyComponentLibrary.cylib\CortexM3\ARM_GCC_493\Debug\CyComponentLibrary.a
END GROUP
START GROUP
LOAD c:/program files (x86)/cypress/psoc creator/3.3/psoc creator/import/gnu/arm/4.9.3/bin/../lib/gcc/arm-none-eabi/4.9.3/armv7-m\libgcc.a
LOAD c:/program files (x86)/cypress/psoc creator/3.3/psoc creator/import/gnu/arm/4.9.3/bin/../lib/gcc/arm-none-eabi/4.9.3/../../../../arm-none-eabi/lib/armv7-m\libg_nano.a
LOAD c:/program files (x86)/cypress/psoc creator/3.3/psoc creator/import/gnu/arm/4.9.3/bin/../lib/gcc/arm-none-eabi/4.9.3/../../../../arm-none-eabi/lib/armv7-m\libc_nano.a
END GROUP
START GROUP
LOAD c:/program files (x86)/cypress/psoc creator/3.3/psoc creator/import/gnu/arm/4.9.3/bin/../lib/gcc/arm-none-eabi/4.9.3/armv7-m\libgcc.a
LOAD c:/program files (x86)/cypress/psoc creator/3.3/psoc creator/import/gnu/arm/4.9.3/bin/../lib/gcc/arm-none-eabi/4.9.3/../../../../arm-none-eabi/lib/armv7-m\libc_nano.a
END GROUP
LOAD c:/program files (x86)/cypress/psoc creator/3.3/psoc creator/import/gnu/arm/4.9.3/bin/../lib/gcc/arm-none-eabi/4.9.3/armv7-m/crtend.o
LOAD c:/program files (x86)/cypress/psoc creator/3.3/psoc creator/import/gnu/arm/4.9.3/bin/../lib/gcc/arm-none-eabi/4.9.3/armv7-m/crtn.o
START GROUP
LOAD c:/program files (x86)/cypress/psoc creator/3.3/psoc creator/import/gnu/arm/4.9.3/bin/../lib/gcc/arm-none-eabi/4.9.3/armv7-m\libgcc.a
LOAD c:/program files (x86)/cypress/psoc creator/3.3/psoc creator/import/gnu/arm/4.9.3/bin/../lib/gcc/arm-none-eabi/4.9.3/../../../../arm-none-eabi/lib/armv7-m\libc.a
LOAD c:/program files (x86)/cypress/psoc creator/3.3/psoc creator/import/gnu/arm/4.9.3/bin/../lib/gcc/arm-none-eabi/4.9.3/../../../../arm-none-eabi/lib/armv7-m\libnosys.a
END GROUP
                0x00000000                CY_APPL_ORIGIN = 0x0
                0x00000100                CY_FLASH_ROW_SIZE = 0x100
                0x00000020                CY_ECC_ROW_SIZE = 0x20
                0x00000000                CY_EE_IN_BTLDR = 0x0
                0x00000000                CY_APPL_LOADABLE = 0x0
                0x00000800                CY_EE_SIZE = 0x800
                0x00000001                CY_APPL_NUM = 0x1
                0x00000001                CY_APPL_MAX = 0x1
                0x00000040                CY_METADATA_SIZE = 0x40
                0x00000000                CY_APPL_LOADABLE = 0x0
                0x00000000                CY_CHECKSUM_EXCLUDE_SIZE = ALIGN (0x0, CY_FLASH_ROW_SIZE)
                0x1fff8618                PROVIDE (__cy_heap_start, _end)
                0x00000001                PROVIDE (__cy_region_num, ((__cy_regions_end - __cy_regions) / 0x10))
                0x20008000                PROVIDE (__cy_stack, (ORIGIN (ram) + 0x10000))
                0x20007800                PROVIDE (__cy_heap_end, (__cy_stack - 0x800))

.cybootloader   0x00000000        0x0
 *(.cybootloader)
                0x00000000                appl1_start = CY_APPL_ORIGIN?CY_APPL_ORIGIN:ALIGN (CY_FLASH_ROW_SIZE)
                0x0001ff00                appl2_start = (appl1_start + ALIGN ((((0x40000 - appl1_start) - (0x2 * CY_FLASH_ROW_SIZE)) / 0x2), CY_FLASH_ROW_SIZE))
                0x00000000                appl_start = (CY_APPL_NUM == 0x1)?appl1_start:appl2_start
                0x00000000                ecc_offset = ((appl_start / CY_FLASH_ROW_SIZE) * CY_ECC_ROW_SIZE)
                0x00000000                ee_offset = (CY_APPL_LOADABLE && ! (CY_EE_IN_BTLDR))?((CY_EE_SIZE / CY_APPL_MAX) * (CY_APPL_NUM - 0x1)):0x0
                0x00000800                ee_size = (CY_APPL_LOADABLE && ! (CY_EE_IN_BTLDR))?(CY_EE_SIZE / CY_APPL_MAX):CY_EE_SIZE
                0x00000000                PROVIDE (CY_ECC_OFFSET, ecc_offset)

.text           0x00000000     0x100a
 CREATE_OBJECT_SYMBOLS
                0x00000000                PROVIDE (__cy_interrupt_vector, RomVectors)
 *(.romvectors)
 .romvectors    0x00000000       0x10 .\CortexM3\ARM_GCC_493\Debug\Cm3Start.o
                0x00000000                RomVectors
                0x00000001                ASSERT ((. != __cy_interrupt_vector), No interrupt vector)
                0x00000001                ASSERT (CY_APPL_ORIGIN?(SIZEOF (.cybootloader) <= CY_APPL_ORIGIN):0x1, Wrong image location)
                0x00000010                PROVIDE (__cy_reset, Reset)
 *(.text.Reset)
 .text.Reset    0x00000010       0x18 .\CortexM3\ARM_GCC_493\Debug\Cm3Start.o
                0x00000010                Reset
                0x00000001                ASSERT ((. != __cy_reset), No reset code)
 *(.dma_init)
                0x00000001                ASSERT ((((appl_start + .) <= 0x10000) || 0x1), DMA Init must be within the first 64k of flash)
 *(.text .text.* .gnu.linkonce.t.*)
 .text          0x00000028       0x5c c:/program files (x86)/cypress/psoc creator/3.3/psoc creator/import/gnu/arm/4.9.3/bin/../lib/gcc/arm-none-eabi/4.9.3/armv7-m/crtbegin.o
 .text.count    0x00000084       0x4c .\CortexM3\ARM_GCC_493\Debug\main.o
                0x00000084                count
 .text.mode_pressed
                0x000000d0       0x24 .\CortexM3\ARM_GCC_493\Debug\main.o
                0x000000d0                mode_pressed
 .text.up_pressed
                0x000000f4       0x68 .\CortexM3\ARM_GCC_493\Debug\main.o
                0x000000f4                up_pressed
 .text.down_pressed
                0x0000015c       0x44 .\CortexM3\ARM_GCC_493\Debug\main.o
                0x0000015c                down_pressed
 .text.poll     0x000001a0       0xa4 .\CortexM3\ARM_GCC_493\Debug\main.o
                0x000001a0                poll
 .text.sel      0x00000244       0x60 .\CortexM3\ARM_GCC_493\Debug\main.o
                0x00000244                sel
 .text.seg      0x000002a4       0x4c .\CortexM3\ARM_GCC_493\Debug\main.o
                0x000002a4                seg
 .text.delay    0x000002f0       0x28 .\CortexM3\ARM_GCC_493\Debug\main.o
                0x000002f0                delay
 .text.main     0x00000318      0x190 .\CortexM3\ARM_GCC_493\Debug\main.o
                0x00000318                main
 .text.IntDefaultHandler
                0x000004a8        0x4 .\CortexM3\ARM_GCC_493\Debug\Cm3Start.o
                0x000004a8                IntDefaultHandler
 .text.Start_c  0x000004ac       0x4c .\CortexM3\ARM_GCC_493\Debug\Cm3Start.o
                0x000004ac                Start_c
 .text.initialize_psoc
                0x000004f8       0x78 .\CortexM3\ARM_GCC_493\Debug\Cm3Start.o
                0x000004f8                initialize_psoc
 .text.CyClockStartupError
                0x00000570        0x4 .\CortexM3\ARM_GCC_493\Debug\boost.soft.a(cyfitter_cfg.o)
 .text.cfg_write_bytes32
                0x00000574       0x34 .\CortexM3\ARM_GCC_493\Debug\boost.soft.a(cyfitter_cfg.o)
 .text.CYMEMZERO
                0x000005a8        0xc .\CortexM3\ARM_GCC_493\Debug\boost.soft.a(cyfitter_cfg.o)
 .text.ClockSetup
                0x000005b4       0xd4 .\CortexM3\ARM_GCC_493\Debug\boost.soft.a(cyfitter_cfg.o)
 .text.AnalogSetDefault
                0x00000688       0x90 .\CortexM3\ARM_GCC_493\Debug\boost.soft.a(cyfitter_cfg.o)
 .text.CYCONFIGCPY
                0x00000718        0x8 .\CortexM3\ARM_GCC_493\Debug\boost.soft.a(cyfitter_cfg.o)
 .text.cyfitter_cfg
                0x00000720      0x11c .\CortexM3\ARM_GCC_493\Debug\boost.soft.a(cyfitter_cfg.o)
                0x00000720                cyfitter_cfg
 .text.PWM_Enable
                0x0000083c       0x10 .\CortexM3\ARM_GCC_493\Debug\boost.soft.a(PWM.o)
                0x0000083c                PWM_Enable
 .text.PWM_WriteCounter
                0x0000084c        0xc .\CortexM3\ARM_GCC_493\Debug\boost.soft.a(PWM.o)
                0x0000084c                PWM_WriteCounter
 .text.PWM_WritePeriod
                0x00000858        0xc .\CortexM3\ARM_GCC_493\Debug\boost.soft.a(PWM.o)
                0x00000858                PWM_WritePeriod
 .text.PWM_WriteCompare
                0x00000864        0xc .\CortexM3\ARM_GCC_493\Debug\boost.soft.a(PWM.o)
                0x00000864                PWM_WriteCompare
 .text.PWM_Init
                0x00000870       0x34 .\CortexM3\ARM_GCC_493\Debug\boost.soft.a(PWM.o)
                0x00000870                PWM_Init
 .text.PWM_Start
                0x000008a4       0x1c .\CortexM3\ARM_GCC_493\Debug\boost.soft.a(PWM.o)
                0x000008a4                PWM_Start
 .text.ADC_CalcGain
                0x000008c0       0x64 .\CortexM3\ARM_GCC_493\Debug\boost.soft.a(ADC.o)
 .text.ADC_Enable
                0x00000924       0x94 .\CortexM3\ARM_GCC_493\Debug\boost.soft.a(ADC.o)
                0x00000924                ADC_Enable
 .text.ADC_SetResolution
                0x000009b8       0x38 .\CortexM3\ARM_GCC_493\Debug\boost.soft.a(ADC.o)
                0x000009b8                ADC_SetResolution
 .text.ADC_Init
                0x000009f0       0x3c .\CortexM3\ARM_GCC_493\Debug\boost.soft.a(ADC.o)
                0x000009f0                ADC_Init
 .text.ADC_Start
                0x00000a2c       0x1c .\CortexM3\ARM_GCC_493\Debug\boost.soft.a(ADC.o)
                0x00000a2c                ADC_Start
 .text.ADC_ISR  0x00000a48        0x4 .\CortexM3\ARM_GCC_493\Debug\boost.soft.a(ADC_INT.o)
                0x00000a48                ADC_ISR
 .text.DMA1_DmaInitialize
                0x00000a4c       0x3c .\CortexM3\ARM_GCC_493\Debug\boost.soft.a(DMA1_dma.o)
                0x00000a4c                DMA1_DmaInitialize
 .text.DMA2_DmaInitialize
                0x00000a88       0x3c .\CortexM3\ARM_GCC_493\Debug\boost.soft.a(DMA2_dma.o)
                0x00000a88                DMA2_DmaInitialize
 .text.ADC_theACLK_SetModeRegister
                0x00000ac4       0x14 .\CortexM3\ARM_GCC_493\Debug\boost.soft.a(ADC_theACLK.o)
                0x00000ac4                ADC_theACLK_SetModeRegister
 .text          0x00000ad8       0x20 .\CortexM3\ARM_GCC_493\Debug\boost.soft.a(CyBootAsmGnu.o)
                0x00000ad8                CyDelayCycles
                0x00000ae8                CyEnterCriticalSection
                0x00000af0                CyExitCriticalSection
 .text.CyDmacConfigure
                0x00000af8       0x34 .\CortexM3\ARM_GCC_493\Debug\boost.soft.a(CyDmac.o)
                0x00000af8                CyDmacConfigure
 .text.CyDmaChEnable
                0x00000b2c       0x38 .\CortexM3\ARM_GCC_493\Debug\boost.soft.a(CyDmac.o)
                0x00000b2c                CyDmaChEnable
 .text.CyDmaClearPendingDrq
                0x00000b64       0x28 .\CortexM3\ARM_GCC_493\Debug\boost.soft.a(CyDmac.o)
                0x00000b64                CyDmaClearPendingDrq
 .text.CyDmaChPriority
                0x00000b8c       0x24 .\CortexM3\ARM_GCC_493\Debug\boost.soft.a(CyDmac.o)
                0x00000b8c                CyDmaChPriority
 .text.CyDmaChSetExtendedAddress
                0x00000bb0       0x34 .\CortexM3\ARM_GCC_493\Debug\boost.soft.a(CyDmac.o)
                0x00000bb0                CyDmaChSetExtendedAddress
 .text.CyDmaChSetInitialTd
                0x00000be4       0x18 .\CortexM3\ARM_GCC_493\Debug\boost.soft.a(CyDmac.o)
                0x00000be4                CyDmaChSetInitialTd
 .text.CyDmaChSetConfiguration
                0x00000bfc       0x48 .\CortexM3\ARM_GCC_493\Debug\boost.soft.a(CyDmac.o)
                0x00000bfc                CyDmaChSetConfiguration
 .text.CyDmaTdAllocate
                0x00000c44       0x34 .\CortexM3\ARM_GCC_493\Debug\boost.soft.a(CyDmac.o)
                0x00000c44                CyDmaTdAllocate
 .text.CyDmaTdSetConfiguration
                0x00000c78       0x28 .\CortexM3\ARM_GCC_493\Debug\boost.soft.a(CyDmac.o)
                0x00000c78                CyDmaTdSetConfiguration
 .text.CyDmaTdSetAddress
                0x00000ca0       0x1c .\CortexM3\ARM_GCC_493\Debug\boost.soft.a(CyDmac.o)
                0x00000ca0                CyDmaTdSetAddress
 .text.CyHalt   0x00000cbc        0x4 .\CortexM3\ARM_GCC_493\Debug\boost.soft.a(CyLib.o)
                0x00000cbc                CyHalt
 .text.CyDelayUs
                0x00000cc0       0x14 .\CortexM3\ARM_GCC_493\Debug\boost.soft.a(CyLib.o)
                0x00000cc0                CyDelayUs
 .text.CyIntSetVector
                0x00000cd4       0x28 .\CortexM3\ARM_GCC_493\Debug\boost.soft.a(CyLib.o)
                0x00000cd4                CyIntSetVector
 .text.CyIntSetPriority
                0x00000cfc       0x30 .\CortexM3\ARM_GCC_493\Debug\boost.soft.a(CyLib.o)
                0x00000cfc                CyIntSetPriority
 .text.DAC_Enable
                0x00000d2c       0x1c .\CortexM3\ARM_GCC_493\Debug\boost.soft.a(DAC.o)
                0x00000d2c                DAC_Enable
 .text.DAC_SetSpeed
                0x00000d48       0x1c .\CortexM3\ARM_GCC_493\Debug\boost.soft.a(DAC.o)
                0x00000d48                DAC_SetSpeed
 .text.DAC_SetValue
                0x00000d64        0xc .\CortexM3\ARM_GCC_493\Debug\boost.soft.a(DAC.o)
                0x00000d64                DAC_SetValue
 .text.DAC_DacTrim
                0x00000d70       0x24 .\CortexM3\ARM_GCC_493\Debug\boost.soft.a(DAC.o)
                0x00000d70                DAC_DacTrim
 .text.DAC_SetRange
                0x00000d94       0x20 .\CortexM3\ARM_GCC_493\Debug\boost.soft.a(DAC.o)
                0x00000d94                DAC_SetRange
 .text.DAC_Init
                0x00000db4       0x20 .\CortexM3\ARM_GCC_493\Debug\boost.soft.a(DAC.o)
                0x00000db4                DAC_Init
 .text.DAC_Start
                0x00000dd4       0x24 .\CortexM3\ARM_GCC_493\Debug\boost.soft.a(DAC.o)
                0x00000dd4                DAC_Start
 .text.grid1_Write
                0x00000df8       0x18 .\CortexM3\ARM_GCC_493\Debug\boost.soft.a(grid1.o)
                0x00000df8                grid1_Write
 .text.grid2_Write
                0x00000e10       0x18 .\CortexM3\ARM_GCC_493\Debug\boost.soft.a(grid2.o)
                0x00000e10                grid2_Write
 .text.grid3_Write
                0x00000e28       0x18 .\CortexM3\ARM_GCC_493\Debug\boost.soft.a(grid3.o)
                0x00000e28                grid3_Write
 .text.grid4_Write
                0x00000e40       0x18 .\CortexM3\ARM_GCC_493\Debug\boost.soft.a(grid4.o)
                0x00000e40                grid4_Write
 .text.mode_Read
                0x00000e58       0x10 .\CortexM3\ARM_GCC_493\Debug\boost.soft.a(mode.o)
                0x00000e58                mode_Read
 .text.down_Read
                0x00000e68       0x10 .\CortexM3\ARM_GCC_493\Debug\boost.soft.a(down.o)
                0x00000e68                down_Read
 .text.up_Read  0x00000e78       0x10 .\CortexM3\ARM_GCC_493\Debug\boost.soft.a(up.o)
                0x00000e78                up_Read
 .text.seg4_Write
                0x00000e88       0x18 .\CortexM3\ARM_GCC_493\Debug\boost.soft.a(seg4.o)
                0x00000e88                seg4_Write
 .text.seg5_Write
                0x00000ea0       0x18 .\CortexM3\ARM_GCC_493\Debug\boost.soft.a(seg5.o)
                0x00000ea0                seg5_Write
 .text.isr_SetVector
                0x00000eb8        0xc .\CortexM3\ARM_GCC_493\Debug\boost.soft.a(isr.o)
                0x00000eb8                isr_SetVector
 .text.isr_SetPriority
                0x00000ec4       0x10 .\CortexM3\ARM_GCC_493\Debug\boost.soft.a(isr.o)
                0x00000ec4                isr_SetPriority
 .text.isr_Enable
                0x00000ed4        0xc .\CortexM3\ARM_GCC_493\Debug\boost.soft.a(isr.o)
                0x00000ed4                isr_Enable
 .text.isr_Disable
                0x00000ee0        0xc .\CortexM3\ARM_GCC_493\Debug\boost.soft.a(isr.o)
                0x00000ee0                isr_Disable
 .text.isr_StartEx
                0x00000eec       0x1c .\CortexM3\ARM_GCC_493\Debug\boost.soft.a(isr.o)
                0x00000eec                isr_StartEx
 .text.seg2_Write
                0x00000f08       0x18 .\CortexM3\ARM_GCC_493\Debug\boost.soft.a(seg2.o)
                0x00000f08                seg2_Write
 .text.seg0_Write
                0x00000f20       0x18 .\CortexM3\ARM_GCC_493\Debug\boost.soft.a(seg0.o)
                0x00000f20                seg0_Write
 .text.seg6_Write
                0x00000f38       0x18 .\CortexM3\ARM_GCC_493\Debug\boost.soft.a(seg6.o)
                0x00000f38                seg6_Write
 .text.seg1_Write
                0x00000f50       0x18 .\CortexM3\ARM_GCC_493\Debug\boost.soft.a(seg1.o)
                0x00000f50                seg1_Write
 .text.seg3_Write
                0x00000f68       0x18 .\CortexM3\ARM_GCC_493\Debug\boost.soft.a(seg3.o)
                0x00000f68                seg3_Write
 .text.seg7_Write
                0x00000f80       0x18 .\CortexM3\ARM_GCC_493\Debug\boost.soft.a(seg7.o)
                0x00000f80                seg7_Write
 .text.__libc_init_array
                0x00000f98       0x4c c:/program files (x86)/cypress/psoc creator/3.3/psoc creator/import/gnu/arm/4.9.3/bin/../lib/gcc/arm-none-eabi/4.9.3/../../../../arm-none-eabi/lib/armv7-m\libg_nano.a(lib_a-init.o)
                0x00000f98                __libc_init_array
 .text.memcpy   0x00000fe4       0x16 c:/program files (x86)/cypress/psoc creator/3.3/psoc creator/import/gnu/arm/4.9.3/bin/../lib/gcc/arm-none-eabi/4.9.3/../../../../arm-none-eabi/lib/armv7-m\libg_nano.a(lib_a-memcpy.o)
                0x00000fe4                memcpy
 .text.memset   0x00000ffa       0x10 c:/program files (x86)/cypress/psoc creator/3.3/psoc creator/import/gnu/arm/4.9.3/bin/../lib/gcc/arm-none-eabi/4.9.3/../../../../arm-none-eabi/lib/armv7-m\libg_nano.a(lib_a-memset.o)
                0x00000ffa                memset
 *(.plt)
 *(.gnu.warning)
 *(.glue_7t)
 .glue_7t       0x00000000        0x0 linker stubs
 *(.glue_7)
 .glue_7        0x00000000        0x0 linker stubs
 *(.vfp11_veneer)
 .vfp11_veneer  0x00000000        0x0 linker stubs
 *(.bootloader)
 *(.ARM.extab* .gnu.linkonce.armextab.*)
 *(.gcc_except_table)

.v4_bx          0x0000100c        0x0
 .v4_bx         0x00000000        0x0 linker stubs

.iplt           0x0000100c        0x0
 .iplt          0x00000000        0x0 c:/program files (x86)/cypress/psoc creator/3.3/psoc creator/import/gnu/arm/4.9.3/bin/../lib/gcc/arm-none-eabi/4.9.3/armv7-m/crtbegin.o

.eh_frame_hdr
 *(.eh_frame_hdr)

.eh_frame       0x0000100c        0x4
 *(.eh_frame)
 .eh_frame      0x0000100c        0x0 c:/program files (x86)/cypress/psoc creator/3.3/psoc creator/import/gnu/arm/4.9.3/bin/../lib/gcc/arm-none-eabi/4.9.3/armv7-m/crtbegin.o
 .eh_frame      0x0000100c        0x4 c:/program files (x86)/cypress/psoc creator/3.3/psoc creator/import/gnu/arm/4.9.3/bin/../lib/gcc/arm-none-eabi/4.9.3/armv7-m/crtend.o
                0x00001010                PROVIDE (__exidx_start, .)

.ARM.exidx
 *(.ARM.exidx* .gnu.linkonce.armexidx.*)
                0x00001010                __exidx_end = .

.rodata         0x00001010       0x70
 *(.rodata .rodata.* .gnu.linkonce.r.*)
 .rodata        0x00001010        0xc .\CortexM3\ARM_GCC_493\Debug\main.o
 .rodata        0x0000101c       0x2c .\CortexM3\ARM_GCC_493\Debug\boost.soft.a(cyfitter_cfg.o)
                0x00001048                . = ALIGN (0x4)
 *(.init)
 .init          0x00001048        0x4 c:/program files (x86)/cypress/psoc creator/3.3/psoc creator/import/gnu/arm/4.9.3/bin/../lib/gcc/arm-none-eabi/4.9.3/armv7-m/crti.o
                0x00001048                _init
 .init          0x0000104c        0x8 c:/program files (x86)/cypress/psoc creator/3.3/psoc creator/import/gnu/arm/4.9.3/bin/../lib/gcc/arm-none-eabi/4.9.3/armv7-m/crtn.o
                0x00001054                . = ALIGN (0x4)
                0x00001054                __preinit_array_start = .
 *(.preinit_array)
                0x00001054                __preinit_array_end = .
                0x00001054                . = ALIGN (0x4)
                0x00001054                __init_array_start = .
 *(SORT(.init_array.*))
 *(.init_array)
 .init_array    0x00001054        0x4 c:/program files (x86)/cypress/psoc creator/3.3/psoc creator/import/gnu/arm/4.9.3/bin/../lib/gcc/arm-none-eabi/4.9.3/armv7-m/crtbegin.o
 .init_array    0x00001058        0x4 .\CortexM3\ARM_GCC_493\Debug\Cm3Start.o
                0x0000105c                __init_array_end = .
                0x0000105c                . = ALIGN (0x4)
 *(.fini)
 .fini          0x0000105c        0x4 c:/program files (x86)/cypress/psoc creator/3.3/psoc creator/import/gnu/arm/4.9.3/bin/../lib/gcc/arm-none-eabi/4.9.3/armv7-m/crti.o
                0x0000105c                _fini
 .fini          0x00001060        0x8 c:/program files (x86)/cypress/psoc creator/3.3/psoc creator/import/gnu/arm/4.9.3/bin/../lib/gcc/arm-none-eabi/4.9.3/armv7-m/crtn.o
                0x00001068                . = ALIGN (0x4)
                0x00001068                __fini_array_start = .
 *(.fini_array)
 .fini_array    0x00001068        0x4 c:/program files (x86)/cypress/psoc creator/3.3/psoc creator/import/gnu/arm/4.9.3/bin/../lib/gcc/arm-none-eabi/4.9.3/armv7-m/crtbegin.o
 *(SORT(.fini_array.*))
                0x0000106c                __fini_array_end = .
                0x0000106c                . = ALIGN (0x4)
 *crtbegin.o(.ctors)
 *(EXCLUDE_FILE(*crtend.o) .ctors)
 *(SORT(.ctors.*))
 *crtend.o(.ctors)
                0x0000106c                . = ALIGN (0x4)
 *crtbegin.o(.dtors)
 *(EXCLUDE_FILE(*crtend.o) .dtors)
 *(SORT(.dtors.*))
 *crtend.o(.dtors)
                0x0000106c                . = ALIGN (0x4)
                0x0000106c                __cy_regions = .
                0x0000106c        0x4 LONG 0x1080 __cy_region_init_ram
                0x00001070        0x4 LONG 0x1fff8108 __cy_region_start_data
                0x00001074        0x4 LONG 0x20 __cy_region_init_size_ram
                0x00001078        0x4 LONG 0x4f0 __cy_region_zero_size_ram
                0x0000107c                __cy_regions_end = .
                0x00001080                . = ALIGN (0x8)
 *fill*         0x0000107c        0x4 
                0x00001080                _etext = .

.cy_checksum_exclude
                0x00001080        0x0
 *(.cy_checksum_exclude)

.ramvectors     0x1fff8000      0x100
                0x1fff8000                __cy_region_start_ram = .
 *(.ramvectors)
 .ramvectors    0x1fff8000      0x100 .\CortexM3\ARM_GCC_493\Debug\Cm3Start.o
                0x1fff8000                CyRamVectors

.noinit         0x1fff8100        0x5
 *(.noinit)
 .noinit        0x1fff8100        0x4 .\CortexM3\ARM_GCC_493\Debug\Cm3Start.o
 .noinit        0x1fff8104        0x1 .\CortexM3\ARM_GCC_493\Debug\boost.soft.a(CyLib.o)
                0x1fff8104                CyResetStatus

.data           0x1fff8108       0x20 load address 0x00001080
                0x1fff8108                __cy_region_start_data = .
 *(.jcr)
 .jcr           0x1fff8108        0x0 c:/program files (x86)/cypress/psoc creator/3.3/psoc creator/import/gnu/arm/4.9.3/bin/../lib/gcc/arm-none-eabi/4.9.3/armv7-m/crtbegin.o
 .jcr           0x1fff8108        0x4 c:/program files (x86)/cypress/psoc creator/3.3/psoc creator/import/gnu/arm/4.9.3/bin/../lib/gcc/arm-none-eabi/4.9.3/armv7-m/crtend.o
 *(.got.plt)
 *(.got)
 *(.shdata)
 *(.data .data.* .gnu.linkonce.d.*)
 .data          0x1fff810c        0x1 .\CortexM3\ARM_GCC_493\Debug\boost.soft.a(DMA1_dma.o)
                0x1fff810c                DMA1_DmaHandle
 .data          0x1fff810d        0x1 .\CortexM3\ARM_GCC_493\Debug\boost.soft.a(DMA2_dma.o)
                0x1fff810d                DMA2_DmaHandle
 *fill*         0x1fff810e        0x2 
 .data          0x1fff8110        0x8 .\CortexM3\ARM_GCC_493\Debug\boost.soft.a(CyDmac.o)
 .data          0x1fff8118       0x10 .\CortexM3\ARM_GCC_493\Debug\boost.soft.a(CyLib.o)
                0x1fff8118                cydelay_32k_ms
                0x1fff811c                cydelay_freq_khz
                0x1fff8120                cydelay_freq_mhz
                0x1fff8124                cydelay_freq_hz
                0x1fff8128                . = ALIGN (0x8)
 *(.ram)
                0x1fff8128                _edata = .

.igot.plt       0x1fff8128        0x0 load address 0x000010a0
 .igot.plt      0x00000000        0x0 c:/program files (x86)/cypress/psoc creator/3.3/psoc creator/import/gnu/arm/4.9.3/bin/../lib/gcc/arm-none-eabi/4.9.3/armv7-m/crtbegin.o

.bss            0x1fff8200      0x418 load address 0x000010a0
                0x1fff8200                PROVIDE (__bss_start__, .)
 *(.shbss)
 *(.bss .bss.* .gnu.linkonce.b.*)
 .bss           0x1fff8200       0x1c c:/program files (x86)/cypress/psoc creator/3.3/psoc creator/import/gnu/arm/4.9.3/bin/../lib/gcc/arm-none-eabi/4.9.3/armv7-m/crtbegin.o
 *fill*         0x1fff821c       0xe4 
 .bss           0x1fff8300      0x300 .\CortexM3\ARM_GCC_493\Debug\main.o
 .bss           0x1fff8600        0x1 .\CortexM3\ARM_GCC_493\Debug\boost.soft.a(PWM.o)
                0x1fff8600                PWM_initVar
 .bss           0x1fff8601        0x1 .\CortexM3\ARM_GCC_493\Debug\boost.soft.a(ADC.o)
                0x1fff8601                ADC_initVar
 .bss           0x1fff8602        0x1 .\CortexM3\ARM_GCC_493\Debug\boost.soft.a(DAC.o)
                0x1fff8602                DAC_initVar
 *(COMMON)
 COMMON         0x1fff8603        0x3 .\CortexM3\ARM_GCC_493\Debug\main.o
                0x1fff8603                s
                0x1fff8604                h
                0x1fff8605                m
 *fill*         0x1fff8606        0x2 
 COMMON         0x1fff8608        0xa .\CortexM3\ARM_GCC_493\Debug\boost.soft.a(ADC.o)
                0x1fff8608                ADC_countsPer10Volt
                0x1fff860c                ADC_shift
                0x1fff860e                ADC_countsPerVolt
                0x1fff8610                ADC_offset
                0x1fff8618                . = ALIGN (0x8)
 *fill*         0x1fff8612        0x6 
 *(.ram.b)
                0x1fff8618                _end = .
                0x1fff8618                __end = .
                0x1fff8618                PROVIDE (end, .)
                0x1fff8618                PROVIDE (__bss_end__, .)
                0x00001080                __cy_region_init_ram = LOADADDR (.data)
                0x00000020                __cy_region_init_size_ram = (_edata - ADDR (.data))
                0x000004f0                __cy_region_zero_size_ram = (_end - _edata)

.heap           0x1fff8618       0x80 load address 0x000010a0
                0x1fff8618                . = _end
                0x1fff8698                . = (. + 0x80)
 *fill*         0x1fff8618       0x80 
                0x1fff8698                __cy_heap_limit = .

.stack          0x20007800      0x800
                0x20007800                __cy_stack_limit = .
                0x20008000                . = (. + 0x800)
 *fill*         0x20007800      0x800 
                0x00000001                ASSERT ((__cy_stack_limit >= __cy_heap_limit), region RAM overflowed with stack)
                0x00000000                cy_checksum_exclude_size = (CY_APPL_LOADABLE == 0x1)?SIZEOF (.cy_checksum_exclude):0x0
                0x00000001                ASSERT ((cy_checksum_exclude_size <= CY_CHECKSUM_EXCLUDE_SIZE), CY_BOOT: Section .cy_checksum_exclude size exceedes specified limit.)

.cyloadermeta
 *(.cyloadermeta)

.cyloadablemeta
 *(.cyloadablemeta)

.cyconfigecc    0x80000000      0x154
 *(.cyconfigecc)
 .cyconfigecc   0x80000000      0x154 .\CortexM3\ARM_GCC_493\Debug\cymetadata.o
                0x80000000                cy_meta_configecc

.cycustnvl      0x90000000        0x4
 *(.cycustnvl)
 .cycustnvl     0x90000000        0x4 .\CortexM3\ARM_GCC_493\Debug\cymetadata.o
                0x90000000                cy_meta_custnvl

.cywolatch      0x90100000        0x4
 *(.cywolatch)
 .cywolatch     0x90100000        0x4 .\CortexM3\ARM_GCC_493\Debug\cymetadata.o
                0x90100000                cy_meta_wonvl

.cyeeprom       0x90200000        0x0
 *(.cyeeprom)
                0x00000001                ASSERT ((. <= ((0x90200000 + ee_offset) + ee_size)), .cyeeprom data will not fit in EEPROM)

.cyflashprotect
                0x90400000      0x100
 *(.cyflashprotect)
 .cyflashprotect
                0x90400000      0x100 .\CortexM3\ARM_GCC_493\Debug\cymetadata.o
                0x90400000                cy_meta_flashprotect

.cymeta         0x90500000        0xc
 *(.cymeta)
 .cymeta        0x90500000        0xc .\CortexM3\ARM_GCC_493\Debug\cymetadata.o
                0x90500000                cy_metadata

.rel.dyn        0x000010a0        0x0 load address 0x9050000c
 .rel.iplt      0x00000000        0x0 c:/program files (x86)/cypress/psoc creator/3.3/psoc creator/import/gnu/arm/4.9.3/bin/../lib/gcc/arm-none-eabi/4.9.3/armv7-m/crtbegin.o

.stab
 *(.stab)

.stabstr
 *(.stabstr)

.debug
 *(.debug)

.line
 *(.line)

.debug_srcinfo
 *(.debug_srcinfo)

.debug_sfnames
 *(.debug_sfnames)

.debug_aranges  0x00000000      0xc60
 *(.debug_aranges)
 .debug_aranges
                0x00000000       0x60 .\CortexM3\ARM_GCC_493\Debug\main.o
 .debug_aranges
                0x00000060       0x18 .\CortexM3\ARM_GCC_493\Debug\cymetadata.o
 .debug_aranges
                0x00000078       0x48 .\CortexM3\ARM_GCC_493\Debug\Cm3Start.o
 .debug_aranges
                0x000000c0       0x58 .\CortexM3\ARM_GCC_493\Debug\boost.soft.a(cyfitter_cfg.o)
 .debug_aranges
                0x00000118       0x80 .\CortexM3\ARM_GCC_493\Debug\boost.soft.a(PWM.o)
 .debug_aranges
                0x00000198       0xa8 .\CortexM3\ARM_GCC_493\Debug\boost.soft.a(ADC.o)
 .debug_aranges
                0x00000240       0x20 .\CortexM3\ARM_GCC_493\Debug\boost.soft.a(ADC_INT.o)
 .debug_aranges
                0x00000260       0x28 .\CortexM3\ARM_GCC_493\Debug\boost.soft.a(DMA1_dma.o)
 .debug_aranges
                0x00000288       0x28 .\CortexM3\ARM_GCC_493\Debug\boost.soft.a(DMA2_dma.o)
 .debug_aranges
                0x000002b0       0x70 .\CortexM3\ARM_GCC_493\Debug\boost.soft.a(ADC_theACLK.o)
 .debug_aranges
                0x00000320       0x20 .\CortexM3\ARM_GCC_493\Debug\boost.soft.a(CyBootAsmGnu.o)
 .debug_aranges
                0x00000340       0xd8 .\CortexM3\ARM_GCC_493\Debug\boost.soft.a(CyDmac.o)
 .debug_aranges
                0x00000418      0x298 .\CortexM3\ARM_GCC_493\Debug\boost.soft.a(CyLib.o)
 .debug_aranges
                0x000006b0       0x98 .\CortexM3\ARM_GCC_493\Debug\boost.soft.a(cyPm.o)
 .debug_aranges
                0x00000748       0x58 .\CortexM3\ARM_GCC_493\Debug\boost.soft.a(DAC.o)
 .debug_aranges
                0x000007a0       0x38 .\CortexM3\ARM_GCC_493\Debug\boost.soft.a(grid1.o)
 .debug_aranges
                0x000007d8       0x38 .\CortexM3\ARM_GCC_493\Debug\boost.soft.a(grid2.o)
 .debug_aranges
                0x00000810       0x38 .\CortexM3\ARM_GCC_493\Debug\boost.soft.a(grid3.o)
 .debug_aranges
                0x00000848       0x38 .\CortexM3\ARM_GCC_493\Debug\boost.soft.a(grid4.o)
 .debug_aranges
                0x00000880       0x38 .\CortexM3\ARM_GCC_493\Debug\boost.soft.a(mode.o)
 .debug_aranges
                0x000008b8       0x38 .\CortexM3\ARM_GCC_493\Debug\boost.soft.a(down.o)
 .debug_aranges
                0x000008f0       0x38 .\CortexM3\ARM_GCC_493\Debug\boost.soft.a(up.o)
 .debug_aranges
                0x00000928       0x38 .\CortexM3\ARM_GCC_493\Debug\boost.soft.a(seg4.o)
 .debug_aranges
                0x00000960       0x38 .\CortexM3\ARM_GCC_493\Debug\boost.soft.a(seg5.o)
 .debug_aranges
                0x00000998       0x80 .\CortexM3\ARM_GCC_493\Debug\boost.soft.a(isr.o)
 .debug_aranges
                0x00000a18       0x38 .\CortexM3\ARM_GCC_493\Debug\boost.soft.a(seg2.o)
 .debug_aranges
                0x00000a50       0x38 .\CortexM3\ARM_GCC_493\Debug\boost.soft.a(seg0.o)
 .debug_aranges
                0x00000a88       0x38 .\CortexM3\ARM_GCC_493\Debug\boost.soft.a(seg6.o)
 .debug_aranges
                0x00000ac0       0x38 .\CortexM3\ARM_GCC_493\Debug\boost.soft.a(seg1.o)
 .debug_aranges
                0x00000af8       0x38 .\CortexM3\ARM_GCC_493\Debug\boost.soft.a(seg3.o)
 .debug_aranges
                0x00000b30       0x38 .\CortexM3\ARM_GCC_493\Debug\boost.soft.a(seg7.o)
 .debug_aranges
                0x00000b68       0x80 .\CortexM3\ARM_GCC_493\Debug\boost.soft.a(CyFlash.o)
 .debug_aranges
                0x00000be8       0x78 .\CortexM3\ARM_GCC_493\Debug\boost.soft.a(CySpc.o)

.debug_pubnames
 *(.debug_pubnames)

.debug_info     0x00000000     0x6be5
 *(.debug_info .gnu.linkonce.wi.*)
 .debug_info    0x00000000      0x9e0 .\CortexM3\ARM_GCC_493\Debug\main.o
 .debug_info    0x000009e0      0x13b .\CortexM3\ARM_GCC_493\Debug\cymetadata.o
 .debug_info    0x00000b1b      0x3af .\CortexM3\ARM_GCC_493\Debug\Cm3Start.o
 .debug_info    0x00000eca      0x595 .\CortexM3\ARM_GCC_493\Debug\boost.soft.a(cyfitter_cfg.o)
 .debug_info    0x0000145f      0x272 .\CortexM3\ARM_GCC_493\Debug\boost.soft.a(PWM.o)
 .debug_info    0x000016d1      0x5f8 .\CortexM3\ARM_GCC_493\Debug\boost.soft.a(ADC.o)
 .debug_info    0x00001cc9       0x92 .\CortexM3\ARM_GCC_493\Debug\boost.soft.a(ADC_INT.o)
 .debug_info    0x00001d5b      0x1fd .\CortexM3\ARM_GCC_493\Debug\boost.soft.a(DMA1_dma.o)
 .debug_info    0x00001f58      0x1fd .\CortexM3\ARM_GCC_493\Debug\boost.soft.a(DMA2_dma.o)
 .debug_info    0x00002155      0x283 .\CortexM3\ARM_GCC_493\Debug\boost.soft.a(ADC_theACLK.o)
 .debug_info    0x000023d8       0x94 .\CortexM3\ARM_GCC_493\Debug\boost.soft.a(CyBootAsmGnu.o)
 .debug_info    0x0000246c      0x944 .\CortexM3\ARM_GCC_493\Debug\boost.soft.a(CyDmac.o)
 .debug_info    0x00002db0     0x136f .\CortexM3\ARM_GCC_493\Debug\boost.soft.a(CyLib.o)
 .debug_info    0x0000411f      0xa57 .\CortexM3\ARM_GCC_493\Debug\boost.soft.a(cyPm.o)
 .debug_info    0x00004b76      0x1dd .\CortexM3\ARM_GCC_493\Debug\boost.soft.a(DAC.o)
 .debug_info    0x00004d53      0x11f .\CortexM3\ARM_GCC_493\Debug\boost.soft.a(grid1.o)
 .debug_info    0x00004e72      0x11f .\CortexM3\ARM_GCC_493\Debug\boost.soft.a(grid2.o)
 .debug_info    0x00004f91      0x121 .\CortexM3\ARM_GCC_493\Debug\boost.soft.a(grid3.o)
 .debug_info    0x000050b2      0x11f .\CortexM3\ARM_GCC_493\Debug\boost.soft.a(grid4.o)
 .debug_info    0x000051d1      0x11f .\CortexM3\ARM_GCC_493\Debug\boost.soft.a(mode.o)
 .debug_info    0x000052f0      0x11f .\CortexM3\ARM_GCC_493\Debug\boost.soft.a(down.o)
 .debug_info    0x0000540f      0x11f .\CortexM3\ARM_GCC_493\Debug\boost.soft.a(up.o)
 .debug_info    0x0000552e      0x11f .\CortexM3\ARM_GCC_493\Debug\boost.soft.a(seg4.o)
 .debug_info    0x0000564d      0x11f .\CortexM3\ARM_GCC_493\Debug\boost.soft.a(seg5.o)
 .debug_info    0x0000576c      0x2cb .\CortexM3\ARM_GCC_493\Debug\boost.soft.a(isr.o)
 .debug_info    0x00005a37      0x121 .\CortexM3\ARM_GCC_493\Debug\boost.soft.a(seg2.o)
 .debug_info    0x00005b58      0x11f .\CortexM3\ARM_GCC_493\Debug\boost.soft.a(seg0.o)
 .debug_info    0x00005c77      0x11f .\CortexM3\ARM_GCC_493\Debug\boost.soft.a(seg6.o)
 .debug_info    0x00005d96      0x11f .\CortexM3\ARM_GCC_493\Debug\boost.soft.a(seg1.o)
 .debug_info    0x00005eb5      0x11f .\CortexM3\ARM_GCC_493\Debug\boost.soft.a(seg3.o)
 .debug_info    0x00005fd4      0x11f .\CortexM3\ARM_GCC_493\Debug\boost.soft.a(seg7.o)
 .debug_info    0x000060f3      0x608 .\CortexM3\ARM_GCC_493\Debug\boost.soft.a(CyFlash.o)
 .debug_info    0x000066fb      0x4ea .\CortexM3\ARM_GCC_493\Debug\boost.soft.a(CySpc.o)

.debug_abbrev   0x00000000     0x2219
 *(.debug_abbrev)
 .debug_abbrev  0x00000000      0x25c .\CortexM3\ARM_GCC_493\Debug\main.o
 .debug_abbrev  0x0000025c       0x66 .\CortexM3\ARM_GCC_493\Debug\cymetadata.o
 .debug_abbrev  0x000002c2      0x200 .\CortexM3\ARM_GCC_493\Debug\Cm3Start.o
 .debug_abbrev  0x000004c2      0x203 .\CortexM3\ARM_GCC_493\Debug\boost.soft.a(cyfitter_cfg.o)
 .debug_abbrev  0x000006c5      0x12d .\CortexM3\ARM_GCC_493\Debug\boost.soft.a(PWM.o)
 .debug_abbrev  0x000007f2      0x1eb .\CortexM3\ARM_GCC_493\Debug\boost.soft.a(ADC.o)
 .debug_abbrev  0x000009dd       0x42 .\CortexM3\ARM_GCC_493\Debug\boost.soft.a(ADC_INT.o)
 .debug_abbrev  0x00000a1f       0xeb .\CortexM3\ARM_GCC_493\Debug\boost.soft.a(DMA1_dma.o)
 .debug_abbrev  0x00000b0a       0xeb .\CortexM3\ARM_GCC_493\Debug\boost.soft.a(DMA2_dma.o)
 .debug_abbrev  0x00000bf5      0x139 .\CortexM3\ARM_GCC_493\Debug\boost.soft.a(ADC_theACLK.o)
 .debug_abbrev  0x00000d2e       0x14 .\CortexM3\ARM_GCC_493\Debug\boost.soft.a(CyBootAsmGnu.o)
 .debug_abbrev  0x00000d42      0x1cc .\CortexM3\ARM_GCC_493\Debug\boost.soft.a(CyDmac.o)
 .debug_abbrev  0x00000f0e      0x296 .\CortexM3\ARM_GCC_493\Debug\boost.soft.a(CyLib.o)
 .debug_abbrev  0x000011a4      0x1ed .\CortexM3\ARM_GCC_493\Debug\boost.soft.a(cyPm.o)
 .debug_abbrev  0x00001391       0xf7 .\CortexM3\ARM_GCC_493\Debug\boost.soft.a(DAC.o)
 .debug_abbrev  0x00001488       0x90 .\CortexM3\ARM_GCC_493\Debug\boost.soft.a(grid1.o)
 .debug_abbrev  0x00001518       0x90 .\CortexM3\ARM_GCC_493\Debug\boost.soft.a(grid2.o)
 .debug_abbrev  0x000015a8       0x90 .\CortexM3\ARM_GCC_493\Debug\boost.soft.a(grid3.o)
 .debug_abbrev  0x00001638       0x90 .\CortexM3\ARM_GCC_493\Debug\boost.soft.a(grid4.o)
 .debug_abbrev  0x000016c8       0x90 .\CortexM3\ARM_GCC_493\Debug\boost.soft.a(mode.o)
 .debug_abbrev  0x00001758       0x90 .\CortexM3\ARM_GCC_493\Debug\boost.soft.a(down.o)
 .debug_abbrev  0x000017e8       0x90 .\CortexM3\ARM_GCC_493\Debug\boost.soft.a(up.o)
 .debug_abbrev  0x00001878       0x90 .\CortexM3\ARM_GCC_493\Debug\boost.soft.a(seg4.o)
 .debug_abbrev  0x00001908       0x90 .\CortexM3\ARM_GCC_493\Debug\boost.soft.a(seg5.o)
 .debug_abbrev  0x00001998      0x173 .\CortexM3\ARM_GCC_493\Debug\boost.soft.a(isr.o)
 .debug_abbrev  0x00001b0b       0x90 .\CortexM3\ARM_GCC_493\Debug\boost.soft.a(seg2.o)
 .debug_abbrev  0x00001b9b       0x90 .\CortexM3\ARM_GCC_493\Debug\boost.soft.a(seg0.o)
 .debug_abbrev  0x00001c2b       0x90 .\CortexM3\ARM_GCC_493\Debug\boost.soft.a(seg6.o)
 .debug_abbrev  0x00001cbb       0x90 .\CortexM3\ARM_GCC_493\Debug\boost.soft.a(seg1.o)
 .debug_abbrev  0x00001d4b       0x90 .\CortexM3\ARM_GCC_493\Debug\boost.soft.a(seg3.o)
 .debug_abbrev  0x00001ddb       0x90 .\CortexM3\ARM_GCC_493\Debug\boost.soft.a(seg7.o)
 .debug_abbrev  0x00001e6b      0x1ed .\CortexM3\ARM_GCC_493\Debug\boost.soft.a(CyFlash.o)
 .debug_abbrev  0x00002058      0x1c1 .\CortexM3\ARM_GCC_493\Debug\boost.soft.a(CySpc.o)

.debug_line     0x00000000     0x2c44
 *(.debug_line)
 .debug_line    0x00000000      0x38e .\CortexM3\ARM_GCC_493\Debug\main.o
 .debug_line    0x0000038e       0x53 .\CortexM3\ARM_GCC_493\Debug\cymetadata.o
 .debug_line    0x000003e1      0x254 .\CortexM3\ARM_GCC_493\Debug\Cm3Start.o
 .debug_line    0x00000635      0x1f6 .\CortexM3\ARM_GCC_493\Debug\boost.soft.a(cyfitter_cfg.o)
 .debug_line    0x0000082b      0x13a .\CortexM3\ARM_GCC_493\Debug\boost.soft.a(PWM.o)
 .debug_line    0x00000965      0x219 .\CortexM3\ARM_GCC_493\Debug\boost.soft.a(ADC.o)
 .debug_line    0x00000b7e       0x52 .\CortexM3\ARM_GCC_493\Debug\boost.soft.a(ADC_INT.o)
 .debug_line    0x00000bd0       0x9a .\CortexM3\ARM_GCC_493\Debug\boost.soft.a(DMA1_dma.o)
 .debug_line    0x00000c6a       0x9a .\CortexM3\ARM_GCC_493\Debug\boost.soft.a(DMA2_dma.o)
 .debug_line    0x00000d04      0x193 .\CortexM3\ARM_GCC_493\Debug\boost.soft.a(ADC_theACLK.o)
 .debug_line    0x00000e97       0x68 .\CortexM3\ARM_GCC_493\Debug\boost.soft.a(CyBootAsmGnu.o)
 .debug_line    0x00000eff      0x2e5 .\CortexM3\ARM_GCC_493\Debug\boost.soft.a(CyDmac.o)
 .debug_line    0x000011e4      0x806 .\CortexM3\ARM_GCC_493\Debug\boost.soft.a(CyLib.o)
 .debug_line    0x000019ea      0x366 .\CortexM3\ARM_GCC_493\Debug\boost.soft.a(cyPm.o)
 .debug_line    0x00001d50       0xe2 .\CortexM3\ARM_GCC_493\Debug\boost.soft.a(DAC.o)
 .debug_line    0x00001e32       0x94 .\CortexM3\ARM_GCC_493\Debug\boost.soft.a(grid1.o)
 .debug_line    0x00001ec6       0x94 .\CortexM3\ARM_GCC_493\Debug\boost.soft.a(grid2.o)
 .debug_line    0x00001f5a       0x94 .\CortexM3\ARM_GCC_493\Debug\boost.soft.a(grid3.o)
 .debug_line    0x00001fee       0x94 .\CortexM3\ARM_GCC_493\Debug\boost.soft.a(grid4.o)
 .debug_line    0x00002082       0x93 .\CortexM3\ARM_GCC_493\Debug\boost.soft.a(mode.o)
 .debug_line    0x00002115       0x93 .\CortexM3\ARM_GCC_493\Debug\boost.soft.a(down.o)
 .debug_line    0x000021a8       0x91 .\CortexM3\ARM_GCC_493\Debug\boost.soft.a(up.o)
 .debug_line    0x00002239       0x93 .\CortexM3\ARM_GCC_493\Debug\boost.soft.a(seg4.o)
 .debug_line    0x000022cc       0x93 .\CortexM3\ARM_GCC_493\Debug\boost.soft.a(seg5.o)
 .debug_line    0x0000235f      0x149 .\CortexM3\ARM_GCC_493\Debug\boost.soft.a(isr.o)
 .debug_line    0x000024a8       0x93 .\CortexM3\ARM_GCC_493\Debug\boost.soft.a(seg2.o)
 .debug_line    0x0000253b       0x93 .\CortexM3\ARM_GCC_493\Debug\boost.soft.a(seg0.o)
 .debug_line    0x000025ce       0x93 .\CortexM3\ARM_GCC_493\Debug\boost.soft.a(seg6.o)
 .debug_line    0x00002661       0x93 .\CortexM3\ARM_GCC_493\Debug\boost.soft.a(seg1.o)
 .debug_line    0x000026f4       0x93 .\CortexM3\ARM_GCC_493\Debug\boost.soft.a(seg3.o)
 .debug_line    0x00002787       0x93 .\CortexM3\ARM_GCC_493\Debug\boost.soft.a(seg7.o)
 .debug_line    0x0000281a      0x1ec .\CortexM3\ARM_GCC_493\Debug\boost.soft.a(CyFlash.o)
 .debug_line    0x00002a06      0x23e .\CortexM3\ARM_GCC_493\Debug\boost.soft.a(CySpc.o)

.debug_frame    0x00000000     0x1cd0
 *(.debug_frame)
 .debug_frame   0x00000000       0xf4 .\CortexM3\ARM_GCC_493\Debug\main.o
 .debug_frame   0x000000f4       0xac .\CortexM3\ARM_GCC_493\Debug\Cm3Start.o
 .debug_frame   0x000001a0       0xfc .\CortexM3\ARM_GCC_493\Debug\boost.soft.a(cyfitter_cfg.o)
 .debug_frame   0x0000029c       0xf8 .\CortexM3\ARM_GCC_493\Debug\boost.soft.a(PWM.o)
 .debug_frame   0x00000394      0x1a4 .\CortexM3\ARM_GCC_493\Debug\boost.soft.a(ADC.o)
 .debug_frame   0x00000538       0x20 .\CortexM3\ARM_GCC_493\Debug\boost.soft.a(ADC_INT.o)
 .debug_frame   0x00000558       0x54 .\CortexM3\ARM_GCC_493\Debug\boost.soft.a(DMA1_dma.o)
 .debug_frame   0x000005ac       0x54 .\CortexM3\ARM_GCC_493\Debug\boost.soft.a(DMA2_dma.o)
 .debug_frame   0x00000600       0xe0 .\CortexM3\ARM_GCC_493\Debug\boost.soft.a(ADC_theACLK.o)
 .debug_frame   0x000006e0      0x1f4 .\CortexM3\ARM_GCC_493\Debug\boost.soft.a(CyDmac.o)
 .debug_frame   0x000008d4      0x728 .\CortexM3\ARM_GCC_493\Debug\boost.soft.a(CyLib.o)
 .debug_frame   0x00000ffc      0x1f8 .\CortexM3\ARM_GCC_493\Debug\boost.soft.a(cyPm.o)
 .debug_frame   0x000011f4       0xb4 .\CortexM3\ARM_GCC_493\Debug\boost.soft.a(DAC.o)
 .debug_frame   0x000012a8       0x50 .\CortexM3\ARM_GCC_493\Debug\boost.soft.a(grid1.o)
 .debug_frame   0x000012f8       0x50 .\CortexM3\ARM_GCC_493\Debug\boost.soft.a(grid2.o)
 .debug_frame   0x00001348       0x50 .\CortexM3\ARM_GCC_493\Debug\boost.soft.a(grid3.o)
 .debug_frame   0x00001398       0x50 .\CortexM3\ARM_GCC_493\Debug\boost.soft.a(grid4.o)
 .debug_frame   0x000013e8       0x50 .\CortexM3\ARM_GCC_493\Debug\boost.soft.a(mode.o)
 .debug_frame   0x00001438       0x50 .\CortexM3\ARM_GCC_493\Debug\boost.soft.a(down.o)
 .debug_frame   0x00001488       0x50 .\CortexM3\ARM_GCC_493\Debug\boost.soft.a(up.o)
 .debug_frame   0x000014d8       0x50 .\CortexM3\ARM_GCC_493\Debug\boost.soft.a(seg4.o)
 .debug_frame   0x00001528       0x50 .\CortexM3\ARM_GCC_493\Debug\boost.soft.a(seg5.o)
 .debug_frame   0x00001578      0x104 .\CortexM3\ARM_GCC_493\Debug\boost.soft.a(isr.o)
 .debug_frame   0x0000167c       0x50 .\CortexM3\ARM_GCC_493\Debug\boost.soft.a(seg2.o)
 .debug_frame   0x000016cc       0x50 .\CortexM3\ARM_GCC_493\Debug\boost.soft.a(seg0.o)
 .debug_frame   0x0000171c       0x50 .\CortexM3\ARM_GCC_493\Debug\boost.soft.a(seg6.o)
 .debug_frame   0x0000176c       0x50 .\CortexM3\ARM_GCC_493\Debug\boost.soft.a(seg1.o)
 .debug_frame   0x000017bc       0x50 .\CortexM3\ARM_GCC_493\Debug\boost.soft.a(seg3.o)
 .debug_frame   0x0000180c       0x50 .\CortexM3\ARM_GCC_493\Debug\boost.soft.a(seg7.o)
 .debug_frame   0x0000185c      0x174 .\CortexM3\ARM_GCC_493\Debug\boost.soft.a(CyFlash.o)
 .debug_frame   0x000019d0      0x160 .\CortexM3\ARM_GCC_493\Debug\boost.soft.a(CySpc.o)
 .debug_frame   0x00001b30       0x28 c:/program files (x86)/cypress/psoc creator/3.3/psoc creator/import/gnu/arm/4.9.3/bin/../lib/gcc/arm-none-eabi/4.9.3/armv7-m\libgcc.a(_aeabi_ldivmod.o)
 .debug_frame   0x00001b58       0x54 c:/program files (x86)/cypress/psoc creator/3.3/psoc creator/import/gnu/arm/4.9.3/bin/../lib/gcc/arm-none-eabi/4.9.3/armv7-m\libgcc.a(bpabi.o)
 .debug_frame   0x00001bac       0x34 c:/program files (x86)/cypress/psoc creator/3.3/psoc creator/import/gnu/arm/4.9.3/bin/../lib/gcc/arm-none-eabi/4.9.3/armv7-m\libgcc.a(_divdi3.o)
 .debug_frame   0x00001be0       0x34 c:/program files (x86)/cypress/psoc creator/3.3/psoc creator/import/gnu/arm/4.9.3/bin/../lib/gcc/arm-none-eabi/4.9.3/armv7-m\libgcc.a(_udivdi3.o)
 .debug_frame   0x00001c14       0x20 c:/program files (x86)/cypress/psoc creator/3.3/psoc creator/import/gnu/arm/4.9.3/bin/../lib/gcc/arm-none-eabi/4.9.3/../../../../arm-none-eabi/lib/armv7-m\libg_nano.a(lib_a-errno.o)
 .debug_frame   0x00001c34       0x28 c:/program files (x86)/cypress/psoc creator/3.3/psoc creator/import/gnu/arm/4.9.3/bin/../lib/gcc/arm-none-eabi/4.9.3/../../../../arm-none-eabi/lib/armv7-m\libg_nano.a(lib_a-exit.o)
 .debug_frame   0x00001c5c       0x2c c:/program files (x86)/cypress/psoc creator/3.3/psoc creator/import/gnu/arm/4.9.3/bin/../lib/gcc/arm-none-eabi/4.9.3/../../../../arm-none-eabi/lib/armv7-m\libg_nano.a(lib_a-init.o)
 .debug_frame   0x00001c88       0x28 c:/program files (x86)/cypress/psoc creator/3.3/psoc creator/import/gnu/arm/4.9.3/bin/../lib/gcc/arm-none-eabi/4.9.3/../../../../arm-none-eabi/lib/armv7-m\libg_nano.a(lib_a-memcpy.o)
 .debug_frame   0x00001cb0       0x20 c:/program files (x86)/cypress/psoc creator/3.3/psoc creator/import/gnu/arm/4.9.3/bin/../lib/gcc/arm-none-eabi/4.9.3/../../../../arm-none-eabi/lib/armv7-m\libg_nano.a(lib_a-memset.o)

.debug_str      0x00000000     0x22e1
 *(.debug_str)
 .debug_str     0x00000000      0x41e .\CortexM3\ARM_GCC_493\Debug\main.o
                                0x46f (size before relaxing)
 .debug_str     0x0000041e       0x77 .\CortexM3\ARM_GCC_493\Debug\cymetadata.o
                                0x1ee (size before relaxing)
 .debug_str     0x00000495      0x15d .\CortexM3\ARM_GCC_493\Debug\Cm3Start.o
                                0x312 (size before relaxing)
 .debug_str     0x000005f2      0x159 .\CortexM3\ARM_GCC_493\Debug\boost.soft.a(cyfitter_cfg.o)
                                0x311 (size before relaxing)
 .debug_str     0x0000074b      0x104 .\CortexM3\ARM_GCC_493\Debug\boost.soft.a(PWM.o)
                                0x29b (size before relaxing)
 .debug_str     0x0000084f      0x231 .\CortexM3\ARM_GCC_493\Debug\boost.soft.a(ADC.o)
                                0x42c (size before relaxing)
 .debug_str     0x00000a80       0x2b .\CortexM3\ARM_GCC_493\Debug\boost.soft.a(ADC_INT.o)
                                0x193 (size before relaxing)
 .debug_str     0x00000aab       0xcf .\CortexM3\ARM_GCC_493\Debug\boost.soft.a(DMA1_dma.o)
                                0x269 (size before relaxing)
 .debug_str     0x00000b7a       0x43 .\CortexM3\ARM_GCC_493\Debug\boost.soft.a(DMA2_dma.o)
                                0x269 (size before relaxing)
 .debug_str     0x00000bbd      0x178 .\CortexM3\ARM_GCC_493\Debug\boost.soft.a(ADC_theACLK.o)
                                0x322 (size before relaxing)
 .debug_str     0x00000d35      0x279 .\CortexM3\ARM_GCC_493\Debug\boost.soft.a(CyDmac.o)
                                0x542 (size before relaxing)
 .debug_str     0x00000fae      0x7b9 .\CortexM3\ARM_GCC_493\Debug\boost.soft.a(CyLib.o)
                                0xa27 (size before relaxing)
 .debug_str     0x00001767      0x35b .\CortexM3\ARM_GCC_493\Debug\boost.soft.a(cyPm.o)
                                0x71f (size before relaxing)
 .debug_str     0x00001ac2       0x7a .\CortexM3\ARM_GCC_493\Debug\boost.soft.a(DAC.o)
                                0x20f (size before relaxing)
 .debug_str     0x00001b3c       0x5c .\CortexM3\ARM_GCC_493\Debug\boost.soft.a(grid1.o)
                                0x1e6 (size before relaxing)
 .debug_str     0x00001b98       0x51 .\CortexM3\ARM_GCC_493\Debug\boost.soft.a(grid2.o)
                                0x1e6 (size before relaxing)
 .debug_str     0x00001be9       0x51 .\CortexM3\ARM_GCC_493\Debug\boost.soft.a(grid3.o)
                                0x1e6 (size before relaxing)
 .debug_str     0x00001c3a       0x51 .\CortexM3\ARM_GCC_493\Debug\boost.soft.a(grid4.o)
                                0x1e6 (size before relaxing)
 .debug_str     0x00001c8b       0x4e .\CortexM3\ARM_GCC_493\Debug\boost.soft.a(mode.o)
                                0x1e1 (size before relaxing)
 .debug_str     0x00001cd9       0x4e .\CortexM3\ARM_GCC_493\Debug\boost.soft.a(down.o)
                                0x1e1 (size before relaxing)
 .debug_str     0x00001d27       0x46 .\CortexM3\ARM_GCC_493\Debug\boost.soft.a(up.o)
                                0x1d7 (size before relaxing)
 .debug_str     0x00001d6d       0x4d .\CortexM3\ARM_GCC_493\Debug\boost.soft.a(seg4.o)
                                0x1e1 (size before relaxing)
 .debug_str     0x00001dba       0x4d .\CortexM3\ARM_GCC_493\Debug\boost.soft.a(seg5.o)
                                0x1e1 (size before relaxing)
 .debug_str     0x00001e07       0xc0 .\CortexM3\ARM_GCC_493\Debug\boost.soft.a(isr.o)
                                0x282 (size before relaxing)
 .debug_str     0x00001ec7       0x4d .\CortexM3\ARM_GCC_493\Debug\boost.soft.a(seg2.o)
                                0x1e1 (size before relaxing)
 .debug_str     0x00001f14       0x4d .\CortexM3\ARM_GCC_493\Debug\boost.soft.a(seg0.o)
                                0x1e1 (size before relaxing)
 .debug_str     0x00001f61       0x4d .\CortexM3\ARM_GCC_493\Debug\boost.soft.a(seg6.o)
                                0x1e1 (size before relaxing)
 .debug_str     0x00001fae       0x4d .\CortexM3\ARM_GCC_493\Debug\boost.soft.a(seg1.o)
                                0x1e1 (size before relaxing)
 .debug_str     0x00001ffb       0x4d .\CortexM3\ARM_GCC_493\Debug\boost.soft.a(seg3.o)
                                0x1e1 (size before relaxing)
 .debug_str     0x00002048       0x4d .\CortexM3\ARM_GCC_493\Debug\boost.soft.a(seg7.o)
                                0x1e1 (size before relaxing)
 .debug_str     0x00002095      0x19e .\CortexM3\ARM_GCC_493\Debug\boost.soft.a(CyFlash.o)
                                0x399 (size before relaxing)
 .debug_str     0x00002233       0xae .\CortexM3\ARM_GCC_493\Debug\boost.soft.a(CySpc.o)
                                0x322 (size before relaxing)

.debug_loc      0x00000000     0x2df8
 *(.debug_loc)
 .debug_loc     0x00000000       0x69 .\CortexM3\ARM_GCC_493\Debug\main.o
 .debug_loc     0x00000069      0x144 .\CortexM3\ARM_GCC_493\Debug\Cm3Start.o
 .debug_loc     0x000001ad      0x1fd .\CortexM3\ARM_GCC_493\Debug\boost.soft.a(cyfitter_cfg.o)
 .debug_loc     0x000003aa       0x13 .\CortexM3\ARM_GCC_493\Debug\boost.soft.a(PWM.o)
 .debug_loc     0x000003bd      0x273 .\CortexM3\ARM_GCC_493\Debug\boost.soft.a(ADC.o)
 .debug_loc     0x00000630       0x84 .\CortexM3\ARM_GCC_493\Debug\boost.soft.a(DMA1_dma.o)
 .debug_loc     0x000006b4       0x84 .\CortexM3\ARM_GCC_493\Debug\boost.soft.a(DMA2_dma.o)
 .debug_loc     0x00000738      0x128 .\CortexM3\ARM_GCC_493\Debug\boost.soft.a(ADC_theACLK.o)
 .debug_loc     0x00000860      0xb83 .\CortexM3\ARM_GCC_493\Debug\boost.soft.a(CyDmac.o)
 .debug_loc     0x000013e3      0xa11 .\CortexM3\ARM_GCC_493\Debug\boost.soft.a(CyLib.o)
 .debug_loc     0x00001df4      0x1e4 .\CortexM3\ARM_GCC_493\Debug\boost.soft.a(cyPm.o)
 .debug_loc     0x00001fd8       0x79 .\CortexM3\ARM_GCC_493\Debug\boost.soft.a(DAC.o)
 .debug_loc     0x00002051       0x42 .\CortexM3\ARM_GCC_493\Debug\boost.soft.a(grid1.o)
 .debug_loc     0x00002093       0x42 .\CortexM3\ARM_GCC_493\Debug\boost.soft.a(grid2.o)
 .debug_loc     0x000020d5       0x55 .\CortexM3\ARM_GCC_493\Debug\boost.soft.a(grid3.o)
 .debug_loc     0x0000212a       0x42 .\CortexM3\ARM_GCC_493\Debug\boost.soft.a(grid4.o)
 .debug_loc     0x0000216c       0x42 .\CortexM3\ARM_GCC_493\Debug\boost.soft.a(mode.o)
 .debug_loc     0x000021ae       0x42 .\CortexM3\ARM_GCC_493\Debug\boost.soft.a(down.o)
 .debug_loc     0x000021f0       0x42 .\CortexM3\ARM_GCC_493\Debug\boost.soft.a(up.o)
 .debug_loc     0x00002232       0x42 .\CortexM3\ARM_GCC_493\Debug\boost.soft.a(seg4.o)
 .debug_loc     0x00002274       0x42 .\CortexM3\ARM_GCC_493\Debug\boost.soft.a(seg5.o)
 .debug_loc     0x000022b6       0x56 .\CortexM3\ARM_GCC_493\Debug\boost.soft.a(isr.o)
 .debug_loc     0x0000230c       0x55 .\CortexM3\ARM_GCC_493\Debug\boost.soft.a(seg2.o)
 .debug_loc     0x00002361       0x42 .\CortexM3\ARM_GCC_493\Debug\boost.soft.a(seg0.o)
 .debug_loc     0x000023a3       0x42 .\CortexM3\ARM_GCC_493\Debug\boost.soft.a(seg6.o)
 .debug_loc     0x000023e5       0x42 .\CortexM3\ARM_GCC_493\Debug\boost.soft.a(seg1.o)
 .debug_loc     0x00002427       0x42 .\CortexM3\ARM_GCC_493\Debug\boost.soft.a(seg3.o)
 .debug_loc     0x00002469       0x42 .\CortexM3\ARM_GCC_493\Debug\boost.soft.a(seg7.o)
 .debug_loc     0x000024ab      0x300 .\CortexM3\ARM_GCC_493\Debug\boost.soft.a(CyFlash.o)
 .debug_loc     0x000027ab      0x64d .\CortexM3\ARM_GCC_493\Debug\boost.soft.a(CySpc.o)

.debug_macinfo
 *(.debug_macinfo)

.debug_ranges   0x00000000      0xa38
 *(.debug_ranges)
 .debug_ranges  0x00000000       0x50 .\CortexM3\ARM_GCC_493\Debug\main.o
 .debug_ranges  0x00000050       0x38 .\CortexM3\ARM_GCC_493\Debug\Cm3Start.o
 .debug_ranges  0x00000088       0x48 .\CortexM3\ARM_GCC_493\Debug\boost.soft.a(cyfitter_cfg.o)
 .debug_ranges  0x000000d0       0x70 .\CortexM3\ARM_GCC_493\Debug\boost.soft.a(PWM.o)
 .debug_ranges  0x00000140       0x98 .\CortexM3\ARM_GCC_493\Debug\boost.soft.a(ADC.o)
 .debug_ranges  0x000001d8       0x10 .\CortexM3\ARM_GCC_493\Debug\boost.soft.a(ADC_INT.o)
 .debug_ranges  0x000001e8       0x18 .\CortexM3\ARM_GCC_493\Debug\boost.soft.a(DMA1_dma.o)
 .debug_ranges  0x00000200       0x18 .\CortexM3\ARM_GCC_493\Debug\boost.soft.a(DMA2_dma.o)
 .debug_ranges  0x00000218       0x60 .\CortexM3\ARM_GCC_493\Debug\boost.soft.a(ADC_theACLK.o)
 .debug_ranges  0x00000278       0xc8 .\CortexM3\ARM_GCC_493\Debug\boost.soft.a(CyDmac.o)
 .debug_ranges  0x00000340      0x288 .\CortexM3\ARM_GCC_493\Debug\boost.soft.a(CyLib.o)
 .debug_ranges  0x000005c8       0x88 .\CortexM3\ARM_GCC_493\Debug\boost.soft.a(cyPm.o)
 .debug_ranges  0x00000650       0x48 .\CortexM3\ARM_GCC_493\Debug\boost.soft.a(DAC.o)
 .debug_ranges  0x00000698       0x28 .\CortexM3\ARM_GCC_493\Debug\boost.soft.a(grid1.o)
 .debug_ranges  0x000006c0       0x28 .\CortexM3\ARM_GCC_493\Debug\boost.soft.a(grid2.o)
 .debug_ranges  0x000006e8       0x28 .\CortexM3\ARM_GCC_493\Debug\boost.soft.a(grid3.o)
 .debug_ranges  0x00000710       0x28 .\CortexM3\ARM_GCC_493\Debug\boost.soft.a(grid4.o)
 .debug_ranges  0x00000738       0x28 .\CortexM3\ARM_GCC_493\Debug\boost.soft.a(mode.o)
 .debug_ranges  0x00000760       0x28 .\CortexM3\ARM_GCC_493\Debug\boost.soft.a(down.o)
 .debug_ranges  0x00000788       0x28 .\CortexM3\ARM_GCC_493\Debug\boost.soft.a(up.o)
 .debug_ranges  0x000007b0       0x28 .\CortexM3\ARM_GCC_493\Debug\boost.soft.a(seg4.o)
 .debug_ranges  0x000007d8       0x28 .\CortexM3\ARM_GCC_493\Debug\boost.soft.a(seg5.o)
 .debug_ranges  0x00000800       0x70 .\CortexM3\ARM_GCC_493\Debug\boost.soft.a(isr.o)
 .debug_ranges  0x00000870       0x28 .\CortexM3\ARM_GCC_493\Debug\boost.soft.a(seg2.o)
 .debug_ranges  0x00000898       0x28 .\CortexM3\ARM_GCC_493\Debug\boost.soft.a(seg0.o)
 .debug_ranges  0x000008c0       0x28 .\CortexM3\ARM_GCC_493\Debug\boost.soft.a(seg6.o)
 .debug_ranges  0x000008e8       0x28 .\CortexM3\ARM_GCC_493\Debug\boost.soft.a(seg1.o)
 .debug_ranges  0x00000910       0x28 .\CortexM3\ARM_GCC_493\Debug\boost.soft.a(seg3.o)
 .debug_ranges  0x00000938       0x28 .\CortexM3\ARM_GCC_493\Debug\boost.soft.a(seg7.o)
 .debug_ranges  0x00000960       0x70 .\CortexM3\ARM_GCC_493\Debug\boost.soft.a(CyFlash.o)
 .debug_ranges  0x000009d0       0x68 .\CortexM3\ARM_GCC_493\Debug\boost.soft.a(CySpc.o)

.comment        0x00000000       0x70
 .comment       0x00000000       0x70 .\CortexM3\ARM_GCC_493\Debug\main.o
                                 0x71 (size before relaxing)
 .comment       0x00000000       0x71 .\CortexM3\ARM_GCC_493\Debug\cymetadata.o
 .comment       0x00000000       0x71 .\CortexM3\ARM_GCC_493\Debug\Cm3Start.o
 .comment       0x00000000       0x71 .\CortexM3\ARM_GCC_493\Debug\boost.soft.a(cyfitter_cfg.o)
 .comment       0x00000000       0x71 .\CortexM3\ARM_GCC_493\Debug\boost.soft.a(PWM.o)
 .comment       0x00000000       0x71 .\CortexM3\ARM_GCC_493\Debug\boost.soft.a(ADC.o)
 .comment       0x00000000       0x71 .\CortexM3\ARM_GCC_493\Debug\boost.soft.a(ADC_INT.o)
 .comment       0x00000000       0x71 .\CortexM3\ARM_GCC_493\Debug\boost.soft.a(DMA1_dma.o)
 .comment       0x00000000       0x71 .\CortexM3\ARM_GCC_493\Debug\boost.soft.a(DMA2_dma.o)
 .comment       0x00000000       0x71 .\CortexM3\ARM_GCC_493\Debug\boost.soft.a(ADC_theACLK.o)
 .comment       0x00000000       0x71 .\CortexM3\ARM_GCC_493\Debug\boost.soft.a(CyDmac.o)
 .comment       0x00000000       0x71 .\CortexM3\ARM_GCC_493\Debug\boost.soft.a(CyLib.o)
 .comment       0x00000000       0x71 .\CortexM3\ARM_GCC_493\Debug\boost.soft.a(cyPm.o)
 .comment       0x00000000       0x71 .\CortexM3\ARM_GCC_493\Debug\boost.soft.a(DAC.o)
 .comment       0x00000000       0x71 .\CortexM3\ARM_GCC_493\Debug\boost.soft.a(grid1.o)
 .comment       0x00000000       0x71 .\CortexM3\ARM_GCC_493\Debug\boost.soft.a(grid2.o)
 .comment       0x00000000       0x71 .\CortexM3\ARM_GCC_493\Debug\boost.soft.a(grid3.o)
 .comment       0x00000000       0x71 .\CortexM3\ARM_GCC_493\Debug\boost.soft.a(grid4.o)
 .comment       0x00000000       0x71 .\CortexM3\ARM_GCC_493\Debug\boost.soft.a(mode.o)
 .comment       0x00000000       0x71 .\CortexM3\ARM_GCC_493\Debug\boost.soft.a(down.o)
 .comment       0x00000000       0x71 .\CortexM3\ARM_GCC_493\Debug\boost.soft.a(up.o)
 .comment       0x00000000       0x71 .\CortexM3\ARM_GCC_493\Debug\boost.soft.a(seg4.o)
 .comment       0x00000000       0x71 .\CortexM3\ARM_GCC_493\Debug\boost.soft.a(seg5.o)
 .comment       0x00000000       0x71 .\CortexM3\ARM_GCC_493\Debug\boost.soft.a(isr.o)
 .comment       0x00000000       0x71 .\CortexM3\ARM_GCC_493\Debug\boost.soft.a(seg2.o)
 .comment       0x00000000       0x71 .\CortexM3\ARM_GCC_493\Debug\boost.soft.a(seg0.o)
 .comment       0x00000000       0x71 .\CortexM3\ARM_GCC_493\Debug\boost.soft.a(seg6.o)
 .comment       0x00000000       0x71 .\CortexM3\ARM_GCC_493\Debug\boost.soft.a(seg1.o)
 .comment       0x00000000       0x71 .\CortexM3\ARM_GCC_493\Debug\boost.soft.a(seg3.o)
 .comment       0x00000000       0x71 .\CortexM3\ARM_GCC_493\Debug\boost.soft.a(seg7.o)
 .comment       0x00000000       0x71 .\CortexM3\ARM_GCC_493\Debug\boost.soft.a(CyFlash.o)
 .comment       0x00000000       0x71 .\CortexM3\ARM_GCC_493\Debug\boost.soft.a(CySpc.o)

.debug_weaknames
 *(.debug_weaknames)

.debug_funcnames
 *(.debug_funcnames)

.debug_typenames
 *(.debug_typenames)

.debug_varnames
 *(.debug_varnames)

.note.gnu.arm.ident
 *(.note.gnu.arm.ident)

.ARM.attributes
                0x00000000       0x29
 *(.ARM.attributes)
 .ARM.attributes
                0x00000000       0x1d c:/program files (x86)/cypress/psoc creator/3.3/psoc creator/import/gnu/arm/4.9.3/bin/../lib/gcc/arm-none-eabi/4.9.3/armv7-m/crti.o
 .ARM.attributes
                0x0000001d       0x2d c:/program files (x86)/cypress/psoc creator/3.3/psoc creator/import/gnu/arm/4.9.3/bin/../lib/gcc/arm-none-eabi/4.9.3/armv7-m/crtbegin.o
 .ARM.attributes
                0x0000004a       0x1b c:/program files (x86)/cypress/psoc creator/3.3/psoc creator/import/gnu/arm/4.9.3/bin/../lib/gcc/arm-none-eabi/4.9.3/../../../../arm-none-eabi/lib/armv7-m/crt0.o
 .ARM.attributes
                0x00000065       0x33 .\CortexM3\ARM_GCC_493\Debug\main.o
 .ARM.attributes
                0x00000098       0x33 .\CortexM3\ARM_GCC_493\Debug\cymetadata.o
 .ARM.attributes
                0x000000cb       0x33 .\CortexM3\ARM_GCC_493\Debug\Cm3Start.o
 .ARM.attributes
                0x000000fe       0x33 .\CortexM3\ARM_GCC_493\Debug\boost.soft.a(cyfitter_cfg.o)
 .ARM.attributes
                0x00000131       0x33 .\CortexM3\ARM_GCC_493\Debug\boost.soft.a(PWM.o)
 .ARM.attributes
                0x00000164       0x33 .\CortexM3\ARM_GCC_493\Debug\boost.soft.a(ADC.o)
 .ARM.attributes
                0x00000197       0x33 .\CortexM3\ARM_GCC_493\Debug\boost.soft.a(ADC_INT.o)
 .ARM.attributes
                0x000001ca       0x33 .\CortexM3\ARM_GCC_493\Debug\boost.soft.a(DMA1_dma.o)
 .ARM.attributes
                0x000001fd       0x33 .\CortexM3\ARM_GCC_493\Debug\boost.soft.a(DMA2_dma.o)
 .ARM.attributes
                0x00000230       0x33 .\CortexM3\ARM_GCC_493\Debug\boost.soft.a(ADC_theACLK.o)
 .ARM.attributes
                0x00000263       0x21 .\CortexM3\ARM_GCC_493\Debug\boost.soft.a(CyBootAsmGnu.o)
 .ARM.attributes
                0x00000284       0x33 .\CortexM3\ARM_GCC_493\Debug\boost.soft.a(CyDmac.o)
 .ARM.attributes
                0x000002b7       0x33 .\CortexM3\ARM_GCC_493\Debug\boost.soft.a(CyLib.o)
 .ARM.attributes
                0x000002ea       0x33 .\CortexM3\ARM_GCC_493\Debug\boost.soft.a(cyPm.o)
 .ARM.attributes
                0x0000031d       0x33 .\CortexM3\ARM_GCC_493\Debug\boost.soft.a(DAC.o)
 .ARM.attributes
                0x00000350       0x33 .\CortexM3\ARM_GCC_493\Debug\boost.soft.a(grid1.o)
 .ARM.attributes
                0x00000383       0x33 .\CortexM3\ARM_GCC_493\Debug\boost.soft.a(grid2.o)
 .ARM.attributes
                0x000003b6       0x33 .\CortexM3\ARM_GCC_493\Debug\boost.soft.a(grid3.o)
 .ARM.attributes
                0x000003e9       0x33 .\CortexM3\ARM_GCC_493\Debug\boost.soft.a(grid4.o)
 .ARM.attributes
                0x0000041c       0x33 .\CortexM3\ARM_GCC_493\Debug\boost.soft.a(mode.o)
 .ARM.attributes
                0x0000044f       0x33 .\CortexM3\ARM_GCC_493\Debug\boost.soft.a(down.o)
 .ARM.attributes
                0x00000482       0x33 .\CortexM3\ARM_GCC_493\Debug\boost.soft.a(up.o)
 .ARM.attributes
                0x000004b5       0x33 .\CortexM3\ARM_GCC_493\Debug\boost.soft.a(seg4.o)
 .ARM.attributes
                0x000004e8       0x33 .\CortexM3\ARM_GCC_493\Debug\boost.soft.a(seg5.o)
 .ARM.attributes
                0x0000051b       0x33 .\CortexM3\ARM_GCC_493\Debug\boost.soft.a(isr.o)
 .ARM.attributes
                0x0000054e       0x33 .\CortexM3\ARM_GCC_493\Debug\boost.soft.a(seg2.o)
 .ARM.attributes
                0x00000581       0x33 .\CortexM3\ARM_GCC_493\Debug\boost.soft.a(seg0.o)
 .ARM.attributes
                0x000005b4       0x33 .\CortexM3\ARM_GCC_493\Debug\boost.soft.a(seg6.o)
 .ARM.attributes
                0x000005e7       0x33 .\CortexM3\ARM_GCC_493\Debug\boost.soft.a(seg1.o)
 .ARM.attributes
                0x0000061a       0x33 .\CortexM3\ARM_GCC_493\Debug\boost.soft.a(seg3.o)
 .ARM.attributes
                0x0000064d       0x33 .\CortexM3\ARM_GCC_493\Debug\boost.soft.a(seg7.o)
 .ARM.attributes
                0x00000680       0x33 .\CortexM3\ARM_GCC_493\Debug\boost.soft.a(CyFlash.o)
 .ARM.attributes
                0x000006b3       0x33 .\CortexM3\ARM_GCC_493\Debug\boost.soft.a(CySpc.o)
 .ARM.attributes
                0x000006e6       0x1d c:/program files (x86)/cypress/psoc creator/3.3/psoc creator/import/gnu/arm/4.9.3/bin/../lib/gcc/arm-none-eabi/4.9.3/armv7-m\libgcc.a(_arm_addsubsf3.o)
 .ARM.attributes
                0x00000703       0x1d c:/program files (x86)/cypress/psoc creator/3.3/psoc creator/import/gnu/arm/4.9.3/bin/../lib/gcc/arm-none-eabi/4.9.3/armv7-m\libgcc.a(_arm_muldivsf3.o)
 .ARM.attributes
                0x00000720       0x1d c:/program files (x86)/cypress/psoc creator/3.3/psoc creator/import/gnu/arm/4.9.3/bin/../lib/gcc/arm-none-eabi/4.9.3/armv7-m\libgcc.a(_aeabi_ldivmod.o)
 .ARM.attributes
                0x0000073d       0x2d c:/program files (x86)/cypress/psoc creator/3.3/psoc creator/import/gnu/arm/4.9.3/bin/../lib/gcc/arm-none-eabi/4.9.3/armv7-m\libgcc.a(bpabi.o)
 .ARM.attributes
                0x0000076a       0x1d c:/program files (x86)/cypress/psoc creator/3.3/psoc creator/import/gnu/arm/4.9.3/bin/../lib/gcc/arm-none-eabi/4.9.3/armv7-m\libgcc.a(_dvmd_tls.o)
 .ARM.attributes
                0x00000787       0x2d c:/program files (x86)/cypress/psoc creator/3.3/psoc creator/import/gnu/arm/4.9.3/bin/../lib/gcc/arm-none-eabi/4.9.3/armv7-m\libgcc.a(_divdi3.o)
 .ARM.attributes
                0x000007b4       0x2d c:/program files (x86)/cypress/psoc creator/3.3/psoc creator/import/gnu/arm/4.9.3/bin/../lib/gcc/arm-none-eabi/4.9.3/armv7-m\libgcc.a(_udivdi3.o)
 .ARM.attributes
                0x000007e1       0x2d c:/program files (x86)/cypress/psoc creator/3.3/psoc creator/import/gnu/arm/4.9.3/bin/../lib/gcc/arm-none-eabi/4.9.3/../../../../arm-none-eabi/lib/armv7-m\libg_nano.a(lib_a-errno.o)
 .ARM.attributes
                0x0000080e       0x2d c:/program files (x86)/cypress/psoc creator/3.3/psoc creator/import/gnu/arm/4.9.3/bin/../lib/gcc/arm-none-eabi/4.9.3/../../../../arm-none-eabi/lib/armv7-m\libg_nano.a(lib_a-exit.o)
 .ARM.attributes
                0x0000083b       0x2d c:/program files (x86)/cypress/psoc creator/3.3/psoc creator/import/gnu/arm/4.9.3/bin/../lib/gcc/arm-none-eabi/4.9.3/../../../../arm-none-eabi/lib/armv7-m\libg_nano.a(lib_a-impure.o)
 .ARM.attributes
                0x00000868       0x2d c:/program files (x86)/cypress/psoc creator/3.3/psoc creator/import/gnu/arm/4.9.3/bin/../lib/gcc/arm-none-eabi/4.9.3/../../../../arm-none-eabi/lib/armv7-m\libg_nano.a(lib_a-init.o)
 .ARM.attributes
                0x00000895       0x2d c:/program files (x86)/cypress/psoc creator/3.3/psoc creator/import/gnu/arm/4.9.3/bin/../lib/gcc/arm-none-eabi/4.9.3/../../../../arm-none-eabi/lib/armv7-m\libg_nano.a(lib_a-memcpy.o)
 .ARM.attributes
                0x000008c2       0x2d c:/program files (x86)/cypress/psoc creator/3.3/psoc creator/import/gnu/arm/4.9.3/bin/../lib/gcc/arm-none-eabi/4.9.3/../../../../arm-none-eabi/lib/armv7-m\libg_nano.a(lib_a-memset.o)
 .ARM.attributes
                0x000008ef       0x2d c:/program files (x86)/cypress/psoc creator/3.3/psoc creator/import/gnu/arm/4.9.3/bin/../lib/gcc/arm-none-eabi/4.9.3/armv7-m/crtend.o
 .ARM.attributes
                0x0000091c       0x1d c:/program files (x86)/cypress/psoc creator/3.3/psoc creator/import/gnu/arm/4.9.3/bin/../lib/gcc/arm-none-eabi/4.9.3/armv7-m/crtn.o

/DISCARD/
 *(.note.GNU-stack)
OUTPUT(.\CortexM3\ARM_GCC_493\Debug\boost.soft.elf elf32-littlearm)
