Archive member included because of file (symbol)

.\CortexM3\ARM_GCC_493\Release\boost.soft.a(cyfitter_cfg.o)
                              .\CortexM3\ARM_GCC_493\Release\Cm3Start.o (cyfitter_cfg)
.\CortexM3\ARM_GCC_493\Release\boost.soft.a(PWM.o)
                              .\CortexM3\ARM_GCC_493\Release\main.o (PWM_Start)
.\CortexM3\ARM_GCC_493\Release\boost.soft.a(ADC.o)
                              .\CortexM3\ARM_GCC_493\Release\main.o (ADC_Start)
.\CortexM3\ARM_GCC_493\Release\boost.soft.a(ADC_INT.o)
                              .\CortexM3\ARM_GCC_493\Release\boost.soft.a(ADC.o) (ADC_ISR)
.\CortexM3\ARM_GCC_493\Release\boost.soft.a(DMA1_dma.o)
                              .\CortexM3\ARM_GCC_493\Release\main.o (DMA1_DmaInitialize)
.\CortexM3\ARM_GCC_493\Release\boost.soft.a(DMA2_dma.o)
                              .\CortexM3\ARM_GCC_493\Release\main.o (DMA2_DmaInitialize)
.\CortexM3\ARM_GCC_493\Release\boost.soft.a(ADC_theACLK.o)
                              .\CortexM3\ARM_GCC_493\Release\boost.soft.a(ADC.o) (ADC_theACLK_SetModeRegister)
.\CortexM3\ARM_GCC_493\Release\boost.soft.a(CyBootAsmGnu.o)
                              .\CortexM3\ARM_GCC_493\Release\boost.soft.a(cyfitter_cfg.o) (CyDelayCycles)
.\CortexM3\ARM_GCC_493\Release\boost.soft.a(CyDmac.o)
                              .\CortexM3\ARM_GCC_493\Release\Cm3Start.o (CyDmacConfigure)
.\CortexM3\ARM_GCC_493\Release\boost.soft.a(CyLib.o)
                              .\CortexM3\ARM_GCC_493\Release\Cm3Start.o (CyHalt)
.\CortexM3\ARM_GCC_493\Release\boost.soft.a(cyPm.o)
                              .\CortexM3\ARM_GCC_493\Release\boost.soft.a(CyLib.o) (CyPmReadStatus)
.\CortexM3\ARM_GCC_493\Release\boost.soft.a(DAC.o)
                              .\CortexM3\ARM_GCC_493\Release\main.o (DAC_SetValue)
.\CortexM3\ARM_GCC_493\Release\boost.soft.a(grid1.o)
                              .\CortexM3\ARM_GCC_493\Release\main.o (grid1_Write)
.\CortexM3\ARM_GCC_493\Release\boost.soft.a(grid2.o)
                              .\CortexM3\ARM_GCC_493\Release\main.o (grid2_Write)
.\CortexM3\ARM_GCC_493\Release\boost.soft.a(grid3.o)
                              .\CortexM3\ARM_GCC_493\Release\main.o (grid3_Write)
.\CortexM3\ARM_GCC_493\Release\boost.soft.a(grid4.o)
                              .\CortexM3\ARM_GCC_493\Release\main.o (grid4_Write)
.\CortexM3\ARM_GCC_493\Release\boost.soft.a(mode.o)
                              .\CortexM3\ARM_GCC_493\Release\main.o (mode_Read)
.\CortexM3\ARM_GCC_493\Release\boost.soft.a(down.o)
                              .\CortexM3\ARM_GCC_493\Release\main.o (down_Read)
.\CortexM3\ARM_GCC_493\Release\boost.soft.a(up.o)
                              .\CortexM3\ARM_GCC_493\Release\main.o (up_Read)
.\CortexM3\ARM_GCC_493\Release\boost.soft.a(seg4.o)
                              .\CortexM3\ARM_GCC_493\Release\main.o (seg4_Write)
.\CortexM3\ARM_GCC_493\Release\boost.soft.a(seg5.o)
                              .\CortexM3\ARM_GCC_493\Release\main.o (seg5_Write)
.\CortexM3\ARM_GCC_493\Release\boost.soft.a(isr.o)
                              .\CortexM3\ARM_GCC_493\Release\main.o (isr_StartEx)
.\CortexM3\ARM_GCC_493\Release\boost.soft.a(seg2.o)
                              .\CortexM3\ARM_GCC_493\Release\main.o (seg2_Write)
.\CortexM3\ARM_GCC_493\Release\boost.soft.a(seg0.o)
                              .\CortexM3\ARM_GCC_493\Release\main.o (seg0_Write)
.\CortexM3\ARM_GCC_493\Release\boost.soft.a(seg6.o)
                              .\CortexM3\ARM_GCC_493\Release\main.o (seg6_Write)
.\CortexM3\ARM_GCC_493\Release\boost.soft.a(seg1.o)
                              .\CortexM3\ARM_GCC_493\Release\main.o (seg1_Write)
.\CortexM3\ARM_GCC_493\Release\boost.soft.a(seg3.o)
                              .\CortexM3\ARM_GCC_493\Release\main.o (seg3_Write)
.\CortexM3\ARM_GCC_493\Release\boost.soft.a(seg7.o)
                              .\CortexM3\ARM_GCC_493\Release\main.o (seg7_Write)
.\CortexM3\ARM_GCC_493\Release\boost.soft.a(CyFlash.o)
                              .\CortexM3\ARM_GCC_493\Release\boost.soft.a(cyPm.o) (CyFlash_SetWaitCycles)
.\CortexM3\ARM_GCC_493\Release\boost.soft.a(CySpc.o)
                              .\CortexM3\ARM_GCC_493\Release\boost.soft.a(CyFlash.o) (CySpcStart)
c:/program files (x86)/cypress/psoc creator/3.3/psoc creator/import/gnu/arm/4.9.3/bin/../lib/gcc/arm-none-eabi/4.9.3/armv7-m\libgcc.a(_arm_addsubsf3.o)
                              .\CortexM3\ARM_GCC_493\Release\boost.soft.a(ADC.o) (__aeabi_i2f)
c:/program files (x86)/cypress/psoc creator/3.3/psoc creator/import/gnu/arm/4.9.3/bin/../lib/gcc/arm-none-eabi/4.9.3/armv7-m\libgcc.a(_arm_muldivsf3.o)
                              .\CortexM3\ARM_GCC_493\Release\boost.soft.a(ADC.o) (__aeabi_fmul)
c:/program files (x86)/cypress/psoc creator/3.3/psoc creator/import/gnu/arm/4.9.3/bin/../lib/gcc/arm-none-eabi/4.9.3/armv7-m\libgcc.a(_aeabi_ldivmod.o)
[...]
Memory Configuration

Name             Origin             Length             Attributes
rom              0x00000000         0x00040000         xr
ram              0x1fff8000         0x00010000         xrw
*default*        0x00000000         0xffffffff

Linker script and memory map

LOAD c:/program files (x86)/cypress/psoc creator/3.3/psoc creator/import/gnu/arm/4.9.3/bin/../lib/gcc/arm-none-eabi/4.9.3/armv7-m/crti.o
LOAD c:/program files (x86)/cypress/psoc creator/3.3/psoc creator/import/gnu/arm/4.9.3/bin/../lib/gcc/arm-none-eabi/4.9.3/armv7-m/crtbegin.o
LOAD c:/program files (x86)/cypress/psoc creator/3.3/psoc creator/import/gnu/arm/4.9.3/bin/../lib/gcc/arm-none-eabi/4.9.3/../../../../arm-none-eabi/lib/armv7-m/crt0.o
START GROUP
LOAD .\CortexM3\ARM_GCC_493\Release\main.o
LOAD .\CortexM3\ARM_GCC_493\Release\cymetadata.o
LOAD .\CortexM3\ARM_GCC_493\Release\Cm3Start.o
LOAD .\CortexM3\ARM_GCC_493\Release\boost.soft.a
LOAD C:\Program Files (x86)\Cypress\PSoC Creator\3.3\PSoC Creator\psoc\content\cycomponentlibrary\CyComponentLibrary.cylib\CortexM3\ARM_GCC_493\Release\CyComponentLibrary.a
END GROUP
START GROUP
LOAD c:/program files (x86)/cypress/psoc creator/3.3/psoc creator/import/gnu/arm/4.9.3/bin/../lib/gcc/arm-none-eabi/4.9.3/armv7-m\libgcc.a
LOAD c:/program files (x86)/cypress/psoc creator/3.3/psoc creator/import/gnu/arm/4.9.3/bin/../lib/gcc/arm-none-eabi/4.9.3/../../../../arm-none-eabi/lib/armv7-m\libg_nano.a
LOAD c:/program files (x86)/cypress/psoc creator/3.3/psoc creator/import/gnu/arm/4.9.3/bin/../lib/gcc/arm-none-eabi/4.9.3/../../../../arm-none-eabi/lib/armv7-m\libc_nano.a
END GROUP
START GROUP
LOAD c:/program files (x86)/cypress/psoc creator/3.3/psoc creator/import/gnu/arm/4.9.3/bin/../lib/gcc/arm-none-eabi/4.9.3/armv7-m\libgcc.a
LOAD c:/program files (x86)/cypress/psoc creator/3.3/psoc creator/import/gnu/arm/4.9.3/bin/../lib/gcc/arm-none-eabi/4.9.3/../../../../arm-none-eabi/lib/armv7-m\libc_nano.a
END GROUP
LOAD c:/program files (x86)/cypress/psoc creator/3.3/psoc creator/import/gnu/arm/4.9.3/bin/../lib/gcc/arm-none-eabi/4.9.3/armv7-m/crtend.o
LOAD c:/program files (x86)/cypress/psoc creator/3.3/psoc creator/import/gnu/arm/4.9.3/bin/../lib/gcc/arm-none-eabi/4.9.3/armv7-m/crtn.o
START GROUP
LOAD c:/program files (x86)/cypress/psoc creator/3.3/psoc creator/import/gnu/arm/4.9.3/bin/../lib/gcc/arm-none-eabi/4.9.3/armv7-m\libgcc.a
LOAD c:/program files (x86)/cypress/psoc creator/3.3/psoc creator/import/gnu/arm/4.9.3/bin/../lib/gcc/arm-none-eabi/4.9.3/../../../../arm-none-eabi/lib/armv7-m\libc.a
LOAD c:/program files (x86)/cypress/psoc creator/3.3/psoc creator/import/gnu/arm/4.9.3/bin/../lib/gcc/arm-none-eabi/4.9.3/../../../../arm-none-eabi/lib/armv7-m\libnosys.a
END GROUP
                0x00000000                CY_APPL_ORIGIN = 0x0
                0x00000100                CY_FLASH_ROW_SIZE = 0x100
                0x00000020                CY_ECC_ROW_SIZE = 0x20
                0x00000000                CY_EE_IN_BTLDR = 0x0
                0x00000000                CY_APPL_LOADABLE = 0x0
                0x00000800                CY_EE_SIZE = 0x800
                0x00000001                CY_APPL_NUM = 0x1
                0x00000001                CY_APPL_MAX = 0x1
                0x00000040                CY_METADATA_SIZE = 0x40
                0x00000000                CY_APPL_LOADABLE = 0x0
                0x00000000                CY_CHECKSUM_EXCLUDE_SIZE = ALIGN (0x0, CY_FLASH_ROW_SIZE)
                0x1fff8618                PROVIDE (__cy_heap_start, _end)
                0x00000001                PROVIDE (__cy_region_num, ((__cy_regions_end - __cy_regions) / 0x10))
                0x20008000                PROVIDE (__cy_stack, (ORIGIN (ram) + 0x10000))
                0x20007800                PROVIDE (__cy_heap_end, (__cy_stack - 0x800))

.cybootloader   0x00000000        0x0
 *(.cybootloader)
                0x00000000                appl1_start = CY_APPL_ORIGIN?CY_APPL_ORIGIN:ALIGN (CY_FLASH_ROW_SIZE)
                0x0001ff00                appl2_start = (appl1_start + ALIGN ((((0x40000 - appl1_start) - (0x2 * CY_FLASH_ROW_SIZE)) / 0x2), CY_FLASH_ROW_SIZE))
                0x00000000                appl_start = (CY_APPL_NUM == 0x1)?appl1_start:appl2_start
                0x00000000                ecc_offset = ((appl_start / CY_FLASH_ROW_SIZE) * CY_ECC_ROW_SIZE)
                0x00000000                ee_offset = (CY_APPL_LOADABLE && ! (CY_EE_IN_BTLDR))?((CY_EE_SIZE / CY_APPL_MAX) * (CY_APPL_NUM - 0x1)):0x0
                0x00000800                ee_size = (CY_APPL_LOADABLE && ! (CY_EE_IN_BTLDR))?(CY_EE_SIZE / CY_APPL_MAX):CY_EE_SIZE
                0x00000000                PROVIDE (CY_ECC_OFFSET, ecc_offset)

.text           0x00000000      0xe4c
 CREATE_OBJECT_SYMBOLS
                0x00000000                PROVIDE (__cy_interrupt_vector, RomVectors)
 *(.romvectors)
 .romvectors    0x00000000       0x10 .\CortexM3\ARM_GCC_493\Release\Cm3Start.o
                0x00000000                RomVectors
                0x00000001                ASSERT ((. != __cy_interrupt_vector), No interrupt vector)
                0x00000001                ASSERT (CY_APPL_ORIGIN?(SIZEOF (.cybootloader) <= CY_APPL_ORIGIN):0x1, Wrong image location)
                0x00000010                PROVIDE (__cy_reset, Reset)
 *(.text.Reset)
 .text.Reset    0x00000010       0x18 .\CortexM3\ARM_GCC_493\Release\Cm3Start.o
                0x00000010                Reset
                0x00000001                ASSERT ((. != __cy_reset), No reset code)
 *(.dma_init)
                0x00000001                ASSERT ((((appl_start + .) <= 0x10000) || 0x1), DMA Init must be within the first 64k of flash)
 *(.text .text.* .gnu.linkonce.t.*)
 .text          0x00000028       0x5c c:/program files (x86)/cypress/psoc creator/3.3/psoc creator/import/gnu/arm/4.9.3/bin/../lib/gcc/arm-none-eabi/4.9.3/armv7-m/crtbegin.o
 .text.count    0x00000084       0x40 .\CortexM3\ARM_GCC_493\Release\main.o
                0x00000084                count
 .text.mode_pressed
                0x000000c4       0x20 .\CortexM3\ARM_GCC_493\Release\main.o
                0x000000c4                mode_pressed
 .text.up_pressed
                0x000000e4       0x38 .\CortexM3\ARM_GCC_493\Release\main.o
                0x000000e4                up_pressed
 .text.down_pressed
                0x0000011c       0x38 .\CortexM3\ARM_GCC_493\Release\main.o
                0x0000011c                down_pressed
 .text.poll     0x00000154       0x88 .\CortexM3\ARM_GCC_493\Release\main.o
                0x00000154                poll
 .text.sel      0x000001dc       0x70 .\CortexM3\ARM_GCC_493\Release\main.o
                0x000001dc                sel
 .text.seg      0x0000024c       0x50 .\CortexM3\ARM_GCC_493\Release\main.o
                0x0000024c                seg
 .text.delay    0x0000029c       0x20 .\CortexM3\ARM_GCC_493\Release\main.o
                0x0000029c                delay
 .text.startup.main
                0x000002bc      0x174 .\CortexM3\ARM_GCC_493\Release\main.o
                0x000002bc                main
 .text.IntDefaultHandler
                0x00000430        0x2 .\CortexM3\ARM_GCC_493\Release\Cm3Start.o
                0x00000430                IntDefaultHandler
 *fill*         0x00000432        0x2 
 .text.Start_c  0x00000434       0x50 .\CortexM3\ARM_GCC_493\Release\Cm3Start.o
                0x00000434                Start_c
 .text.startup.initialize_psoc
                0x00000484       0x74 .\CortexM3\ARM_GCC_493\Release\Cm3Start.o
                0x00000484                initialize_psoc
 .text.cyfitter_cfg
                0x000004f8      0x25c .\CortexM3\ARM_GCC_493\Release\boost.soft.a(cyfitter_cfg.o)
                0x000004f8                cyfitter_cfg
 .text.PWM_Init
                0x00000754       0x34 .\CortexM3\ARM_GCC_493\Release\boost.soft.a(PWM.o)
                0x00000754                PWM_Init
 .text.PWM_Enable
                0x00000788       0x10 .\CortexM3\ARM_GCC_493\Release\boost.soft.a(PWM.o)
                0x00000788                PWM_Enable
 .text.PWM_Start
                0x00000798       0x1c .\CortexM3\ARM_GCC_493\Release\boost.soft.a(PWM.o)
                0x00000798                PWM_Start
 .text.PWM_WriteCompare
                0x000007b4        0xc .\CortexM3\ARM_GCC_493\Release\boost.soft.a(PWM.o)
                0x000007b4                PWM_WriteCompare
 .text.ADC_Enable
                0x000007c0       0x9c .\CortexM3\ARM_GCC_493\Release\boost.soft.a(ADC.o)
                0x000007c0                ADC_Enable
 .text.ADC_SetResolution
                0x0000085c       0x60 .\CortexM3\ARM_GCC_493\Release\boost.soft.a(ADC.o)
                0x0000085c                ADC_SetResolution
 .text.ADC_Init
                0x000008bc       0x3c .\CortexM3\ARM_GCC_493\Release\boost.soft.a(ADC.o)
                0x000008bc                ADC_Init
 .text.ADC_Start
                0x000008f8       0x1c .\CortexM3\ARM_GCC_493\Release\boost.soft.a(ADC.o)
                0x000008f8                ADC_Start
 .text.ADC_ISR  0x00000914        0x2 .\CortexM3\ARM_GCC_493\Release\boost.soft.a(ADC_INT.o)
                0x00000914                ADC_ISR
 *fill*         0x00000916        0x2 
 .text.DMA1_DmaInitialize
                0x00000918       0x3c .\CortexM3\ARM_GCC_493\Release\boost.soft.a(DMA1_dma.o)
                0x00000918                DMA1_DmaInitialize
 .text.DMA2_DmaInitialize
                0x00000954       0x3c .\CortexM3\ARM_GCC_493\Release\boost.soft.a(DMA2_dma.o)
                0x00000954                DMA2_DmaInitialize
 .text.ADC_theACLK_SetModeRegister
                0x00000990       0x14 .\CortexM3\ARM_GCC_493\Release\boost.soft.a(ADC_theACLK.o)
                0x00000990                ADC_theACLK_SetModeRegister
 *fill*         0x000009a4        0x4 
 .text          0x000009a8       0x20 .\CortexM3\ARM_GCC_493\Release\boost.soft.a(CyBootAsmGnu.o)
                0x000009a8                CyDelayCycles
                0x000009b8                CyEnterCriticalSection
                0x000009c0                CyExitCriticalSection
 .text.CyDmacConfigure
                0x000009c8       0x2c .\CortexM3\ARM_GCC_493\Release\boost.soft.a(CyDmac.o)
                0x000009c8                CyDmacConfigure
 .text.CyDmaChEnable
                0x000009f4       0x2c .\CortexM3\ARM_GCC_493\Release\boost.soft.a(CyDmac.o)
                0x000009f4                CyDmaChEnable
 .text.CyDmaClearPendingDrq
                0x00000a20       0x2c .\CortexM3\ARM_GCC_493\Release\boost.soft.a(CyDmac.o)
                0x00000a20                CyDmaClearPendingDrq
 .text.CyDmaChPriority
                0x00000a4c       0x28 .\CortexM3\ARM_GCC_493\Release\boost.soft.a(CyDmac.o)
                0x00000a4c                CyDmaChPriority
 .text.CyDmaChSetExtendedAddress
                0x00000a74       0x2e .\CortexM3\ARM_GCC_493\Release\boost.soft.a(CyDmac.o)
                0x00000a74                CyDmaChSetExtendedAddress
 *fill*         0x00000aa2        0x2 
 .text.CyDmaChSetInitialTd
                0x00000aa4       0x18 .\CortexM3\ARM_GCC_493\Release\boost.soft.a(CyDmac.o)
                0x00000aa4                CyDmaChSetInitialTd
 .text.CyDmaChSetConfiguration
                0x00000abc       0x40 .\CortexM3\ARM_GCC_493\Release\boost.soft.a(CyDmac.o)
                0x00000abc                CyDmaChSetConfiguration
 .text.CyDmaTdAllocate
                0x00000afc       0x38 .\CortexM3\ARM_GCC_493\Release\boost.soft.a(CyDmac.o)
                0x00000afc                CyDmaTdAllocate
 .text.CyDmaTdSetConfiguration
                0x00000b34       0x24 .\CortexM3\ARM_GCC_493\Release\boost.soft.a(CyDmac.o)
                0x00000b34                CyDmaTdSetConfiguration
 .text.CyDmaTdSetAddress
                0x00000b58       0x1a .\CortexM3\ARM_GCC_493\Release\boost.soft.a(CyDmac.o)
                0x00000b58                CyDmaTdSetAddress
 *fill*         0x00000b72        0x2 
 .text.CyDelayUs
                0x00000b74       0x10 .\CortexM3\ARM_GCC_493\Release\boost.soft.a(CyLib.o)
                0x00000b74                CyDelayUs
 .text.CyIntSetVector
                0x00000b84       0x1c .\CortexM3\ARM_GCC_493\Release\boost.soft.a(CyLib.o)
                0x00000b84                CyIntSetVector
 .text.CyIntSetPriority
                0x00000ba0       0x14 .\CortexM3\ARM_GCC_493\Release\boost.soft.a(CyLib.o)
                0x00000ba0                CyIntSetPriority
 .text.DAC_Enable
                0x00000bb4       0x18 .\CortexM3\ARM_GCC_493\Release\boost.soft.a(DAC.o)
                0x00000bb4                DAC_Enable
 .text.DAC_SetSpeed
                0x00000bcc       0x1c .\CortexM3\ARM_GCC_493\Release\boost.soft.a(DAC.o)
                0x00000bcc                DAC_SetSpeed
 .text.DAC_SetValue
                0x00000be8        0xc .\CortexM3\ARM_GCC_493\Release\boost.soft.a(DAC.o)
                0x00000be8                DAC_SetValue
 .text.DAC_DacTrim
                0x00000bf4       0x24 .\CortexM3\ARM_GCC_493\Release\boost.soft.a(DAC.o)
                0x00000bf4                DAC_DacTrim
 .text.DAC_SetRange
                0x00000c18       0x1c .\CortexM3\ARM_GCC_493\Release\boost.soft.a(DAC.o)
                0x00000c18                DAC_SetRange
 .text.DAC_Init
                0x00000c34       0x20 .\CortexM3\ARM_GCC_493\Release\boost.soft.a(DAC.o)
                0x00000c34                DAC_Init
 .text.DAC_Start
                0x00000c54       0x24 .\CortexM3\ARM_GCC_493\Release\boost.soft.a(DAC.o)
                0x00000c54                DAC_Start
 .text.grid1_Write
                0x00000c78       0x18 .\CortexM3\ARM_GCC_493\Release\boost.soft.a(grid1.o)
                0x00000c78                grid1_Write
 .text.grid2_Write
                0x00000c90       0x18 .\CortexM3\ARM_GCC_493\Release\boost.soft.a(grid2.o)
                0x00000c90                grid2_Write
 .text.grid3_Write
                0x00000ca8       0x18 .\CortexM3\ARM_GCC_493\Release\boost.soft.a(grid3.o)
                0x00000ca8                grid3_Write
 .text.grid4_Write
                0x00000cc0       0x18 .\CortexM3\ARM_GCC_493\Release\boost.soft.a(grid4.o)
                0x00000cc0                grid4_Write
 .text.mode_Read
                0x00000cd8       0x10 .\CortexM3\ARM_GCC_493\Release\boost.soft.a(mode.o)
                0x00000cd8                mode_Read
 .text.down_Read
                0x00000ce8       0x10 .\CortexM3\ARM_GCC_493\Release\boost.soft.a(down.o)
                0x00000ce8                down_Read
 .text.up_Read  0x00000cf8       0x10 .\CortexM3\ARM_GCC_493\Release\boost.soft.a(up.o)
                0x00000cf8                up_Read
 .text.seg4_Write
                0x00000d08       0x18 .\CortexM3\ARM_GCC_493\Release\boost.soft.a(seg4.o)
                0x00000d08                seg4_Write
 .text.seg5_Write
                0x00000d20       0x18 .\CortexM3\ARM_GCC_493\Release\boost.soft.a(seg5.o)
                0x00000d20                seg5_Write
 .text.isr_StartEx
                0x00000d38       0x28 .\CortexM3\ARM_GCC_493\Release\boost.soft.a(isr.o)
                0x00000d38                isr_StartEx
 .text.seg2_Write
                0x00000d60       0x18 .\CortexM3\ARM_GCC_493\Release\boost.soft.a(seg2.o)
                0x00000d60                seg2_Write
 .text.seg0_Write
                0x00000d78       0x18 .\CortexM3\ARM_GCC_493\Release\boost.soft.a(seg0.o)
                0x00000d78                seg0_Write
 .text.seg6_Write
                0x00000d90       0x18 .\CortexM3\ARM_GCC_493\Release\boost.soft.a(seg6.o)
                0x00000d90                seg6_Write
 .text.seg1_Write
                0x00000da8       0x18 .\CortexM3\ARM_GCC_493\Release\boost.soft.a(seg1.o)
                0x00000da8                seg1_Write
 .text.seg3_Write
                0x00000dc0       0x18 .\CortexM3\ARM_GCC_493\Release\boost.soft.a(seg3.o)
                0x00000dc0                seg3_Write
 .text.seg7_Write
                0x00000dd8       0x18 .\CortexM3\ARM_GCC_493\Release\boost.soft.a(seg7.o)
                0x00000dd8                seg7_Write
 .text.__libc_init_array
                0x00000df0       0x4c c:/program files (x86)/cypress/psoc creator/3.3/psoc creator/import/gnu/arm/4.9.3/bin/../lib/gcc/arm-none-eabi/4.9.3/../../../../arm-none-eabi/lib/armv7-m\libg_nano.a(lib_a-init.o)
                0x00000df0                __libc_init_array
 .text.memset   0x00000e3c       0x10 c:/program files (x86)/cypress/psoc creator/3.3/psoc creator/import/gnu/arm/4.9.3/bin/../lib/gcc/arm-none-eabi/4.9.3/../../../../arm-none-eabi/lib/armv7-m\libg_nano.a(lib_a-memset.o)
                0x00000e3c                memset
 *(.plt)
 *(.gnu.warning)
 *(.glue_7t)
 .glue_7t       0x00000000        0x0 linker stubs
 *(.glue_7)
 .glue_7        0x00000000        0x0 linker stubs
 *(.vfp11_veneer)
 .vfp11_veneer  0x00000000        0x0 linker stubs
 *(.bootloader)
 *(.ARM.extab* .gnu.linkonce.armextab.*)
 *(.gcc_except_table)

.v4_bx          0x00000e4c        0x0
 .v4_bx         0x00000000        0x0 linker stubs

.iplt           0x00000e4c        0x0
 .iplt          0x00000000        0x0 c:/program files (x86)/cypress/psoc creator/3.3/psoc creator/import/gnu/arm/4.9.3/bin/../lib/gcc/arm-none-eabi/4.9.3/armv7-m/crtbegin.o

.eh_frame_hdr
 *(.eh_frame_hdr)

.eh_frame       0x00000e4c        0x4
 *(.eh_frame)
 .eh_frame      0x00000e4c        0x0 c:/program files (x86)/cypress/psoc creator/3.3/psoc creator/import/gnu/arm/4.9.3/bin/../lib/gcc/arm-none-eabi/4.9.3/armv7-m/crtbegin.o
 .eh_frame      0x00000e4c        0x4 c:/program files (x86)/cypress/psoc creator/3.3/psoc creator/import/gnu/arm/4.9.3/bin/../lib/gcc/arm-none-eabi/4.9.3/armv7-m/crtend.o
                0x00000e50                PROVIDE (__exidx_start, .)

.ARM.exidx
 *(.ARM.exidx* .gnu.linkonce.armexidx.*)
                0x00000e50                __exidx_end = .

.rodata         0x00000e50       0x78
 *(.rodata .rodata.* .gnu.linkonce.r.*)
 .rodata        0x00000e50       0x10 .\CortexM3\ARM_GCC_493\Release\main.o
 .rodata        0x00000e60       0x2a .\CortexM3\ARM_GCC_493\Release\boost.soft.a(cyfitter_cfg.o)
 .rodata        0x00000e8a        0xa .\CortexM3\ARM_GCC_493\Release\boost.soft.a(ADC.o)
                0x00000e94                . = ALIGN (0x4)
 *(.init)
 .init          0x00000e94        0x4 c:/program files (x86)/cypress/psoc creator/3.3/psoc creator/import/gnu/arm/4.9.3/bin/../lib/gcc/arm-none-eabi/4.9.3/armv7-m/crti.o
                0x00000e94                _init
 .init          0x00000e98        0x8 c:/program files (x86)/cypress/psoc creator/3.3/psoc creator/import/gnu/arm/4.9.3/bin/../lib/gcc/arm-none-eabi/4.9.3/armv7-m/crtn.o
                0x00000ea0                . = ALIGN (0x4)
                0x00000ea0                __preinit_array_start = .
 *(.preinit_array)
                0x00000ea0                __preinit_array_end = .
                0x00000ea0                . = ALIGN (0x4)
                0x00000ea0                __init_array_start = .
 *(SORT(.init_array.*))
 *(.init_array)
 .init_array    0x00000ea0        0x4 c:/program files (x86)/cypress/psoc creator/3.3/psoc creator/import/gnu/arm/4.9.3/bin/../lib/gcc/arm-none-eabi/4.9.3/armv7-m/crtbegin.o
 .init_array    0x00000ea4        0x4 .\CortexM3\ARM_GCC_493\Release\Cm3Start.o
                0x00000ea8                __init_array_end = .
                0x00000ea8                . = ALIGN (0x4)
 *(.fini)
 .fini          0x00000ea8        0x4 c:/program files (x86)/cypress/psoc creator/3.3/psoc creator/import/gnu/arm/4.9.3/bin/../lib/gcc/arm-none-eabi/4.9.3/armv7-m/crti.o
                0x00000ea8                _fini
 .fini          0x00000eac        0x8 c:/program files (x86)/cypress/psoc creator/3.3/psoc creator/import/gnu/arm/4.9.3/bin/../lib/gcc/arm-none-eabi/4.9.3/armv7-m/crtn.o
                0x00000eb4                . = ALIGN (0x4)
                0x00000eb4                __fini_array_start = .
 *(.fini_array)
 .fini_array    0x00000eb4        0x4 c:/program files (x86)/cypress/psoc creator/3.3/psoc creator/import/gnu/arm/4.9.3/bin/../lib/gcc/arm-none-eabi/4.9.3/armv7-m/crtbegin.o
 *(SORT(.fini_array.*))
                0x00000eb8                __fini_array_end = .
                0x00000eb8                . = ALIGN (0x4)
 *crtbegin.o(.ctors)
 *(EXCLUDE_FILE(*crtend.o) .ctors)
 *(SORT(.ctors.*))
 *crtend.o(.ctors)
                0x00000eb8                . = ALIGN (0x4)
 *crtbegin.o(.dtors)
 *(EXCLUDE_FILE(*crtend.o) .dtors)
 *(SORT(.dtors.*))
 *crtend.o(.dtors)
                0x00000eb8                . = ALIGN (0x4)
                0x00000eb8                __cy_regions = .
                0x00000eb8        0x4 LONG 0xec8 __cy_region_init_ram
                0x00000ebc        0x4 LONG 0x1fff8108 __cy_region_start_data
                0x00000ec0        0x4 LONG 0x20 __cy_region_init_size_ram
                0x00000ec4        0x4 LONG 0x4f0 __cy_region_zero_size_ram
                0x00000ec8                __cy_regions_end = .
                0x00000ec8                . = ALIGN (0x8)
                0x00000ec8                _etext = .

.cy_checksum_exclude
                0x00000ec8        0x0
 *(.cy_checksum_exclude)

.ramvectors     0x1fff8000      0x100
                0x1fff8000                __cy_region_start_ram = .
 *(.ramvectors)
 .ramvectors    0x1fff8000      0x100 .\CortexM3\ARM_GCC_493\Release\Cm3Start.o
                0x1fff8000                CyRamVectors

.noinit         0x1fff8100        0x5
 *(.noinit)
 .noinit        0x1fff8100        0x4 .\CortexM3\ARM_GCC_493\Release\Cm3Start.o
 .noinit        0x1fff8104        0x1 .\CortexM3\ARM_GCC_493\Release\boost.soft.a(CyLib.o)
                0x1fff8104                CyResetStatus

.data           0x1fff8108       0x20 load address 0x00000ec8
                0x1fff8108                __cy_region_start_data = .
 *(.jcr)
 .jcr           0x1fff8108        0x0 c:/program files (x86)/cypress/psoc creator/3.3/psoc creator/import/gnu/arm/4.9.3/bin/../lib/gcc/arm-none-eabi/4.9.3/armv7-m/crtbegin.o
 .jcr           0x1fff8108        0x4 c:/program files (x86)/cypress/psoc creator/3.3/psoc creator/import/gnu/arm/4.9.3/bin/../lib/gcc/arm-none-eabi/4.9.3/armv7-m/crtend.o
 *(.got.plt)
 *(.got)
 *(.shdata)
 *(.data .data.* .gnu.linkonce.d.*)
 .data          0x1fff810c        0x1 .\CortexM3\ARM_GCC_493\Release\boost.soft.a(DMA1_dma.o)
                0x1fff810c                DMA1_DmaHandle
 .data          0x1fff810d        0x1 .\CortexM3\ARM_GCC_493\Release\boost.soft.a(DMA2_dma.o)
                0x1fff810d                DMA2_DmaHandle
 *fill*         0x1fff810e        0x2 
 .data          0x1fff8110        0x8 .\CortexM3\ARM_GCC_493\Release\boost.soft.a(CyDmac.o)
 .data          0x1fff8118       0x10 .\CortexM3\ARM_GCC_493\Release\boost.soft.a(CyLib.o)
                0x1fff8118                cydelay_32k_ms
                0x1fff811c                cydelay_freq_khz
                0x1fff8120                cydelay_freq_mhz
                0x1fff8124                cydelay_freq_hz
                0x1fff8128                . = ALIGN (0x8)
 *(.ram)
                0x1fff8128                _edata = .

.igot.plt       0x1fff8128        0x0 load address 0x00000ee8
 .igot.plt      0x00000000        0x0 c:/program files (x86)/cypress/psoc creator/3.3/psoc creator/import/gnu/arm/4.9.3/bin/../lib/gcc/arm-none-eabi/4.9.3/armv7-m/crtbegin.o

.bss            0x1fff8200      0x418 load address 0x00000ee8
                0x1fff8200                PROVIDE (__bss_start__, .)
 *(.shbss)
 *(.bss .bss.* .gnu.linkonce.b.*)
 .bss           0x1fff8200       0x1c c:/program files (x86)/cypress/psoc creator/3.3/psoc creator/import/gnu/arm/4.9.3/bin/../lib/gcc/arm-none-eabi/4.9.3/armv7-m/crtbegin.o
 *fill*         0x1fff821c       0xe4 
 .bss           0x1fff8300      0x300 .\CortexM3\ARM_GCC_493\Release\main.o
 .bss           0x1fff8600        0x1 .\CortexM3\ARM_GCC_493\Release\boost.soft.a(PWM.o)
                0x1fff8600                PWM_initVar
 .bss           0x1fff8601        0x1 .\CortexM3\ARM_GCC_493\Release\boost.soft.a(ADC.o)
                0x1fff8601                ADC_initVar
 .bss           0x1fff8602        0x1 .\CortexM3\ARM_GCC_493\Release\boost.soft.a(DAC.o)
                0x1fff8602                DAC_initVar
 *(COMMON)
 COMMON         0x1fff8603        0x3 .\CortexM3\ARM_GCC_493\Release\main.o
                0x1fff8603                s
                0x1fff8604                h
                0x1fff8605                m
 *fill*         0x1fff8606        0x2 
 COMMON         0x1fff8608        0xa .\CortexM3\ARM_GCC_493\Release\boost.soft.a(ADC.o)
                0x1fff8608                ADC_countsPer10Volt
                0x1fff860c                ADC_shift
                0x1fff860e                ADC_countsPerVolt
                0x1fff8610                ADC_offset
                0x1fff8618                . = ALIGN (0x8)
 *fill*         0x1fff8612        0x6 
 *(.ram.b)
                0x1fff8618                _end = .
                0x1fff8618                __end = .
                0x1fff8618                PROVIDE (end, .)
                0x1fff8618                PROVIDE (__bss_end__, .)
                0x00000ec8                __cy_region_init_ram = LOADADDR (.data)
                0x00000020                __cy_region_init_size_ram = (_edata - ADDR (.data))
                0x000004f0                __cy_region_zero_size_ram = (_end - _edata)

.heap           0x1fff8618       0x80 load address 0x00000ee8
                0x1fff8618                . = _end
                0x1fff8698                . = (. + 0x80)
 *fill*         0x1fff8618       0x80 
                0x1fff8698                __cy_heap_limit = .

.stack          0x20007800      0x800
                0x20007800                __cy_stack_limit = .
                0x20008000                . = (. + 0x800)
 *fill*         0x20007800      0x800 
                0x00000001                ASSERT ((__cy_stack_limit >= __cy_heap_limit), region RAM overflowed with stack)
                0x00000000                cy_checksum_exclude_size = (CY_APPL_LOADABLE == 0x1)?SIZEOF (.cy_checksum_exclude):0x0
                0x00000001                ASSERT ((cy_checksum_exclude_size <= CY_CHECKSUM_EXCLUDE_SIZE), CY_BOOT: Section .cy_checksum_exclude size exceedes specified limit.)

.cyloadermeta
 *(.cyloadermeta)

.cyloadablemeta
 *(.cyloadablemeta)

.cyconfigecc    0x80000000      0x154
 *(.cyconfigecc)
 .cyconfigecc   0x80000000      0x154 .\CortexM3\ARM_GCC_493\Release\cymetadata.o
                0x80000000                cy_meta_configecc

.cycustnvl      0x90000000        0x4
 *(.cycustnvl)
 .cycustnvl     0x90000000        0x4 .\CortexM3\ARM_GCC_493\Release\cymetadata.o
                0x90000000                cy_meta_custnvl

.cywolatch      0x90100000        0x4
 *(.cywolatch)
 .cywolatch     0x90100000        0x4 .\CortexM3\ARM_GCC_493\Release\cymetadata.o
                0x90100000                cy_meta_wonvl

.cyeeprom       0x90200000        0x0
 *(.cyeeprom)
                0x00000001                ASSERT ((. <= ((0x90200000 + ee_offset) + ee_size)), .cyeeprom data will not fit in EEPROM)

.cyflashprotect
                0x90400000      0x100
 *(.cyflashprotect)
 .cyflashprotect
                0x90400000      0x100 .\CortexM3\ARM_GCC_493\Release\cymetadata.o
                0x90400000                cy_meta_flashprotect

.cymeta         0x90500000        0xc
 *(.cymeta)
 .cymeta        0x90500000        0xc .\CortexM3\ARM_GCC_493\Release\cymetadata.o
                0x90500000                cy_metadata

.rel.dyn        0x00000ee8        0x0 load address 0x9050000c
 .rel.iplt      0x00000000        0x0 c:/program files (x86)/cypress/psoc creator/3.3/psoc creator/import/gnu/arm/4.9.3/bin/../lib/gcc/arm-none-eabi/4.9.3/armv7-m/crtbegin.o

.stab
 *(.stab)

.stabstr
 *(.stabstr)

.debug
 *(.debug)

.line
 *(.line)

.debug_srcinfo
 *(.debug_srcinfo)

.debug_sfnames
 *(.debug_sfnames)

.debug_aranges  0x00000000      0xbf0
 *(.debug_aranges)
 .debug_aranges
                0x00000000       0x60 .\CortexM3\ARM_GCC_493\Release\main.o
 .debug_aranges
                0x00000060       0x18 .\CortexM3\ARM_GCC_493\Release\cymetadata.o
 .debug_aranges
                0x00000078       0x48 .\CortexM3\ARM_GCC_493\Release\Cm3Start.o
 .debug_aranges
                0x000000c0       0x28 .\CortexM3\ARM_GCC_493\Release\boost.soft.a(cyfitter_cfg.o)
 .debug_aranges
                0x000000e8       0x80 .\CortexM3\ARM_GCC_493\Release\boost.soft.a(PWM.o)
 .debug_aranges
                0x00000168       0xa0 .\CortexM3\ARM_GCC_493\Release\boost.soft.a(ADC.o)
 .debug_aranges
                0x00000208       0x20 .\CortexM3\ARM_GCC_493\Release\boost.soft.a(ADC_INT.o)
 .debug_aranges
                0x00000228       0x28 .\CortexM3\ARM_GCC_493\Release\boost.soft.a(DMA1_dma.o)
 .debug_aranges
                0x00000250       0x28 .\CortexM3\ARM_GCC_493\Release\boost.soft.a(DMA2_dma.o)
 .debug_aranges
                0x00000278       0x70 .\CortexM3\ARM_GCC_493\Release\boost.soft.a(ADC_theACLK.o)
 .debug_aranges
                0x000002e8       0x20 .\CortexM3\ARM_GCC_493\Release\boost.soft.a(CyBootAsmGnu.o)
 .debug_aranges
                0x00000308       0xd8 .\CortexM3\ARM_GCC_493\Release\boost.soft.a(CyDmac.o)
 .debug_aranges
                0x000003e0      0x290 .\CortexM3\ARM_GCC_493\Release\boost.soft.a(CyLib.o)
 .debug_aranges
                0x00000670       0x78 .\CortexM3\ARM_GCC_493\Release\boost.soft.a(cyPm.o)
 .debug_aranges
                0x000006e8       0x58 .\CortexM3\ARM_GCC_493\Release\boost.soft.a(DAC.o)
 .debug_aranges
                0x00000740       0x38 .\CortexM3\ARM_GCC_493\Release\boost.soft.a(grid1.o)
 .debug_aranges
                0x00000778       0x38 .\CortexM3\ARM_GCC_493\Release\boost.soft.a(grid2.o)
 .debug_aranges
                0x000007b0       0x38 .\CortexM3\ARM_GCC_493\Release\boost.soft.a(grid3.o)
 .debug_aranges
                0x000007e8       0x38 .\CortexM3\ARM_GCC_493\Release\boost.soft.a(grid4.o)
 .debug_aranges
                0x00000820       0x38 .\CortexM3\ARM_GCC_493\Release\boost.soft.a(mode.o)
 .debug_aranges
                0x00000858       0x38 .\CortexM3\ARM_GCC_493\Release\boost.soft.a(down.o)
 .debug_aranges
                0x00000890       0x38 .\CortexM3\ARM_GCC_493\Release\boost.soft.a(up.o)
 .debug_aranges
                0x000008c8       0x38 .\CortexM3\ARM_GCC_493\Release\boost.soft.a(seg4.o)
 .debug_aranges
                0x00000900       0x38 .\CortexM3\ARM_GCC_493\Release\boost.soft.a(seg5.o)
 .debug_aranges
                0x00000938       0x80 .\CortexM3\ARM_GCC_493\Release\boost.soft.a(isr.o)
 .debug_aranges
                0x000009b8       0x38 .\CortexM3\ARM_GCC_493\Release\boost.soft.a(seg2.o)
 .debug_aranges
                0x000009f0       0x38 .\CortexM3\ARM_GCC_493\Release\boost.soft.a(seg0.o)
 .debug_aranges
                0x00000a28       0x38 .\CortexM3\ARM_GCC_493\Release\boost.soft.a(seg6.o)
 .debug_aranges
                0x00000a60       0x38 .\CortexM3\ARM_GCC_493\Release\boost.soft.a(seg1.o)
 .debug_aranges
                0x00000a98       0x38 .\CortexM3\ARM_GCC_493\Release\boost.soft.a(seg3.o)
 .debug_aranges
                0x00000ad0       0x38 .\CortexM3\ARM_GCC_493\Release\boost.soft.a(seg7.o)
 .debug_aranges
                0x00000b08       0x70 .\CortexM3\ARM_GCC_493\Release\boost.soft.a(CyFlash.o)
 .debug_aranges
                0x00000b78       0x78 .\CortexM3\ARM_GCC_493\Release\boost.soft.a(CySpc.o)

.debug_pubnames
 *(.debug_pubnames)

.debug_info     0x00000000     0x6c4c
 *(.debug_info .gnu.linkonce.wi.*)
 .debug_info    0x00000000      0x9d0 .\CortexM3\ARM_GCC_493\Release\main.o
 .debug_info    0x000009d0      0x13b .\CortexM3\ARM_GCC_493\Release\cymetadata.o
 .debug_info    0x00000b0b      0x3af .\CortexM3\ARM_GCC_493\Release\Cm3Start.o
 .debug_info    0x00000eba      0x59e .\CortexM3\ARM_GCC_493\Release\boost.soft.a(cyfitter_cfg.o)
 .debug_info    0x00001458      0x2b4 .\CortexM3\ARM_GCC_493\Release\boost.soft.a(PWM.o)
 .debug_info    0x0000170c      0x5c9 .\CortexM3\ARM_GCC_493\Release\boost.soft.a(ADC.o)
 .debug_info    0x00001cd5       0x92 .\CortexM3\ARM_GCC_493\Release\boost.soft.a(ADC_INT.o)
 .debug_info    0x00001d67      0x1fd .\CortexM3\ARM_GCC_493\Release\boost.soft.a(DMA1_dma.o)
 .debug_info    0x00001f64      0x1fd .\CortexM3\ARM_GCC_493\Release\boost.soft.a(DMA2_dma.o)
 .debug_info    0x00002161      0x29d .\CortexM3\ARM_GCC_493\Release\boost.soft.a(ADC_theACLK.o)
 .debug_info    0x000023fe       0x94 .\CortexM3\ARM_GCC_493\Release\boost.soft.a(CyBootAsmGnu.o)
 .debug_info    0x00002492      0x937 .\CortexM3\ARM_GCC_493\Release\boost.soft.a(CyDmac.o)
 .debug_info    0x00002dc9     0x133c .\CortexM3\ARM_GCC_493\Release\boost.soft.a(CyLib.o)
 .debug_info    0x00004105      0x9a5 .\CortexM3\ARM_GCC_493\Release\boost.soft.a(cyPm.o)
 .debug_info    0x00004aaa      0x1f8 .\CortexM3\ARM_GCC_493\Release\boost.soft.a(DAC.o)
 .debug_info    0x00004ca2      0x121 .\CortexM3\ARM_GCC_493\Release\boost.soft.a(grid1.o)
 .debug_info    0x00004dc3      0x121 .\CortexM3\ARM_GCC_493\Release\boost.soft.a(grid2.o)
 .debug_info    0x00004ee4      0x121 .\CortexM3\ARM_GCC_493\Release\boost.soft.a(grid3.o)
 .debug_info    0x00005005      0x121 .\CortexM3\ARM_GCC_493\Release\boost.soft.a(grid4.o)
 .debug_info    0x00005126      0x121 .\CortexM3\ARM_GCC_493\Release\boost.soft.a(mode.o)
 .debug_info    0x00005247      0x121 .\CortexM3\ARM_GCC_493\Release\boost.soft.a(down.o)
 .debug_info    0x00005368      0x121 .\CortexM3\ARM_GCC_493\Release\boost.soft.a(up.o)
 .debug_info    0x00005489      0x121 .\CortexM3\ARM_GCC_493\Release\boost.soft.a(seg4.o)
 .debug_info    0x000055aa      0x121 .\CortexM3\ARM_GCC_493\Release\boost.soft.a(seg5.o)
 .debug_info    0x000056cb      0x377 .\CortexM3\ARM_GCC_493\Release\boost.soft.a(isr.o)
 .debug_info    0x00005a42      0x121 .\CortexM3\ARM_GCC_493\Release\boost.soft.a(seg2.o)
 .debug_info    0x00005b63      0x121 .\CortexM3\ARM_GCC_493\Release\boost.soft.a(seg0.o)
 .debug_info    0x00005c84      0x121 .\CortexM3\ARM_GCC_493\Release\boost.soft.a(seg6.o)
 .debug_info    0x00005da5      0x121 .\CortexM3\ARM_GCC_493\Release\boost.soft.a(seg1.o)
 .debug_info    0x00005ec6      0x121 .\CortexM3\ARM_GCC_493\Release\boost.soft.a(seg3.o)
 .debug_info    0x00005fe7      0x121 .\CortexM3\ARM_GCC_493\Release\boost.soft.a(seg7.o)
 .debug_info    0x00006108      0x65a .\CortexM3\ARM_GCC_493\Release\boost.soft.a(CyFlash.o)
 .debug_info    0x00006762      0x4ea .\CortexM3\ARM_GCC_493\Release\boost.soft.a(CySpc.o)

.debug_abbrev   0x00000000     0x268c
 *(.debug_abbrev)
 .debug_abbrev  0x00000000      0x2a9 .\CortexM3\ARM_GCC_493\Release\main.o
 .debug_abbrev  0x000002a9       0x66 .\CortexM3\ARM_GCC_493\Release\cymetadata.o
 .debug_abbrev  0x0000030f      0x200 .\CortexM3\ARM_GCC_493\Release\Cm3Start.o
 .debug_abbrev  0x0000050f      0x258 .\CortexM3\ARM_GCC_493\Release\boost.soft.a(cyfitter_cfg.o)
 .debug_abbrev  0x00000767      0x184 .\CortexM3\ARM_GCC_493\Release\boost.soft.a(PWM.o)
 .debug_abbrev  0x000008eb      0x225 .\CortexM3\ARM_GCC_493\Release\boost.soft.a(ADC.o)
 .debug_abbrev  0x00000b10       0x42 .\CortexM3\ARM_GCC_493\Release\boost.soft.a(ADC_INT.o)
 .debug_abbrev  0x00000b52       0xee .\CortexM3\ARM_GCC_493\Release\boost.soft.a(DMA1_dma.o)
 .debug_abbrev  0x00000c40       0xee .\CortexM3\ARM_GCC_493\Release\boost.soft.a(DMA2_dma.o)
 .debug_abbrev  0x00000d2e      0x144 .\CortexM3\ARM_GCC_493\Release\boost.soft.a(ADC_theACLK.o)
 .debug_abbrev  0x00000e72       0x14 .\CortexM3\ARM_GCC_493\Release\boost.soft.a(CyBootAsmGnu.o)
 .debug_abbrev  0x00000e86      0x1f0 .\CortexM3\ARM_GCC_493\Release\boost.soft.a(CyDmac.o)
 .debug_abbrev  0x00001076      0x3c9 .\CortexM3\ARM_GCC_493\Release\boost.soft.a(CyLib.o)
 .debug_abbrev  0x0000143f      0x217 .\CortexM3\ARM_GCC_493\Release\boost.soft.a(cyPm.o)
 .debug_abbrev  0x00001656      0x14e .\CortexM3\ARM_GCC_493\Release\boost.soft.a(DAC.o)
 .debug_abbrev  0x000017a4       0x90 .\CortexM3\ARM_GCC_493\Release\boost.soft.a(grid1.o)
 .debug_abbrev  0x00001834       0x90 .\CortexM3\ARM_GCC_493\Release\boost.soft.a(grid2.o)
 .debug_abbrev  0x000018c4       0x90 .\CortexM3\ARM_GCC_493\Release\boost.soft.a(grid3.o)
 .debug_abbrev  0x00001954       0x90 .\CortexM3\ARM_GCC_493\Release\boost.soft.a(grid4.o)
 .debug_abbrev  0x000019e4       0x90 .\CortexM3\ARM_GCC_493\Release\boost.soft.a(mode.o)
 .debug_abbrev  0x00001a74       0x90 .\CortexM3\ARM_GCC_493\Release\boost.soft.a(down.o)
 .debug_abbrev  0x00001b04       0x90 .\CortexM3\ARM_GCC_493\Release\boost.soft.a(up.o)
 .debug_abbrev  0x00001b94       0x90 .\CortexM3\ARM_GCC_493\Release\boost.soft.a(seg4.o)
 .debug_abbrev  0x00001c24       0x90 .\CortexM3\ARM_GCC_493\Release\boost.soft.a(seg5.o)
 .debug_abbrev  0x00001cb4      0x21b .\CortexM3\ARM_GCC_493\Release\boost.soft.a(isr.o)
 .debug_abbrev  0x00001ecf       0x90 .\CortexM3\ARM_GCC_493\Release\boost.soft.a(seg2.o)
 .debug_abbrev  0x00001f5f       0x90 .\CortexM3\ARM_GCC_493\Release\boost.soft.a(seg0.o)
 .debug_abbrev  0x00001fef       0x90 .\CortexM3\ARM_GCC_493\Release\boost.soft.a(seg6.o)
 .debug_abbrev  0x0000207f       0x90 .\CortexM3\ARM_GCC_493\Release\boost.soft.a(seg1.o)
 .debug_abbrev  0x0000210f       0x90 .\CortexM3\ARM_GCC_493\Release\boost.soft.a(seg3.o)
 .debug_abbrev  0x0000219f       0x90 .\CortexM3\ARM_GCC_493\Release\boost.soft.a(seg7.o)
 .debug_abbrev  0x0000222f      0x28e .\CortexM3\ARM_GCC_493\Release\boost.soft.a(CyFlash.o)
 .debug_abbrev  0x000024bd      0x1cf .\CortexM3\ARM_GCC_493\Release\boost.soft.a(CySpc.o)

.debug_line     0x00000000     0x2c39
 *(.debug_line)
 .debug_line    0x00000000      0x34b .\CortexM3\ARM_GCC_493\Release\main.o
 .debug_line    0x0000034b       0x53 .\CortexM3\ARM_GCC_493\Release\cymetadata.o
 .debug_line    0x0000039e      0x229 .\CortexM3\ARM_GCC_493\Release\Cm3Start.o
 .debug_line    0x000005c7      0x1c8 .\CortexM3\ARM_GCC_493\Release\boost.soft.a(cyfitter_cfg.o)
 .debug_line    0x0000078f      0x143 .\CortexM3\ARM_GCC_493\Release\boost.soft.a(PWM.o)
 .debug_line    0x000008d2      0x20b .\CortexM3\ARM_GCC_493\Release\boost.soft.a(ADC.o)
 .debug_line    0x00000add       0x52 .\CortexM3\ARM_GCC_493\Release\boost.soft.a(ADC_INT.o)
 .debug_line    0x00000b2f       0x9d .\CortexM3\ARM_GCC_493\Release\boost.soft.a(DMA1_dma.o)
 .debug_line    0x00000bcc       0x9d .\CortexM3\ARM_GCC_493\Release\boost.soft.a(DMA2_dma.o)
 .debug_line    0x00000c69      0x1cb .\CortexM3\ARM_GCC_493\Release\boost.soft.a(ADC_theACLK.o)
 .debug_line    0x00000e34       0x68 .\CortexM3\ARM_GCC_493\Release\boost.soft.a(CyBootAsmGnu.o)
 .debug_line    0x00000e9c      0x2eb .\CortexM3\ARM_GCC_493\Release\boost.soft.a(CyDmac.o)
 .debug_line    0x00001187      0x7e9 .\CortexM3\ARM_GCC_493\Release\boost.soft.a(CyLib.o)
 .debug_line    0x00001970      0x3b3 .\CortexM3\ARM_GCC_493\Release\boost.soft.a(cyPm.o)
 .debug_line    0x00001d23       0xf1 .\CortexM3\ARM_GCC_493\Release\boost.soft.a(DAC.o)
 .debug_line    0x00001e14       0x98 .\CortexM3\ARM_GCC_493\Release\boost.soft.a(grid1.o)
 .debug_line    0x00001eac       0x98 .\CortexM3\ARM_GCC_493\Release\boost.soft.a(grid2.o)
 .debug_line    0x00001f44       0x94 .\CortexM3\ARM_GCC_493\Release\boost.soft.a(grid3.o)
 .debug_line    0x00001fd8       0x98 .\CortexM3\ARM_GCC_493\Release\boost.soft.a(grid4.o)
 .debug_line    0x00002070       0x97 .\CortexM3\ARM_GCC_493\Release\boost.soft.a(mode.o)
 .debug_line    0x00002107       0x97 .\CortexM3\ARM_GCC_493\Release\boost.soft.a(down.o)
 .debug_line    0x0000219e       0x95 .\CortexM3\ARM_GCC_493\Release\boost.soft.a(up.o)
 .debug_line    0x00002233       0x97 .\CortexM3\ARM_GCC_493\Release\boost.soft.a(seg4.o)
 .debug_line    0x000022ca       0x97 .\CortexM3\ARM_GCC_493\Release\boost.soft.a(seg5.o)
 .debug_line    0x00002361      0x16c .\CortexM3\ARM_GCC_493\Release\boost.soft.a(isr.o)
 .debug_line    0x000024cd       0x93 .\CortexM3\ARM_GCC_493\Release\boost.soft.a(seg2.o)
 .debug_line    0x00002560       0x97 .\CortexM3\ARM_GCC_493\Release\boost.soft.a(seg0.o)
 .debug_line    0x000025f7       0x97 .\CortexM3\ARM_GCC_493\Release\boost.soft.a(seg6.o)
 .debug_line    0x0000268e       0x97 .\CortexM3\ARM_GCC_493\Release\boost.soft.a(seg1.o)
 .debug_line    0x00002725       0x97 .\CortexM3\ARM_GCC_493\Release\boost.soft.a(seg3.o)
 .debug_line    0x000027bc       0x97 .\CortexM3\ARM_GCC_493\Release\boost.soft.a(seg7.o)
 .debug_line    0x00002853      0x1c2 .\CortexM3\ARM_GCC_493\Release\boost.soft.a(CyFlash.o)
 .debug_line    0x00002a15      0x224 .\CortexM3\ARM_GCC_493\Release\boost.soft.a(CySpc.o)

.debug_frame    0x00000000     0x1b20
 *(.debug_frame)
 .debug_frame   0x00000000      0x114 .\CortexM3\ARM_GCC_493\Release\main.o
 .debug_frame   0x00000114       0xac .\CortexM3\ARM_GCC_493\Release\Cm3Start.o
 .debug_frame   0x000001c0       0x48 .\CortexM3\ARM_GCC_493\Release\boost.soft.a(cyfitter_cfg.o)
 .debug_frame   0x00000208       0xf0 .\CortexM3\ARM_GCC_493\Release\boost.soft.a(PWM.o)
 .debug_frame   0x000002f8      0x190 .\CortexM3\ARM_GCC_493\Release\boost.soft.a(ADC.o)
 .debug_frame   0x00000488       0x20 .\CortexM3\ARM_GCC_493\Release\boost.soft.a(ADC_INT.o)
 .debug_frame   0x000004a8       0x48 .\CortexM3\ARM_GCC_493\Release\boost.soft.a(DMA1_dma.o)
 .debug_frame   0x000004f0       0x48 .\CortexM3\ARM_GCC_493\Release\boost.soft.a(DMA2_dma.o)
 .debug_frame   0x00000538       0xe0 .\CortexM3\ARM_GCC_493\Release\boost.soft.a(ADC_theACLK.o)
 .debug_frame   0x00000618      0x200 .\CortexM3\ARM_GCC_493\Release\boost.soft.a(CyDmac.o)
 .debug_frame   0x00000818      0x6e0 .\CortexM3\ARM_GCC_493\Release\boost.soft.a(CyLib.o)
 .debug_frame   0x00000ef8      0x1c4 .\CortexM3\ARM_GCC_493\Release\boost.soft.a(cyPm.o)
 .debug_frame   0x000010bc       0xac .\CortexM3\ARM_GCC_493\Release\boost.soft.a(DAC.o)
 .debug_frame   0x00001168       0x50 .\CortexM3\ARM_GCC_493\Release\boost.soft.a(grid1.o)
 .debug_frame   0x000011b8       0x50 .\CortexM3\ARM_GCC_493\Release\boost.soft.a(grid2.o)
 .debug_frame   0x00001208       0x50 .\CortexM3\ARM_GCC_493\Release\boost.soft.a(grid3.o)
 .debug_frame   0x00001258       0x50 .\CortexM3\ARM_GCC_493\Release\boost.soft.a(grid4.o)
 .debug_frame   0x000012a8       0x50 .\CortexM3\ARM_GCC_493\Release\boost.soft.a(mode.o)
 .debug_frame   0x000012f8       0x50 .\CortexM3\ARM_GCC_493\Release\boost.soft.a(down.o)
 .debug_frame   0x00001348       0x50 .\CortexM3\ARM_GCC_493\Release\boost.soft.a(up.o)
 .debug_frame   0x00001398       0x50 .\CortexM3\ARM_GCC_493\Release\boost.soft.a(seg4.o)
 .debug_frame   0x000013e8       0x50 .\CortexM3\ARM_GCC_493\Release\boost.soft.a(seg5.o)
 .debug_frame   0x00001438       0xe0 .\CortexM3\ARM_GCC_493\Release\boost.soft.a(isr.o)
 .debug_frame   0x00001518       0x50 .\CortexM3\ARM_GCC_493\Release\boost.soft.a(seg2.o)
 .debug_frame   0x00001568       0x50 .\CortexM3\ARM_GCC_493\Release\boost.soft.a(seg0.o)
 .debug_frame   0x000015b8       0x50 .\CortexM3\ARM_GCC_493\Release\boost.soft.a(seg6.o)
 .debug_frame   0x00001608       0x50 .\CortexM3\ARM_GCC_493\Release\boost.soft.a(seg1.o)
 .debug_frame   0x00001658       0x50 .\CortexM3\ARM_GCC_493\Release\boost.soft.a(seg3.o)
 .debug_frame   0x000016a8       0x50 .\CortexM3\ARM_GCC_493\Release\boost.soft.a(seg7.o)
 .debug_frame   0x000016f8      0x148 .\CortexM3\ARM_GCC_493\Release\boost.soft.a(CyFlash.o)
 .debug_frame   0x00001840      0x168 .\CortexM3\ARM_GCC_493\Release\boost.soft.a(CySpc.o)
 .debug_frame   0x000019a8       0x28 c:/program files (x86)/cypress/psoc creator/3.3/psoc creator/import/gnu/arm/4.9.3/bin/../lib/gcc/arm-none-eabi/4.9.3/armv7-m\libgcc.a(_aeabi_ldivmod.o)
 .debug_frame   0x000019d0       0x54 c:/program files (x86)/cypress/psoc creator/3.3/psoc creator/import/gnu/arm/4.9.3/bin/../lib/gcc/arm-none-eabi/4.9.3/armv7-m\libgcc.a(bpabi.o)
 .debug_frame   0x00001a24       0x34 c:/program files (x86)/cypress/psoc creator/3.3/psoc creator/import/gnu/arm/4.9.3/bin/../lib/gcc/arm-none-eabi/4.9.3/armv7-m\libgcc.a(_divdi3.o)
 .debug_frame   0x00001a58       0x34 c:/program files (x86)/cypress/psoc creator/3.3/psoc creator/import/gnu/arm/4.9.3/bin/../lib/gcc/arm-none-eabi/4.9.3/armv7-m\libgcc.a(_udivdi3.o)
 .debug_frame   0x00001a8c       0x20 c:/program files (x86)/cypress/psoc creator/3.3/psoc creator/import/gnu/arm/4.9.3/bin/../lib/gcc/arm-none-eabi/4.9.3/../../../../arm-none-eabi/lib/armv7-m\libg_nano.a(lib_a-errno.o)
 .debug_frame   0x00001aac       0x28 c:/program files (x86)/cypress/psoc creator/3.3/psoc creator/import/gnu/arm/4.9.3/bin/../lib/gcc/arm-none-eabi/4.9.3/../../../../arm-none-eabi/lib/armv7-m\libg_nano.a(lib_a-exit.o)
 .debug_frame   0x00001ad4       0x2c c:/program files (x86)/cypress/psoc creator/3.3/psoc creator/import/gnu/arm/4.9.3/bin/../lib/gcc/arm-none-eabi/4.9.3/../../../../arm-none-eabi/lib/armv7-m\libg_nano.a(lib_a-init.o)
 .debug_frame   0x00001b00       0x20 c:/program files (x86)/cypress/psoc creator/3.3/psoc creator/import/gnu/arm/4.9.3/bin/../lib/gcc/arm-none-eabi/4.9.3/../../../../arm-none-eabi/lib/armv7-m\libg_nano.a(lib_a-memset.o)

.debug_str      0x00000000     0x22da
 *(.debug_str)
 .debug_str     0x00000000      0x41e .\CortexM3\ARM_GCC_493\Release\main.o
                                0x46f (size before relaxing)
 .debug_str     0x0000041e       0x77 .\CortexM3\ARM_GCC_493\Release\cymetadata.o
                                0x1ee (size before relaxing)
 .debug_str     0x00000495      0x15d .\CortexM3\ARM_GCC_493\Release\Cm3Start.o
                                0x312 (size before relaxing)
 .debug_str     0x000005f2      0x152 .\CortexM3\ARM_GCC_493\Release\boost.soft.a(cyfitter_cfg.o)
                                0x30a (size before relaxing)
 .debug_str     0x00000744      0x104 .\CortexM3\ARM_GCC_493\Release\boost.soft.a(PWM.o)
                                0x29b (size before relaxing)
 .debug_str     0x00000848      0x231 .\CortexM3\ARM_GCC_493\Release\boost.soft.a(ADC.o)
                                0x425 (size before relaxing)
 .debug_str     0x00000a79       0x2b .\CortexM3\ARM_GCC_493\Release\boost.soft.a(ADC_INT.o)
                                0x193 (size before relaxing)
 .debug_str     0x00000aa4       0xcf .\CortexM3\ARM_GCC_493\Release\boost.soft.a(DMA1_dma.o)
                                0x269 (size before relaxing)
 .debug_str     0x00000b73       0x43 .\CortexM3\ARM_GCC_493\Release\boost.soft.a(DMA2_dma.o)
                                0x269 (size before relaxing)
 .debug_str     0x00000bb6      0x178 .\CortexM3\ARM_GCC_493\Release\boost.soft.a(ADC_theACLK.o)
                                0x322 (size before relaxing)
 .debug_str     0x00000d2e      0x279 .\CortexM3\ARM_GCC_493\Release\boost.soft.a(CyDmac.o)
                                0x542 (size before relaxing)
 .debug_str     0x00000fa7      0x7b9 .\CortexM3\ARM_GCC_493\Release\boost.soft.a(CyLib.o)
                                0xa27 (size before relaxing)
 .debug_str     0x00001760      0x35b .\CortexM3\ARM_GCC_493\Release\boost.soft.a(cyPm.o)
                                0x718 (size before relaxing)
 .debug_str     0x00001abb       0x7a .\CortexM3\ARM_GCC_493\Release\boost.soft.a(DAC.o)
                                0x20f (size before relaxing)
 .debug_str     0x00001b35       0x5c .\CortexM3\ARM_GCC_493\Release\boost.soft.a(grid1.o)
                                0x1e6 (size before relaxing)
 .debug_str     0x00001b91       0x51 .\CortexM3\ARM_GCC_493\Release\boost.soft.a(grid2.o)
                                0x1e6 (size before relaxing)
 .debug_str     0x00001be2       0x51 .\CortexM3\ARM_GCC_493\Release\boost.soft.a(grid3.o)
                                0x1e6 (size before relaxing)
 .debug_str     0x00001c33       0x51 .\CortexM3\ARM_GCC_493\Release\boost.soft.a(grid4.o)
                                0x1e6 (size before relaxing)
 .debug_str     0x00001c84       0x4e .\CortexM3\ARM_GCC_493\Release\boost.soft.a(mode.o)
                                0x1e1 (size before relaxing)
 .debug_str     0x00001cd2       0x4e .\CortexM3\ARM_GCC_493\Release\boost.soft.a(down.o)
                                0x1e1 (size before relaxing)
 .debug_str     0x00001d20       0x46 .\CortexM3\ARM_GCC_493\Release\boost.soft.a(up.o)
                                0x1d7 (size before relaxing)
 .debug_str     0x00001d66       0x4d .\CortexM3\ARM_GCC_493\Release\boost.soft.a(seg4.o)
                                0x1e1 (size before relaxing)
 .debug_str     0x00001db3       0x4d .\CortexM3\ARM_GCC_493\Release\boost.soft.a(seg5.o)
                                0x1e1 (size before relaxing)
 .debug_str     0x00001e00       0xc0 .\CortexM3\ARM_GCC_493\Release\boost.soft.a(isr.o)
                                0x282 (size before relaxing)
 .debug_str     0x00001ec0       0x4d .\CortexM3\ARM_GCC_493\Release\boost.soft.a(seg2.o)
                                0x1e1 (size before relaxing)
 .debug_str     0x00001f0d       0x4d .\CortexM3\ARM_GCC_493\Release\boost.soft.a(seg0.o)
                                0x1e1 (size before relaxing)
 .debug_str     0x00001f5a       0x4d .\CortexM3\ARM_GCC_493\Release\boost.soft.a(seg6.o)
                                0x1e1 (size before relaxing)
 .debug_str     0x00001fa7       0x4d .\CortexM3\ARM_GCC_493\Release\boost.soft.a(seg1.o)
                                0x1e1 (size before relaxing)
 .debug_str     0x00001ff4       0x4d .\CortexM3\ARM_GCC_493\Release\boost.soft.a(seg3.o)
                                0x1e1 (size before relaxing)
 .debug_str     0x00002041       0x4d .\CortexM3\ARM_GCC_493\Release\boost.soft.a(seg7.o)
                                0x1e1 (size before relaxing)
 .debug_str     0x0000208e      0x19e .\CortexM3\ARM_GCC_493\Release\boost.soft.a(CyFlash.o)
                                0x392 (size before relaxing)
 .debug_str     0x0000222c       0xae .\CortexM3\ARM_GCC_493\Release\boost.soft.a(CySpc.o)
                                0x322 (size before relaxing)

.debug_loc      0x00000000     0x2d5e
 *(.debug_loc)
 .debug_loc     0x00000000       0x6c .\CortexM3\ARM_GCC_493\Release\main.o
 .debug_loc     0x0000006c      0x1b4 .\CortexM3\ARM_GCC_493\Release\Cm3Start.o
 .debug_loc     0x00000220      0x1ed .\CortexM3\ARM_GCC_493\Release\boost.soft.a(cyfitter_cfg.o)
 .debug_loc     0x0000040d       0x18 .\CortexM3\ARM_GCC_493\Release\boost.soft.a(PWM.o)
 .debug_loc     0x00000425      0x270 .\CortexM3\ARM_GCC_493\Release\boost.soft.a(ADC.o)
 .debug_loc     0x00000695       0x84 .\CortexM3\ARM_GCC_493\Release\boost.soft.a(DMA1_dma.o)
 .debug_loc     0x00000719       0x84 .\CortexM3\ARM_GCC_493\Release\boost.soft.a(DMA2_dma.o)
 .debug_loc     0x0000079d       0xa6 .\CortexM3\ARM_GCC_493\Release\boost.soft.a(ADC_theACLK.o)
 .debug_loc     0x00000843      0x925 .\CortexM3\ARM_GCC_493\Release\boost.soft.a(CyDmac.o)
 .debug_loc     0x00001168      0xa89 .\CortexM3\ARM_GCC_493\Release\boost.soft.a(CyLib.o)
 .debug_loc     0x00001bf1      0x1bd .\CortexM3\ARM_GCC_493\Release\boost.soft.a(cyPm.o)
 .debug_loc     0x00001dae       0x5d .\CortexM3\ARM_GCC_493\Release\boost.soft.a(DAC.o)
 .debug_loc     0x00001e0b       0x5a .\CortexM3\ARM_GCC_493\Release\boost.soft.a(grid1.o)
 .debug_loc     0x00001e65       0x5a .\CortexM3\ARM_GCC_493\Release\boost.soft.a(grid2.o)
 .debug_loc     0x00001ebf       0x5a .\CortexM3\ARM_GCC_493\Release\boost.soft.a(grid3.o)
 .debug_loc     0x00001f19       0x5a .\CortexM3\ARM_GCC_493\Release\boost.soft.a(grid4.o)
 .debug_loc     0x00001f73       0x5a .\CortexM3\ARM_GCC_493\Release\boost.soft.a(mode.o)
 .debug_loc     0x00001fcd       0x5a .\CortexM3\ARM_GCC_493\Release\boost.soft.a(down.o)
 .debug_loc     0x00002027       0x5a .\CortexM3\ARM_GCC_493\Release\boost.soft.a(up.o)
 .debug_loc     0x00002081       0x5a .\CortexM3\ARM_GCC_493\Release\boost.soft.a(seg4.o)
 .debug_loc     0x000020db       0x5a .\CortexM3\ARM_GCC_493\Release\boost.soft.a(seg5.o)
 .debug_loc     0x00002135       0x8d .\CortexM3\ARM_GCC_493\Release\boost.soft.a(isr.o)
 .debug_loc     0x000021c2       0x5a .\CortexM3\ARM_GCC_493\Release\boost.soft.a(seg2.o)
 .debug_loc     0x0000221c       0x5a .\CortexM3\ARM_GCC_493\Release\boost.soft.a(seg0.o)
 .debug_loc     0x00002276       0x5a .\CortexM3\ARM_GCC_493\Release\boost.soft.a(seg6.o)
 .debug_loc     0x000022d0       0x5a .\CortexM3\ARM_GCC_493\Release\boost.soft.a(seg1.o)
 .debug_loc     0x0000232a       0x5a .\CortexM3\ARM_GCC_493\Release\boost.soft.a(seg3.o)
 .debug_loc     0x00002384       0x5a .\CortexM3\ARM_GCC_493\Release\boost.soft.a(seg7.o)
 .debug_loc     0x000023de      0x391 .\CortexM3\ARM_GCC_493\Release\boost.soft.a(CyFlash.o)
 .debug_loc     0x0000276f      0x5ef .\CortexM3\ARM_GCC_493\Release\boost.soft.a(CySpc.o)

.debug_macinfo
 *(.debug_macinfo)

.debug_ranges   0x00000000      0xb80
 *(.debug_ranges)
 .debug_ranges  0x00000000       0x50 .\CortexM3\ARM_GCC_493\Release\main.o
 .debug_ranges  0x00000050       0x38 .\CortexM3\ARM_GCC_493\Release\Cm3Start.o
 .debug_ranges  0x00000088       0xc0 .\CortexM3\ARM_GCC_493\Release\boost.soft.a(cyfitter_cfg.o)
 .debug_ranges  0x00000148       0x70 .\CortexM3\ARM_GCC_493\Release\boost.soft.a(PWM.o)
 .debug_ranges  0x000001b8       0xa8 .\CortexM3\ARM_GCC_493\Release\boost.soft.a(ADC.o)
 .debug_ranges  0x00000260       0x10 .\CortexM3\ARM_GCC_493\Release\boost.soft.a(ADC_INT.o)
 .debug_ranges  0x00000270       0x18 .\CortexM3\ARM_GCC_493\Release\boost.soft.a(DMA1_dma.o)
 .debug_ranges  0x00000288       0x18 .\CortexM3\ARM_GCC_493\Release\boost.soft.a(DMA2_dma.o)
 .debug_ranges  0x000002a0       0xb8 .\CortexM3\ARM_GCC_493\Release\boost.soft.a(ADC_theACLK.o)
 .debug_ranges  0x00000358       0xe0 .\CortexM3\ARM_GCC_493\Release\boost.soft.a(CyDmac.o)
 .debug_ranges  0x00000438      0x298 .\CortexM3\ARM_GCC_493\Release\boost.soft.a(CyLib.o)
 .debug_ranges  0x000006d0       0x90 .\CortexM3\ARM_GCC_493\Release\boost.soft.a(cyPm.o)
 .debug_ranges  0x00000760       0x48 .\CortexM3\ARM_GCC_493\Release\boost.soft.a(DAC.o)
 .debug_ranges  0x000007a8       0x28 .\CortexM3\ARM_GCC_493\Release\boost.soft.a(grid1.o)
 .debug_ranges  0x000007d0       0x28 .\CortexM3\ARM_GCC_493\Release\boost.soft.a(grid2.o)
 .debug_ranges  0x000007f8       0x28 .\CortexM3\ARM_GCC_493\Release\boost.soft.a(grid3.o)
 .debug_ranges  0x00000820       0x28 .\CortexM3\ARM_GCC_493\Release\boost.soft.a(grid4.o)
 .debug_ranges  0x00000848       0x28 .\CortexM3\ARM_GCC_493\Release\boost.soft.a(mode.o)
 .debug_ranges  0x00000870       0x28 .\CortexM3\ARM_GCC_493\Release\boost.soft.a(down.o)
 .debug_ranges  0x00000898       0x28 .\CortexM3\ARM_GCC_493\Release\boost.soft.a(up.o)
 .debug_ranges  0x000008c0       0x28 .\CortexM3\ARM_GCC_493\Release\boost.soft.a(seg4.o)
 .debug_ranges  0x000008e8       0x28 .\CortexM3\ARM_GCC_493\Release\boost.soft.a(seg5.o)
 .debug_ranges  0x00000910       0xa0 .\CortexM3\ARM_GCC_493\Release\boost.soft.a(isr.o)
 .debug_ranges  0x000009b0       0x28 .\CortexM3\ARM_GCC_493\Release\boost.soft.a(seg2.o)
 .debug_ranges  0x000009d8       0x28 .\CortexM3\ARM_GCC_493\Release\boost.soft.a(seg0.o)
 .debug_ranges  0x00000a00       0x28 .\CortexM3\ARM_GCC_493\Release\boost.soft.a(seg6.o)
 .debug_ranges  0x00000a28       0x28 .\CortexM3\ARM_GCC_493\Release\boost.soft.a(seg1.o)
 .debug_ranges  0x00000a50       0x28 .\CortexM3\ARM_GCC_493\Release\boost.soft.a(seg3.o)
 .debug_ranges  0x00000a78       0x28 .\CortexM3\ARM_GCC_493\Release\boost.soft.a(seg7.o)
 .debug_ranges  0x00000aa0       0x78 .\CortexM3\ARM_GCC_493\Release\boost.soft.a(CyFlash.o)
 .debug_ranges  0x00000b18       0x68 .\CortexM3\ARM_GCC_493\Release\boost.soft.a(CySpc.o)

.comment        0x00000000       0x70
 .comment       0x00000000       0x70 .\CortexM3\ARM_GCC_493\Release\main.o
                                 0x71 (size before relaxing)
 .comment       0x00000000       0x71 .\CortexM3\ARM_GCC_493\Release\cymetadata.o
 .comment       0x00000000       0x71 .\CortexM3\ARM_GCC_493\Release\Cm3Start.o
 .comment       0x00000000       0x71 .\CortexM3\ARM_GCC_493\Release\boost.soft.a(cyfitter_cfg.o)
 .comment       0x00000000       0x71 .\CortexM3\ARM_GCC_493\Release\boost.soft.a(PWM.o)
 .comment       0x00000000       0x71 .\CortexM3\ARM_GCC_493\Release\boost.soft.a(ADC.o)
 .comment       0x00000000       0x71 .\CortexM3\ARM_GCC_493\Release\boost.soft.a(ADC_INT.o)
 .comment       0x00000000       0x71 .\CortexM3\ARM_GCC_493\Release\boost.soft.a(DMA1_dma.o)
 .comment       0x00000000       0x71 .\CortexM3\ARM_GCC_493\Release\boost.soft.a(DMA2_dma.o)
 .comment       0x00000000       0x71 .\CortexM3\ARM_GCC_493\Release\boost.soft.a(ADC_theACLK.o)
 .comment       0x00000000       0x71 .\CortexM3\ARM_GCC_493\Release\boost.soft.a(CyDmac.o)
 .comment       0x00000000       0x71 .\CortexM3\ARM_GCC_493\Release\boost.soft.a(CyLib.o)
 .comment       0x00000000       0x71 .\CortexM3\ARM_GCC_493\Release\boost.soft.a(cyPm.o)
 .comment       0x00000000       0x71 .\CortexM3\ARM_GCC_493\Release\boost.soft.a(DAC.o)
 .comment       0x00000000       0x71 .\CortexM3\ARM_GCC_493\Release\boost.soft.a(grid1.o)
 .comment       0x00000000       0x71 .\CortexM3\ARM_GCC_493\Release\boost.soft.a(grid2.o)
 .comment       0x00000000       0x71 .\CortexM3\ARM_GCC_493\Release\boost.soft.a(grid3.o)
 .comment       0x00000000       0x71 .\CortexM3\ARM_GCC_493\Release\boost.soft.a(grid4.o)
 .comment       0x00000000       0x71 .\CortexM3\ARM_GCC_493\Release\boost.soft.a(mode.o)
 .comment       0x00000000       0x71 .\CortexM3\ARM_GCC_493\Release\boost.soft.a(down.o)
 .comment       0x00000000       0x71 .\CortexM3\ARM_GCC_493\Release\boost.soft.a(up.o)
 .comment       0x00000000       0x71 .\CortexM3\ARM_GCC_493\Release\boost.soft.a(seg4.o)
 .comment       0x00000000       0x71 .\CortexM3\ARM_GCC_493\Release\boost.soft.a(seg5.o)
 .comment       0x00000000       0x71 .\CortexM3\ARM_GCC_493\Release\boost.soft.a(isr.o)
 .comment       0x00000000       0x71 .\CortexM3\ARM_GCC_493\Release\boost.soft.a(seg2.o)
 .comment       0x00000000       0x71 .\CortexM3\ARM_GCC_493\Release\boost.soft.a(seg0.o)
 .comment       0x00000000       0x71 .\CortexM3\ARM_GCC_493\Release\boost.soft.a(seg6.o)
 .comment       0x00000000       0x71 .\CortexM3\ARM_GCC_493\Release\boost.soft.a(seg1.o)
 .comment       0x00000000       0x71 .\CortexM3\ARM_GCC_493\Release\boost.soft.a(seg3.o)
 .comment       0x00000000       0x71 .\CortexM3\ARM_GCC_493\Release\boost.soft.a(seg7.o)
 .comment       0x00000000       0x71 .\CortexM3\ARM_GCC_493\Release\boost.soft.a(CyFlash.o)
 .comment       0x00000000       0x71 .\CortexM3\ARM_GCC_493\Release\boost.soft.a(CySpc.o)

.debug_weaknames
 *(.debug_weaknames)

.debug_funcnames
 *(.debug_funcnames)

.debug_typenames
 *(.debug_typenames)

.debug_varnames
 *(.debug_varnames)

.note.gnu.arm.ident
 *(.note.gnu.arm.ident)

.ARM.attributes
                0x00000000       0x29
 *(.ARM.attributes)
 .ARM.attributes
                0x00000000       0x1d c:/program files (x86)/cypress/psoc creator/3.3/psoc creator/import/gnu/arm/4.9.3/bin/../lib/gcc/arm-none-eabi/4.9.3/armv7-m/crti.o
 .ARM.attributes
                0x0000001d       0x2d c:/program files (x86)/cypress/psoc creator/3.3/psoc creator/import/gnu/arm/4.9.3/bin/../lib/gcc/arm-none-eabi/4.9.3/armv7-m/crtbegin.o
 .ARM.attributes
                0x0000004a       0x1b c:/program files (x86)/cypress/psoc creator/3.3/psoc creator/import/gnu/arm/4.9.3/bin/../lib/gcc/arm-none-eabi/4.9.3/../../../../arm-none-eabi/lib/armv7-m/crt0.o
 .ARM.attributes
                0x00000065       0x33 .\CortexM3\ARM_GCC_493\Release\main.o
 .ARM.attributes
                0x00000098       0x33 .\CortexM3\ARM_GCC_493\Release\cymetadata.o
 .ARM.attributes
                0x000000cb       0x33 .\CortexM3\ARM_GCC_493\Release\Cm3Start.o
 .ARM.attributes
                0x000000fe       0x33 .\CortexM3\ARM_GCC_493\Release\boost.soft.a(cyfitter_cfg.o)
 .ARM.attributes
                0x00000131       0x33 .\CortexM3\ARM_GCC_493\Release\boost.soft.a(PWM.o)
 .ARM.attributes
                0x00000164       0x33 .\CortexM3\ARM_GCC_493\Release\boost.soft.a(ADC.o)
 .ARM.attributes
                0x00000197       0x33 .\CortexM3\ARM_GCC_493\Release\boost.soft.a(ADC_INT.o)
 .ARM.attributes
                0x000001ca       0x33 .\CortexM3\ARM_GCC_493\Release\boost.soft.a(DMA1_dma.o)
 .ARM.attributes
                0x000001fd       0x33 .\CortexM3\ARM_GCC_493\Release\boost.soft.a(DMA2_dma.o)
 .ARM.attributes
                0x00000230       0x33 .\CortexM3\ARM_GCC_493\Release\boost.soft.a(ADC_theACLK.o)
 .ARM.attributes
                0x00000263       0x21 .\CortexM3\ARM_GCC_493\Release\boost.soft.a(CyBootAsmGnu.o)
 .ARM.attributes
                0x00000284       0x33 .\CortexM3\ARM_GCC_493\Release\boost.soft.a(CyDmac.o)
 .ARM.attributes
                0x000002b7       0x33 .\CortexM3\ARM_GCC_493\Release\boost.soft.a(CyLib.o)
 .ARM.attributes
                0x000002ea       0x33 .\CortexM3\ARM_GCC_493\Release\boost.soft.a(cyPm.o)
 .ARM.attributes
                0x0000031d       0x33 .\CortexM3\ARM_GCC_493\Release\boost.soft.a(DAC.o)
 .ARM.attributes
                0x00000350       0x33 .\CortexM3\ARM_GCC_493\Release\boost.soft.a(grid1.o)
 .ARM.attributes
                0x00000383       0x33 .\CortexM3\ARM_GCC_493\Release\boost.soft.a(grid2.o)
 .ARM.attributes
                0x000003b6       0x33 .\CortexM3\ARM_GCC_493\Release\boost.soft.a(grid3.o)
 .ARM.attributes
                0x000003e9       0x33 .\CortexM3\ARM_GCC_493\Release\boost.soft.a(grid4.o)
 .ARM.attributes
                0x0000041c       0x33 .\CortexM3\ARM_GCC_493\Release\boost.soft.a(mode.o)
 .ARM.attributes
                0x0000044f       0x33 .\CortexM3\ARM_GCC_493\Release\boost.soft.a(down.o)
 .ARM.attributes
                0x00000482       0x33 .\CortexM3\ARM_GCC_493\Release\boost.soft.a(up.o)
 .ARM.attributes
                0x000004b5       0x33 .\CortexM3\ARM_GCC_493\Release\boost.soft.a(seg4.o)
 .ARM.attributes
                0x000004e8       0x33 .\CortexM3\ARM_GCC_493\Release\boost.soft.a(seg5.o)
 .ARM.attributes
                0x0000051b       0x33 .\CortexM3\ARM_GCC_493\Release\boost.soft.a(isr.o)
 .ARM.attributes
                0x0000054e       0x33 .\CortexM3\ARM_GCC_493\Release\boost.soft.a(seg2.o)
 .ARM.attributes
                0x00000581       0x33 .\CortexM3\ARM_GCC_493\Release\boost.soft.a(seg0.o)
 .ARM.attributes
                0x000005b4       0x33 .\CortexM3\ARM_GCC_493\Release\boost.soft.a(seg6.o)
 .ARM.attributes
                0x000005e7       0x33 .\CortexM3\ARM_GCC_493\Release\boost.soft.a(seg1.o)
 .ARM.attributes
                0x0000061a       0x33 .\CortexM3\ARM_GCC_493\Release\boost.soft.a(seg3.o)
 .ARM.attributes
                0x0000064d       0x33 .\CortexM3\ARM_GCC_493\Release\boost.soft.a(seg7.o)
 .ARM.attributes
                0x00000680       0x33 .\CortexM3\ARM_GCC_493\Release\boost.soft.a(CyFlash.o)
 .ARM.attributes
                0x000006b3       0x33 .\CortexM3\ARM_GCC_493\Release\boost.soft.a(CySpc.o)
 .ARM.attributes
                0x000006e6       0x1d c:/program files (x86)/cypress/psoc creator/3.3/psoc creator/import/gnu/arm/4.9.3/bin/../lib/gcc/arm-none-eabi/4.9.3/armv7-m\libgcc.a(_arm_addsubsf3.o)
 .ARM.attributes
                0x00000703       0x1d c:/program files (x86)/cypress/psoc creator/3.3/psoc creator/import/gnu/arm/4.9.3/bin/../lib/gcc/arm-none-eabi/4.9.3/armv7-m\libgcc.a(_arm_muldivsf3.o)
 .ARM.attributes
                0x00000720       0x1d c:/program files (x86)/cypress/psoc creator/3.3/psoc creator/import/gnu/arm/4.9.3/bin/../lib/gcc/arm-none-eabi/4.9.3/armv7-m\libgcc.a(_aeabi_ldivmod.o)
 .ARM.attributes
                0x0000073d       0x2d c:/program files (x86)/cypress/psoc creator/3.3/psoc creator/import/gnu/arm/4.9.3/bin/../lib/gcc/arm-none-eabi/4.9.3/armv7-m\libgcc.a(bpabi.o)
 .ARM.attributes
                0x0000076a       0x1d c:/program files (x86)/cypress/psoc creator/3.3/psoc creator/import/gnu/arm/4.9.3/bin/../lib/gcc/arm-none-eabi/4.9.3/armv7-m\libgcc.a(_dvmd_tls.o)
 .ARM.attributes
                0x00000787       0x2d c:/program files (x86)/cypress/psoc creator/3.3/psoc creator/import/gnu/arm/4.9.3/bin/../lib/gcc/arm-none-eabi/4.9.3/armv7-m\libgcc.a(_divdi3.o)
 .ARM.attributes
                0x000007b4       0x2d c:/program files (x86)/cypress/psoc creator/3.3/psoc creator/import/gnu/arm/4.9.3/bin/../lib/gcc/arm-none-eabi/4.9.3/armv7-m\libgcc.a(_udivdi3.o)
 .ARM.attributes
                0x000007e1       0x2d c:/program files (x86)/cypress/psoc creator/3.3/psoc creator/import/gnu/arm/4.9.3/bin/../lib/gcc/arm-none-eabi/4.9.3/../../../../arm-none-eabi/lib/armv7-m\libg_nano.a(lib_a-errno.o)
 .ARM.attributes
                0x0000080e       0x2d c:/program files (x86)/cypress/psoc creator/3.3/psoc creator/import/gnu/arm/4.9.3/bin/../lib/gcc/arm-none-eabi/4.9.3/../../../../arm-none-eabi/lib/armv7-m\libg_nano.a(lib_a-exit.o)
 .ARM.attributes
                0x0000083b       0x2d c:/program files (x86)/cypress/psoc creator/3.3/psoc creator/import/gnu/arm/4.9.3/bin/../lib/gcc/arm-none-eabi/4.9.3/../../../../arm-none-eabi/lib/armv7-m\libg_nano.a(lib_a-impure.o)
 .ARM.attributes
                0x00000868       0x2d c:/program files (x86)/cypress/psoc creator/3.3/psoc creator/import/gnu/arm/4.9.3/bin/../lib/gcc/arm-none-eabi/4.9.3/../../../../arm-none-eabi/lib/armv7-m\libg_nano.a(lib_a-init.o)
 .ARM.attributes
                0x00000895       0x2d c:/program files (x86)/cypress/psoc creator/3.3/psoc creator/import/gnu/arm/4.9.3/bin/../lib/gcc/arm-none-eabi/4.9.3/../../../../arm-none-eabi/lib/armv7-m\libg_nano.a(lib_a-memset.o)
 .ARM.attributes
                0x000008c2       0x2d c:/program files (x86)/cypress/psoc creator/3.3/psoc creator/import/gnu/arm/4.9.3/bin/../lib/gcc/arm-none-eabi/4.9.3/armv7-m/crtend.o
 .ARM.attributes
                0x000008ef       0x1d c:/program files (x86)/cypress/psoc creator/3.3/psoc creator/import/gnu/arm/4.9.3/bin/../lib/gcc/arm-none-eabi/4.9.3/armv7-m/crtn.o

/DISCARD/
 *(.note.GNU-stack)
OUTPUT(.\CortexM3\ARM_GCC_493\Release\boost.soft.elf elf32-littlearm)
