ARM GAS  C:\Users\SUZUKI~1\AppData\Local\Temp\ccz4CXGW.s 			page 1


   1              		.syntax unified
   2              		.cpu cortex-m3
   3              		.fpu softvfp
   4              		.eabi_attribute 20, 1
   5              		.eabi_attribute 21, 1
   6              		.eabi_attribute 23, 3
   7              		.eabi_attribute 24, 1
   8              		.eabi_attribute 25, 1
   9              		.eabi_attribute 26, 1
  10              		.eabi_attribute 30, 4
  11              		.eabi_attribute 34, 1
  12              		.eabi_attribute 18, 4
  13              		.thumb
  14              		.file	"PWM_PM.c"
  15              		.text
  16              	.Ltext0:
  17              		.cfi_sections	.debug_frame
  18              		.section	.text.PWM_SaveConfig,"ax",%progbits
  19              		.align	1
  20              		.global	PWM_SaveConfig
  21              		.thumb
  22              		.thumb_func
  23              		.type	PWM_SaveConfig, %function
  24              	PWM_SaveConfig:
  25              	.LFB0:
  26              		.file 1 ".\\Generated_Source\\PSoC5\\PWM_PM.c"
   1:.\Generated_Source\PSoC5/PWM_PM.c **** /*******************************************************************************
   2:.\Generated_Source\PSoC5/PWM_PM.c **** * File Name: PWM_PM.c
   3:.\Generated_Source\PSoC5/PWM_PM.c **** * Version 3.30
   4:.\Generated_Source\PSoC5/PWM_PM.c **** *
   5:.\Generated_Source\PSoC5/PWM_PM.c **** * Description:
   6:.\Generated_Source\PSoC5/PWM_PM.c **** *  This file provides the power management source code to API for the
   7:.\Generated_Source\PSoC5/PWM_PM.c **** *  PWM.
   8:.\Generated_Source\PSoC5/PWM_PM.c **** *
   9:.\Generated_Source\PSoC5/PWM_PM.c **** * Note:
  10:.\Generated_Source\PSoC5/PWM_PM.c **** *
  11:.\Generated_Source\PSoC5/PWM_PM.c **** ********************************************************************************
  12:.\Generated_Source\PSoC5/PWM_PM.c **** * Copyright 2008-2014, Cypress Semiconductor Corporation.  All rights reserved.
  13:.\Generated_Source\PSoC5/PWM_PM.c **** * You may use this file only in accordance with the license, terms, conditions,
  14:.\Generated_Source\PSoC5/PWM_PM.c **** * disclaimers, and limitations in the end user license agreement accompanying
  15:.\Generated_Source\PSoC5/PWM_PM.c **** * the software package with which this file was provided.
  16:.\Generated_Source\PSoC5/PWM_PM.c **** *******************************************************************************/
  17:.\Generated_Source\PSoC5/PWM_PM.c **** 
  18:.\Generated_Source\PSoC5/PWM_PM.c **** #include "PWM.h"
  19:.\Generated_Source\PSoC5/PWM_PM.c **** 
  20:.\Generated_Source\PSoC5/PWM_PM.c **** static PWM_backupStruct PWM_backup;
  21:.\Generated_Source\PSoC5/PWM_PM.c **** 
  22:.\Generated_Source\PSoC5/PWM_PM.c **** 
  23:.\Generated_Source\PSoC5/PWM_PM.c **** /*******************************************************************************
  24:.\Generated_Source\PSoC5/PWM_PM.c **** * Function Name: PWM_SaveConfig
  25:.\Generated_Source\PSoC5/PWM_PM.c **** ********************************************************************************
  26:.\Generated_Source\PSoC5/PWM_PM.c **** *
  27:.\Generated_Source\PSoC5/PWM_PM.c **** * Summary:
  28:.\Generated_Source\PSoC5/PWM_PM.c **** *  Saves the current user configuration of the component.
  29:.\Generated_Source\PSoC5/PWM_PM.c **** *
  30:.\Generated_Source\PSoC5/PWM_PM.c **** * Parameters:
  31:.\Generated_Source\PSoC5/PWM_PM.c **** *  None
ARM GAS  C:\Users\SUZUKI~1\AppData\Local\Temp\ccz4CXGW.s 			page 2


  32:.\Generated_Source\PSoC5/PWM_PM.c **** *
  33:.\Generated_Source\PSoC5/PWM_PM.c **** * Return:
  34:.\Generated_Source\PSoC5/PWM_PM.c **** *  None
  35:.\Generated_Source\PSoC5/PWM_PM.c **** *
  36:.\Generated_Source\PSoC5/PWM_PM.c **** * Global variables:
  37:.\Generated_Source\PSoC5/PWM_PM.c **** *  PWM_backup:  Variables of this global structure are modified to
  38:.\Generated_Source\PSoC5/PWM_PM.c **** *  store the values of non retention configuration registers when Sleep() API is
  39:.\Generated_Source\PSoC5/PWM_PM.c **** *  called.
  40:.\Generated_Source\PSoC5/PWM_PM.c **** *
  41:.\Generated_Source\PSoC5/PWM_PM.c **** *******************************************************************************/
  42:.\Generated_Source\PSoC5/PWM_PM.c **** void PWM_SaveConfig(void) 
  43:.\Generated_Source\PSoC5/PWM_PM.c **** {
  27              		.loc 1 43 0
  28              		.cfi_startproc
  29              		@ args = 0, pretend = 0, frame = 0
  30              		@ frame_needed = 0, uses_anonymous_args = 0
  31 0000 10B5     		push	{r4, lr}
  32              		.cfi_def_cfa_offset 8
  33              		.cfi_offset 4, -8
  34              		.cfi_offset 14, -4
  44:.\Generated_Source\PSoC5/PWM_PM.c **** 
  45:.\Generated_Source\PSoC5/PWM_PM.c ****     #if(!PWM_UsingFixedFunction)
  46:.\Generated_Source\PSoC5/PWM_PM.c ****         #if(!PWM_PWMModeIsCenterAligned)
  47:.\Generated_Source\PSoC5/PWM_PM.c ****             PWM_backup.PWMPeriod = PWM_ReadPeriod();
  35              		.loc 1 47 0
  36 0002 FFF7FEFF 		bl	PWM_ReadPeriod
  37              	.LVL0:
  38 0006 044C     		ldr	r4, .L2
  39 0008 A070     		strb	r0, [r4, #2]
  48:.\Generated_Source\PSoC5/PWM_PM.c ****         #endif /* (!PWM_PWMModeIsCenterAligned) */
  49:.\Generated_Source\PSoC5/PWM_PM.c ****         PWM_backup.PWMUdb = PWM_ReadCounter();
  40              		.loc 1 49 0
  41 000a FFF7FEFF 		bl	PWM_ReadCounter
  42              	.LVL1:
  43 000e 6070     		strb	r0, [r4, #1]
  50:.\Generated_Source\PSoC5/PWM_PM.c ****         #if (PWM_UseStatus)
  51:.\Generated_Source\PSoC5/PWM_PM.c ****             PWM_backup.InterruptMaskValue = PWM_STATUS_MASK;
  52:.\Generated_Source\PSoC5/PWM_PM.c ****         #endif /* (PWM_UseStatus) */
  53:.\Generated_Source\PSoC5/PWM_PM.c **** 
  54:.\Generated_Source\PSoC5/PWM_PM.c ****         #if(PWM_DeadBandMode == PWM__B_PWM__DBM_256_CLOCKS || \
  55:.\Generated_Source\PSoC5/PWM_PM.c ****             PWM_DeadBandMode == PWM__B_PWM__DBM_2_4_CLOCKS)
  56:.\Generated_Source\PSoC5/PWM_PM.c ****             PWM_backup.PWMdeadBandValue = PWM_ReadDeadTime();
  57:.\Generated_Source\PSoC5/PWM_PM.c ****         #endif /*  deadband count is either 2-4 clocks or 256 clocks */
  58:.\Generated_Source\PSoC5/PWM_PM.c **** 
  59:.\Generated_Source\PSoC5/PWM_PM.c ****         #if(PWM_KillModeMinTime)
  60:.\Generated_Source\PSoC5/PWM_PM.c ****              PWM_backup.PWMKillCounterPeriod = PWM_ReadKillTime();
  61:.\Generated_Source\PSoC5/PWM_PM.c ****         #endif /* (PWM_KillModeMinTime) */
  62:.\Generated_Source\PSoC5/PWM_PM.c **** 
  63:.\Generated_Source\PSoC5/PWM_PM.c ****         #if(PWM_UseControl)
  64:.\Generated_Source\PSoC5/PWM_PM.c ****             PWM_backup.PWMControlRegister = PWM_ReadControlRegister();
  44              		.loc 1 64 0
  45 0010 FFF7FEFF 		bl	PWM_ReadControlRegister
  46              	.LVL2:
  47 0014 E070     		strb	r0, [r4, #3]
  48 0016 10BD     		pop	{r4, pc}
  49              	.L3:
  50              		.align	2
ARM GAS  C:\Users\SUZUKI~1\AppData\Local\Temp\ccz4CXGW.s 			page 3


  51              	.L2:
  52 0018 00000000 		.word	.LANCHOR0
  53              		.cfi_endproc
  54              	.LFE0:
  55              		.size	PWM_SaveConfig, .-PWM_SaveConfig
  56              		.section	.text.PWM_RestoreConfig,"ax",%progbits
  57              		.align	1
  58              		.global	PWM_RestoreConfig
  59              		.thumb
  60              		.thumb_func
  61              		.type	PWM_RestoreConfig, %function
  62              	PWM_RestoreConfig:
  63              	.LFB1:
  65:.\Generated_Source\PSoC5/PWM_PM.c ****         #endif /* (PWM_UseControl) */
  66:.\Generated_Source\PSoC5/PWM_PM.c ****     #endif  /* (!PWM_UsingFixedFunction) */
  67:.\Generated_Source\PSoC5/PWM_PM.c **** }
  68:.\Generated_Source\PSoC5/PWM_PM.c **** 
  69:.\Generated_Source\PSoC5/PWM_PM.c **** 
  70:.\Generated_Source\PSoC5/PWM_PM.c **** /*******************************************************************************
  71:.\Generated_Source\PSoC5/PWM_PM.c **** * Function Name: PWM_RestoreConfig
  72:.\Generated_Source\PSoC5/PWM_PM.c **** ********************************************************************************
  73:.\Generated_Source\PSoC5/PWM_PM.c **** *
  74:.\Generated_Source\PSoC5/PWM_PM.c **** * Summary:
  75:.\Generated_Source\PSoC5/PWM_PM.c **** *  Restores the current user configuration of the component.
  76:.\Generated_Source\PSoC5/PWM_PM.c **** *
  77:.\Generated_Source\PSoC5/PWM_PM.c **** * Parameters:
  78:.\Generated_Source\PSoC5/PWM_PM.c **** *  None
  79:.\Generated_Source\PSoC5/PWM_PM.c **** *
  80:.\Generated_Source\PSoC5/PWM_PM.c **** * Return:
  81:.\Generated_Source\PSoC5/PWM_PM.c **** *  None
  82:.\Generated_Source\PSoC5/PWM_PM.c **** *
  83:.\Generated_Source\PSoC5/PWM_PM.c **** * Global variables:
  84:.\Generated_Source\PSoC5/PWM_PM.c **** *  PWM_backup:  Variables of this global structure are used to
  85:.\Generated_Source\PSoC5/PWM_PM.c **** *  restore the values of non retention registers on wakeup from sleep mode.
  86:.\Generated_Source\PSoC5/PWM_PM.c **** *
  87:.\Generated_Source\PSoC5/PWM_PM.c **** *******************************************************************************/
  88:.\Generated_Source\PSoC5/PWM_PM.c **** void PWM_RestoreConfig(void) 
  89:.\Generated_Source\PSoC5/PWM_PM.c **** {
  64              		.loc 1 89 0
  65              		.cfi_startproc
  66              		@ args = 0, pretend = 0, frame = 0
  67              		@ frame_needed = 0, uses_anonymous_args = 0
  68 0000 10B5     		push	{r4, lr}
  69              		.cfi_def_cfa_offset 8
  70              		.cfi_offset 4, -8
  71              		.cfi_offset 14, -4
  90:.\Generated_Source\PSoC5/PWM_PM.c ****         #if(!PWM_UsingFixedFunction)
  91:.\Generated_Source\PSoC5/PWM_PM.c ****             #if(!PWM_PWMModeIsCenterAligned)
  92:.\Generated_Source\PSoC5/PWM_PM.c ****                 PWM_WritePeriod(PWM_backup.PWMPeriod);
  72              		.loc 1 92 0
  73 0002 064C     		ldr	r4, .L5
  74 0004 A078     		ldrb	r0, [r4, #2]	@ zero_extendqisi2
  75 0006 FFF7FEFF 		bl	PWM_WritePeriod
  76              	.LVL3:
  93:.\Generated_Source\PSoC5/PWM_PM.c ****             #endif /* (!PWM_PWMModeIsCenterAligned) */
  94:.\Generated_Source\PSoC5/PWM_PM.c **** 
  95:.\Generated_Source\PSoC5/PWM_PM.c ****             PWM_WriteCounter(PWM_backup.PWMUdb);
ARM GAS  C:\Users\SUZUKI~1\AppData\Local\Temp\ccz4CXGW.s 			page 4


  77              		.loc 1 95 0
  78 000a 6078     		ldrb	r0, [r4, #1]	@ zero_extendqisi2
  79 000c FFF7FEFF 		bl	PWM_WriteCounter
  80              	.LVL4:
  96:.\Generated_Source\PSoC5/PWM_PM.c **** 
  97:.\Generated_Source\PSoC5/PWM_PM.c ****             #if (PWM_UseStatus)
  98:.\Generated_Source\PSoC5/PWM_PM.c ****                 PWM_STATUS_MASK = PWM_backup.InterruptMaskValue;
  99:.\Generated_Source\PSoC5/PWM_PM.c ****             #endif /* (PWM_UseStatus) */
 100:.\Generated_Source\PSoC5/PWM_PM.c **** 
 101:.\Generated_Source\PSoC5/PWM_PM.c ****             #if(PWM_DeadBandMode == PWM__B_PWM__DBM_256_CLOCKS || \
 102:.\Generated_Source\PSoC5/PWM_PM.c ****                 PWM_DeadBandMode == PWM__B_PWM__DBM_2_4_CLOCKS)
 103:.\Generated_Source\PSoC5/PWM_PM.c ****                 PWM_WriteDeadTime(PWM_backup.PWMdeadBandValue);
 104:.\Generated_Source\PSoC5/PWM_PM.c ****             #endif /* deadband count is either 2-4 clocks or 256 clocks */
 105:.\Generated_Source\PSoC5/PWM_PM.c **** 
 106:.\Generated_Source\PSoC5/PWM_PM.c ****             #if(PWM_KillModeMinTime)
 107:.\Generated_Source\PSoC5/PWM_PM.c ****                 PWM_WriteKillTime(PWM_backup.PWMKillCounterPeriod);
 108:.\Generated_Source\PSoC5/PWM_PM.c ****             #endif /* (PWM_KillModeMinTime) */
 109:.\Generated_Source\PSoC5/PWM_PM.c **** 
 110:.\Generated_Source\PSoC5/PWM_PM.c ****             #if(PWM_UseControl)
 111:.\Generated_Source\PSoC5/PWM_PM.c ****                 PWM_WriteControlRegister(PWM_backup.PWMControlRegister);
  81              		.loc 1 111 0
  82 0010 E078     		ldrb	r0, [r4, #3]	@ zero_extendqisi2
 112:.\Generated_Source\PSoC5/PWM_PM.c ****             #endif /* (PWM_UseControl) */
 113:.\Generated_Source\PSoC5/PWM_PM.c ****         #endif  /* (!PWM_UsingFixedFunction) */
 114:.\Generated_Source\PSoC5/PWM_PM.c ****     }
  83              		.loc 1 114 0
  84 0012 BDE81040 		pop	{r4, lr}
  85              		.cfi_restore 14
  86              		.cfi_restore 4
  87              		.cfi_def_cfa_offset 0
 111:.\Generated_Source\PSoC5/PWM_PM.c ****             #endif /* (PWM_UseControl) */
  88              		.loc 1 111 0
  89 0016 FFF7FEBF 		b	PWM_WriteControlRegister
  90              	.LVL5:
  91              	.L6:
  92 001a 00BF     		.align	2
  93              	.L5:
  94 001c 00000000 		.word	.LANCHOR0
  95              		.cfi_endproc
  96              	.LFE1:
  97              		.size	PWM_RestoreConfig, .-PWM_RestoreConfig
  98              		.section	.text.PWM_Sleep,"ax",%progbits
  99              		.align	1
 100              		.global	PWM_Sleep
 101              		.thumb
 102              		.thumb_func
 103              		.type	PWM_Sleep, %function
 104              	PWM_Sleep:
 105              	.LFB2:
 115:.\Generated_Source\PSoC5/PWM_PM.c **** 
 116:.\Generated_Source\PSoC5/PWM_PM.c **** 
 117:.\Generated_Source\PSoC5/PWM_PM.c **** /*******************************************************************************
 118:.\Generated_Source\PSoC5/PWM_PM.c **** * Function Name: PWM_Sleep
 119:.\Generated_Source\PSoC5/PWM_PM.c **** ********************************************************************************
 120:.\Generated_Source\PSoC5/PWM_PM.c **** *
 121:.\Generated_Source\PSoC5/PWM_PM.c **** * Summary:
 122:.\Generated_Source\PSoC5/PWM_PM.c **** *  Disables block's operation and saves the user configuration. Should be called
ARM GAS  C:\Users\SUZUKI~1\AppData\Local\Temp\ccz4CXGW.s 			page 5


 123:.\Generated_Source\PSoC5/PWM_PM.c **** *  just prior to entering sleep.
 124:.\Generated_Source\PSoC5/PWM_PM.c **** *
 125:.\Generated_Source\PSoC5/PWM_PM.c **** * Parameters:
 126:.\Generated_Source\PSoC5/PWM_PM.c **** *  None
 127:.\Generated_Source\PSoC5/PWM_PM.c **** *
 128:.\Generated_Source\PSoC5/PWM_PM.c **** * Return:
 129:.\Generated_Source\PSoC5/PWM_PM.c **** *  None
 130:.\Generated_Source\PSoC5/PWM_PM.c **** *
 131:.\Generated_Source\PSoC5/PWM_PM.c **** * Global variables:
 132:.\Generated_Source\PSoC5/PWM_PM.c **** *  PWM_backup.PWMEnableState:  Is modified depending on the enable
 133:.\Generated_Source\PSoC5/PWM_PM.c **** *  state of the block before entering sleep mode.
 134:.\Generated_Source\PSoC5/PWM_PM.c **** *
 135:.\Generated_Source\PSoC5/PWM_PM.c **** *******************************************************************************/
 136:.\Generated_Source\PSoC5/PWM_PM.c **** void PWM_Sleep(void) 
 137:.\Generated_Source\PSoC5/PWM_PM.c **** {
 106              		.loc 1 137 0
 107              		.cfi_startproc
 108              		@ args = 0, pretend = 0, frame = 0
 109              		@ frame_needed = 0, uses_anonymous_args = 0
 110 0000 08B5     		push	{r3, lr}
 111              		.cfi_def_cfa_offset 8
 112              		.cfi_offset 3, -8
 113              		.cfi_offset 14, -4
 138:.\Generated_Source\PSoC5/PWM_PM.c ****     #if(PWM_UseControl)
 139:.\Generated_Source\PSoC5/PWM_PM.c ****         if(PWM_CTRL_ENABLE == (PWM_CONTROL & PWM_CTRL_ENABLE))
 114              		.loc 1 139 0
 115 0002 074B     		ldr	r3, .L11
 116 0004 1B78     		ldrb	r3, [r3]	@ zero_extendqisi2
 117 0006 13F0800F 		tst	r3, #128
 118 000a 064B     		ldr	r3, .L11+4
 140:.\Generated_Source\PSoC5/PWM_PM.c ****         {
 141:.\Generated_Source\PSoC5/PWM_PM.c ****             /*Component is enabled */
 142:.\Generated_Source\PSoC5/PWM_PM.c ****             PWM_backup.PWMEnableState = 1u;
 119              		.loc 1 142 0
 120 000c 14BF     		ite	ne
 121 000e 0122     		movne	r2, #1
 143:.\Generated_Source\PSoC5/PWM_PM.c ****         }
 144:.\Generated_Source\PSoC5/PWM_PM.c ****         else
 145:.\Generated_Source\PSoC5/PWM_PM.c ****         {
 146:.\Generated_Source\PSoC5/PWM_PM.c ****             /* Component is disabled */
 147:.\Generated_Source\PSoC5/PWM_PM.c ****             PWM_backup.PWMEnableState = 0u;
 122              		.loc 1 147 0
 123 0010 0022     		moveq	r2, #0
 124 0012 1A70     		strb	r2, [r3]
 148:.\Generated_Source\PSoC5/PWM_PM.c ****         }
 149:.\Generated_Source\PSoC5/PWM_PM.c ****     #endif /* (PWM_UseControl) */
 150:.\Generated_Source\PSoC5/PWM_PM.c **** 
 151:.\Generated_Source\PSoC5/PWM_PM.c ****     /* Stop component */
 152:.\Generated_Source\PSoC5/PWM_PM.c ****     PWM_Stop();
 125              		.loc 1 152 0
 126 0014 FFF7FEFF 		bl	PWM_Stop
 127              	.LVL6:
 153:.\Generated_Source\PSoC5/PWM_PM.c **** 
 154:.\Generated_Source\PSoC5/PWM_PM.c ****     /* Save registers configuration */
 155:.\Generated_Source\PSoC5/PWM_PM.c ****     PWM_SaveConfig();
 156:.\Generated_Source\PSoC5/PWM_PM.c **** }
 128              		.loc 1 156 0
ARM GAS  C:\Users\SUZUKI~1\AppData\Local\Temp\ccz4CXGW.s 			page 6


 129 0018 BDE80840 		pop	{r3, lr}
 130              		.cfi_restore 14
 131              		.cfi_restore 3
 132              		.cfi_def_cfa_offset 0
 155:.\Generated_Source\PSoC5/PWM_PM.c **** }
 133              		.loc 1 155 0
 134 001c FFF7FEBF 		b	PWM_SaveConfig
 135              	.LVL7:
 136              	.L12:
 137              		.align	2
 138              	.L11:
 139 0020 7A650040 		.word	1073767802
 140 0024 00000000 		.word	.LANCHOR0
 141              		.cfi_endproc
 142              	.LFE2:
 143              		.size	PWM_Sleep, .-PWM_Sleep
 144              		.section	.text.PWM_Wakeup,"ax",%progbits
 145              		.align	1
 146              		.global	PWM_Wakeup
 147              		.thumb
 148              		.thumb_func
 149              		.type	PWM_Wakeup, %function
 150              	PWM_Wakeup:
 151              	.LFB3:
 157:.\Generated_Source\PSoC5/PWM_PM.c **** 
 158:.\Generated_Source\PSoC5/PWM_PM.c **** 
 159:.\Generated_Source\PSoC5/PWM_PM.c **** /*******************************************************************************
 160:.\Generated_Source\PSoC5/PWM_PM.c **** * Function Name: PWM_Wakeup
 161:.\Generated_Source\PSoC5/PWM_PM.c **** ********************************************************************************
 162:.\Generated_Source\PSoC5/PWM_PM.c **** *
 163:.\Generated_Source\PSoC5/PWM_PM.c **** * Summary:
 164:.\Generated_Source\PSoC5/PWM_PM.c **** *  Restores and enables the user configuration. Should be called just after
 165:.\Generated_Source\PSoC5/PWM_PM.c **** *  awaking from sleep.
 166:.\Generated_Source\PSoC5/PWM_PM.c **** *
 167:.\Generated_Source\PSoC5/PWM_PM.c **** * Parameters:
 168:.\Generated_Source\PSoC5/PWM_PM.c **** *  None
 169:.\Generated_Source\PSoC5/PWM_PM.c **** *
 170:.\Generated_Source\PSoC5/PWM_PM.c **** * Return:
 171:.\Generated_Source\PSoC5/PWM_PM.c **** *  None
 172:.\Generated_Source\PSoC5/PWM_PM.c **** *
 173:.\Generated_Source\PSoC5/PWM_PM.c **** * Global variables:
 174:.\Generated_Source\PSoC5/PWM_PM.c **** *  PWM_backup.pwmEnable:  Is used to restore the enable state of
 175:.\Generated_Source\PSoC5/PWM_PM.c **** *  block on wakeup from sleep mode.
 176:.\Generated_Source\PSoC5/PWM_PM.c **** *
 177:.\Generated_Source\PSoC5/PWM_PM.c **** *******************************************************************************/
 178:.\Generated_Source\PSoC5/PWM_PM.c **** void PWM_Wakeup(void) 
 179:.\Generated_Source\PSoC5/PWM_PM.c **** {
 152              		.loc 1 179 0
 153              		.cfi_startproc
 154              		@ args = 0, pretend = 0, frame = 0
 155              		@ frame_needed = 0, uses_anonymous_args = 0
 156 0000 08B5     		push	{r3, lr}
 157              		.cfi_def_cfa_offset 8
 158              		.cfi_offset 3, -8
 159              		.cfi_offset 14, -4
 180:.\Generated_Source\PSoC5/PWM_PM.c ****      /* Restore registers values */
 181:.\Generated_Source\PSoC5/PWM_PM.c ****     PWM_RestoreConfig();
ARM GAS  C:\Users\SUZUKI~1\AppData\Local\Temp\ccz4CXGW.s 			page 7


 160              		.loc 1 181 0
 161 0002 FFF7FEFF 		bl	PWM_RestoreConfig
 162              	.LVL8:
 182:.\Generated_Source\PSoC5/PWM_PM.c **** 
 183:.\Generated_Source\PSoC5/PWM_PM.c ****     if(PWM_backup.PWMEnableState != 0u)
 163              		.loc 1 183 0
 164 0006 044B     		ldr	r3, .L16
 165 0008 1B78     		ldrb	r3, [r3]	@ zero_extendqisi2
 166 000a 1BB1     		cbz	r3, .L13
 184:.\Generated_Source\PSoC5/PWM_PM.c ****     {
 185:.\Generated_Source\PSoC5/PWM_PM.c ****         /* Enable component's operation */
 186:.\Generated_Source\PSoC5/PWM_PM.c ****         PWM_Enable();
 187:.\Generated_Source\PSoC5/PWM_PM.c ****     } /* Do nothing if component's block was disabled before */
 188:.\Generated_Source\PSoC5/PWM_PM.c **** 
 189:.\Generated_Source\PSoC5/PWM_PM.c **** }
 167              		.loc 1 189 0
 168 000c BDE80840 		pop	{r3, lr}
 169              		.cfi_remember_state
 170              		.cfi_restore 14
 171              		.cfi_restore 3
 172              		.cfi_def_cfa_offset 0
 186:.\Generated_Source\PSoC5/PWM_PM.c ****     } /* Do nothing if component's block was disabled before */
 173              		.loc 1 186 0
 174 0010 FFF7FEBF 		b	PWM_Enable
 175              	.LVL9:
 176              	.L13:
 177              		.cfi_restore_state
 178 0014 08BD     		pop	{r3, pc}
 179              	.L17:
 180 0016 00BF     		.align	2
 181              	.L16:
 182 0018 00000000 		.word	.LANCHOR0
 183              		.cfi_endproc
 184              	.LFE3:
 185              		.size	PWM_Wakeup, .-PWM_Wakeup
 186              		.bss
 187              		.set	.LANCHOR0,. + 0
 188              		.type	PWM_backup, %object
 189              		.size	PWM_backup, 4
 190              	PWM_backup:
 191 0000 00000000 		.space	4
 192              		.text
 193              	.Letext0:
 194              		.file 2 ".\\Generated_Source\\PSoC5\\cytypes.h"
 195              		.file 3 ".\\Generated_Source\\PSoC5\\PWM.h"
 196              		.section	.debug_info,"",%progbits
 197              	.Ldebug_info0:
 198 0000 0A020000 		.4byte	0x20a
 199 0004 0400     		.2byte	0x4
 200 0006 00000000 		.4byte	.Ldebug_abbrev0
 201 000a 04       		.byte	0x4
 202 000b 01       		.uleb128 0x1
 203 000c C3000000 		.4byte	.LASF32
 204 0010 01       		.byte	0x1
 205 0011 7F000000 		.4byte	.LASF33
 206 0015 16000000 		.4byte	.LASF34
 207 0019 00000000 		.4byte	.Ldebug_ranges0+0
ARM GAS  C:\Users\SUZUKI~1\AppData\Local\Temp\ccz4CXGW.s 			page 8


 208 001d 00000000 		.4byte	0
 209 0021 00000000 		.4byte	.Ldebug_line0
 210 0025 02       		.uleb128 0x2
 211 0026 01       		.byte	0x1
 212 0027 06       		.byte	0x6
 213 0028 91020000 		.4byte	.LASF0
 214 002c 02       		.uleb128 0x2
 215 002d 01       		.byte	0x1
 216 002e 08       		.byte	0x8
 217 002f 51010000 		.4byte	.LASF1
 218 0033 02       		.uleb128 0x2
 219 0034 02       		.byte	0x2
 220 0035 05       		.byte	0x5
 221 0036 4C020000 		.4byte	.LASF2
 222 003a 02       		.uleb128 0x2
 223 003b 02       		.byte	0x2
 224 003c 07       		.byte	0x7
 225 003d 5A000000 		.4byte	.LASF3
 226 0041 02       		.uleb128 0x2
 227 0042 04       		.byte	0x4
 228 0043 05       		.byte	0x5
 229 0044 70020000 		.4byte	.LASF4
 230 0048 02       		.uleb128 0x2
 231 0049 04       		.byte	0x4
 232 004a 07       		.byte	0x7
 233 004b 6E010000 		.4byte	.LASF5
 234 004f 02       		.uleb128 0x2
 235 0050 08       		.byte	0x8
 236 0051 05       		.byte	0x5
 237 0052 11020000 		.4byte	.LASF6
 238 0056 02       		.uleb128 0x2
 239 0057 08       		.byte	0x8
 240 0058 07       		.byte	0x7
 241 0059 D7010000 		.4byte	.LASF7
 242 005d 03       		.uleb128 0x3
 243 005e 04       		.byte	0x4
 244 005f 05       		.byte	0x5
 245 0060 696E7400 		.ascii	"int\000"
 246 0064 02       		.uleb128 0x2
 247 0065 04       		.byte	0x4
 248 0066 07       		.byte	0x7
 249 0067 CA010000 		.4byte	.LASF8
 250 006b 04       		.uleb128 0x4
 251 006c 90010000 		.4byte	.LASF12
 252 0070 02       		.byte	0x2
 253 0071 9201     		.2byte	0x192
 254 0073 2C000000 		.4byte	0x2c
 255 0077 02       		.uleb128 0x2
 256 0078 04       		.byte	0x4
 257 0079 04       		.byte	0x4
 258 007a B2000000 		.4byte	.LASF9
 259 007e 02       		.uleb128 0x2
 260 007f 08       		.byte	0x8
 261 0080 04       		.byte	0x4
 262 0081 B4010000 		.4byte	.LASF10
 263 0085 02       		.uleb128 0x2
 264 0086 01       		.byte	0x1
ARM GAS  C:\Users\SUZUKI~1\AppData\Local\Temp\ccz4CXGW.s 			page 9


 265 0087 08       		.byte	0x8
 266 0088 1F020000 		.4byte	.LASF11
 267 008c 04       		.uleb128 0x4
 268 008d 07000000 		.4byte	.LASF13
 269 0091 02       		.byte	0x2
 270 0092 3C02     		.2byte	0x23c
 271 0094 98000000 		.4byte	0x98
 272 0098 05       		.uleb128 0x5
 273 0099 6B000000 		.4byte	0x6b
 274 009d 02       		.uleb128 0x2
 275 009e 04       		.byte	0x4
 276 009f 07       		.byte	0x7
 277 00a0 08020000 		.4byte	.LASF14
 278 00a4 06       		.uleb128 0x6
 279 00a5 04       		.byte	0x4
 280 00a6 03       		.byte	0x3
 281 00a7 6B       		.byte	0x6b
 282 00a8 DD000000 		.4byte	0xdd
 283 00ac 07       		.uleb128 0x7
 284 00ad 5F010000 		.4byte	.LASF15
 285 00b1 03       		.byte	0x3
 286 00b2 6E       		.byte	0x6e
 287 00b3 6B000000 		.4byte	0x6b
 288 00b7 00       		.byte	0
 289 00b8 07       		.uleb128 0x7
 290 00b9 00000000 		.4byte	.LASF16
 291 00bd 03       		.byte	0x3
 292 00be 71       		.byte	0x71
 293 00bf 6B000000 		.4byte	0x6b
 294 00c3 01       		.byte	0x1
 295 00c4 07       		.uleb128 0x7
 296 00c5 0C000000 		.4byte	.LASF17
 297 00c9 03       		.byte	0x3
 298 00ca 73       		.byte	0x73
 299 00cb 6B000000 		.4byte	0x6b
 300 00cf 02       		.byte	0x2
 301 00d0 07       		.uleb128 0x7
 302 00d1 A1010000 		.4byte	.LASF18
 303 00d5 03       		.byte	0x3
 304 00d6 86       		.byte	0x86
 305 00d7 6B000000 		.4byte	0x6b
 306 00db 03       		.byte	0x3
 307 00dc 00       		.byte	0
 308 00dd 08       		.uleb128 0x8
 309 00de A1000000 		.4byte	.LASF19
 310 00e2 03       		.byte	0x3
 311 00e3 8B       		.byte	0x8b
 312 00e4 A4000000 		.4byte	0xa4
 313 00e8 09       		.uleb128 0x9
 314 00e9 BB010000 		.4byte	.LASF20
 315 00ed 01       		.byte	0x1
 316 00ee 2A       		.byte	0x2a
 317 00ef 00000000 		.4byte	.LFB0
 318 00f3 1C000000 		.4byte	.LFE0-.LFB0
 319 00f7 01       		.uleb128 0x1
 320 00f8 9C       		.byte	0x9c
 321 00f9 19010000 		.4byte	0x119
ARM GAS  C:\Users\SUZUKI~1\AppData\Local\Temp\ccz4CXGW.s 			page 10


 322 00fd 0A       		.uleb128 0xa
 323 00fe 06000000 		.4byte	.LVL0
 324 0102 AB010000 		.4byte	0x1ab
 325 0106 0A       		.uleb128 0xa
 326 0107 0E000000 		.4byte	.LVL1
 327 010b B6010000 		.4byte	0x1b6
 328 010f 0A       		.uleb128 0xa
 329 0110 14000000 		.4byte	.LVL2
 330 0114 C1010000 		.4byte	0x1c1
 331 0118 00       		.byte	0
 332 0119 09       		.uleb128 0x9
 333 011a 6D000000 		.4byte	.LASF21
 334 011e 01       		.byte	0x1
 335 011f 58       		.byte	0x58
 336 0120 00000000 		.4byte	.LFB1
 337 0124 20000000 		.4byte	.LFE1-.LFB1
 338 0128 01       		.uleb128 0x1
 339 0129 9C       		.byte	0x9c
 340 012a 4A010000 		.4byte	0x14a
 341 012e 0A       		.uleb128 0xa
 342 012f 0A000000 		.4byte	.LVL3
 343 0133 CC010000 		.4byte	0x1cc
 344 0137 0A       		.uleb128 0xa
 345 0138 10000000 		.4byte	.LVL4
 346 013c DD010000 		.4byte	0x1dd
 347 0140 0B       		.uleb128 0xb
 348 0141 1A000000 		.4byte	.LVL5
 349 0145 EE010000 		.4byte	0x1ee
 350 0149 00       		.byte	0
 351 014a 09       		.uleb128 0x9
 352 014b EE010000 		.4byte	.LASF22
 353 014f 01       		.byte	0x1
 354 0150 88       		.byte	0x88
 355 0151 00000000 		.4byte	.LFB2
 356 0155 28000000 		.4byte	.LFE2-.LFB2
 357 0159 01       		.uleb128 0x1
 358 015a 9C       		.byte	0x9c
 359 015b 72010000 		.4byte	0x172
 360 015f 0A       		.uleb128 0xa
 361 0160 18000000 		.4byte	.LVL6
 362 0164 FF010000 		.4byte	0x1ff
 363 0168 0B       		.uleb128 0xb
 364 0169 20000000 		.4byte	.LVL7
 365 016d E8000000 		.4byte	0xe8
 366 0171 00       		.byte	0
 367 0172 09       		.uleb128 0x9
 368 0173 96010000 		.4byte	.LASF23
 369 0177 01       		.byte	0x1
 370 0178 B2       		.byte	0xb2
 371 0179 00000000 		.4byte	.LFB3
 372 017d 1C000000 		.4byte	.LFE3-.LFB3
 373 0181 01       		.uleb128 0x1
 374 0182 9C       		.byte	0x9c
 375 0183 9A010000 		.4byte	0x19a
 376 0187 0A       		.uleb128 0xa
 377 0188 06000000 		.4byte	.LVL8
 378 018c 19010000 		.4byte	0x119
ARM GAS  C:\Users\SUZUKI~1\AppData\Local\Temp\ccz4CXGW.s 			page 11


 379 0190 0B       		.uleb128 0xb
 380 0191 14000000 		.4byte	.LVL9
 381 0195 06020000 		.4byte	0x206
 382 0199 00       		.byte	0
 383 019a 0C       		.uleb128 0xc
 384 019b B8000000 		.4byte	.LASF35
 385 019f 01       		.byte	0x1
 386 01a0 14       		.byte	0x14
 387 01a1 DD000000 		.4byte	0xdd
 388 01a5 05       		.uleb128 0x5
 389 01a6 03       		.byte	0x3
 390 01a7 00000000 		.4byte	PWM_backup
 391 01ab 0D       		.uleb128 0xd
 392 01ac 3D020000 		.4byte	.LASF24
 393 01b0 03       		.byte	0x3
 394 01b1 C0       		.byte	0xc0
 395 01b2 6B000000 		.4byte	0x6b
 396 01b6 0D       		.uleb128 0xd
 397 01b7 80010000 		.4byte	.LASF25
 398 01bb 03       		.byte	0x3
 399 01bc B3       		.byte	0xb3
 400 01bd 6B000000 		.4byte	0x6b
 401 01c1 0D       		.uleb128 0xd
 402 01c2 79020000 		.4byte	.LASF26
 403 01c6 03       		.byte	0x3
 404 01c7 9D       		.byte	0x9d
 405 01c8 6B000000 		.4byte	0x6b
 406 01cc 0E       		.uleb128 0xe
 407 01cd F8010000 		.4byte	.LASF27
 408 01d1 03       		.byte	0x3
 409 01d2 BE       		.byte	0xbe
 410 01d3 DD010000 		.4byte	0x1dd
 411 01d7 0F       		.uleb128 0xf
 412 01d8 6B000000 		.4byte	0x6b
 413 01dc 00       		.byte	0
 414 01dd 0E       		.uleb128 0xe
 415 01de 56020000 		.4byte	.LASF28
 416 01e2 03       		.byte	0x3
 417 01e3 BA       		.byte	0xba
 418 01e4 EE010000 		.4byte	0x1ee
 419 01e8 0F       		.uleb128 0xf
 420 01e9 6B000000 		.4byte	0x6b
 421 01ed 00       		.byte	0
 422 01ee 0E       		.uleb128 0xe
 423 01ef 24020000 		.4byte	.LASF29
 424 01f3 03       		.byte	0x3
 425 01f4 9E       		.byte	0x9e
 426 01f5 FF010000 		.4byte	0x1ff
 427 01f9 0F       		.uleb128 0xf
 428 01fa 6B000000 		.4byte	0x6b
 429 01fe 00       		.byte	0
 430 01ff 10       		.uleb128 0x10
 431 0200 67020000 		.4byte	.LASF30
 432 0204 03       		.byte	0x3
 433 0205 93       		.byte	0x93
 434 0206 10       		.uleb128 0x10
 435 0207 9D020000 		.4byte	.LASF31
ARM GAS  C:\Users\SUZUKI~1\AppData\Local\Temp\ccz4CXGW.s 			page 12


 436 020b 03       		.byte	0x3
 437 020c DB       		.byte	0xdb
 438 020d 00       		.byte	0
 439              		.section	.debug_abbrev,"",%progbits
 440              	.Ldebug_abbrev0:
 441 0000 01       		.uleb128 0x1
 442 0001 11       		.uleb128 0x11
 443 0002 01       		.byte	0x1
 444 0003 25       		.uleb128 0x25
 445 0004 0E       		.uleb128 0xe
 446 0005 13       		.uleb128 0x13
 447 0006 0B       		.uleb128 0xb
 448 0007 03       		.uleb128 0x3
 449 0008 0E       		.uleb128 0xe
 450 0009 1B       		.uleb128 0x1b
 451 000a 0E       		.uleb128 0xe
 452 000b 55       		.uleb128 0x55
 453 000c 17       		.uleb128 0x17
 454 000d 11       		.uleb128 0x11
 455 000e 01       		.uleb128 0x1
 456 000f 10       		.uleb128 0x10
 457 0010 17       		.uleb128 0x17
 458 0011 00       		.byte	0
 459 0012 00       		.byte	0
 460 0013 02       		.uleb128 0x2
 461 0014 24       		.uleb128 0x24
 462 0015 00       		.byte	0
 463 0016 0B       		.uleb128 0xb
 464 0017 0B       		.uleb128 0xb
 465 0018 3E       		.uleb128 0x3e
 466 0019 0B       		.uleb128 0xb
 467 001a 03       		.uleb128 0x3
 468 001b 0E       		.uleb128 0xe
 469 001c 00       		.byte	0
 470 001d 00       		.byte	0
 471 001e 03       		.uleb128 0x3
 472 001f 24       		.uleb128 0x24
 473 0020 00       		.byte	0
 474 0021 0B       		.uleb128 0xb
 475 0022 0B       		.uleb128 0xb
 476 0023 3E       		.uleb128 0x3e
 477 0024 0B       		.uleb128 0xb
 478 0025 03       		.uleb128 0x3
 479 0026 08       		.uleb128 0x8
 480 0027 00       		.byte	0
 481 0028 00       		.byte	0
 482 0029 04       		.uleb128 0x4
 483 002a 16       		.uleb128 0x16
 484 002b 00       		.byte	0
 485 002c 03       		.uleb128 0x3
 486 002d 0E       		.uleb128 0xe
 487 002e 3A       		.uleb128 0x3a
 488 002f 0B       		.uleb128 0xb
 489 0030 3B       		.uleb128 0x3b
 490 0031 05       		.uleb128 0x5
 491 0032 49       		.uleb128 0x49
 492 0033 13       		.uleb128 0x13
ARM GAS  C:\Users\SUZUKI~1\AppData\Local\Temp\ccz4CXGW.s 			page 13


 493 0034 00       		.byte	0
 494 0035 00       		.byte	0
 495 0036 05       		.uleb128 0x5
 496 0037 35       		.uleb128 0x35
 497 0038 00       		.byte	0
 498 0039 49       		.uleb128 0x49
 499 003a 13       		.uleb128 0x13
 500 003b 00       		.byte	0
 501 003c 00       		.byte	0
 502 003d 06       		.uleb128 0x6
 503 003e 13       		.uleb128 0x13
 504 003f 01       		.byte	0x1
 505 0040 0B       		.uleb128 0xb
 506 0041 0B       		.uleb128 0xb
 507 0042 3A       		.uleb128 0x3a
 508 0043 0B       		.uleb128 0xb
 509 0044 3B       		.uleb128 0x3b
 510 0045 0B       		.uleb128 0xb
 511 0046 01       		.uleb128 0x1
 512 0047 13       		.uleb128 0x13
 513 0048 00       		.byte	0
 514 0049 00       		.byte	0
 515 004a 07       		.uleb128 0x7
 516 004b 0D       		.uleb128 0xd
 517 004c 00       		.byte	0
 518 004d 03       		.uleb128 0x3
 519 004e 0E       		.uleb128 0xe
 520 004f 3A       		.uleb128 0x3a
 521 0050 0B       		.uleb128 0xb
 522 0051 3B       		.uleb128 0x3b
 523 0052 0B       		.uleb128 0xb
 524 0053 49       		.uleb128 0x49
 525 0054 13       		.uleb128 0x13
 526 0055 38       		.uleb128 0x38
 527 0056 0B       		.uleb128 0xb
 528 0057 00       		.byte	0
 529 0058 00       		.byte	0
 530 0059 08       		.uleb128 0x8
 531 005a 16       		.uleb128 0x16
 532 005b 00       		.byte	0
 533 005c 03       		.uleb128 0x3
 534 005d 0E       		.uleb128 0xe
 535 005e 3A       		.uleb128 0x3a
 536 005f 0B       		.uleb128 0xb
 537 0060 3B       		.uleb128 0x3b
 538 0061 0B       		.uleb128 0xb
 539 0062 49       		.uleb128 0x49
 540 0063 13       		.uleb128 0x13
 541 0064 00       		.byte	0
 542 0065 00       		.byte	0
 543 0066 09       		.uleb128 0x9
 544 0067 2E       		.uleb128 0x2e
 545 0068 01       		.byte	0x1
 546 0069 3F       		.uleb128 0x3f
 547 006a 19       		.uleb128 0x19
 548 006b 03       		.uleb128 0x3
 549 006c 0E       		.uleb128 0xe
ARM GAS  C:\Users\SUZUKI~1\AppData\Local\Temp\ccz4CXGW.s 			page 14


 550 006d 3A       		.uleb128 0x3a
 551 006e 0B       		.uleb128 0xb
 552 006f 3B       		.uleb128 0x3b
 553 0070 0B       		.uleb128 0xb
 554 0071 27       		.uleb128 0x27
 555 0072 19       		.uleb128 0x19
 556 0073 11       		.uleb128 0x11
 557 0074 01       		.uleb128 0x1
 558 0075 12       		.uleb128 0x12
 559 0076 06       		.uleb128 0x6
 560 0077 40       		.uleb128 0x40
 561 0078 18       		.uleb128 0x18
 562 0079 9742     		.uleb128 0x2117
 563 007b 19       		.uleb128 0x19
 564 007c 01       		.uleb128 0x1
 565 007d 13       		.uleb128 0x13
 566 007e 00       		.byte	0
 567 007f 00       		.byte	0
 568 0080 0A       		.uleb128 0xa
 569 0081 898201   		.uleb128 0x4109
 570 0084 00       		.byte	0
 571 0085 11       		.uleb128 0x11
 572 0086 01       		.uleb128 0x1
 573 0087 31       		.uleb128 0x31
 574 0088 13       		.uleb128 0x13
 575 0089 00       		.byte	0
 576 008a 00       		.byte	0
 577 008b 0B       		.uleb128 0xb
 578 008c 898201   		.uleb128 0x4109
 579 008f 00       		.byte	0
 580 0090 11       		.uleb128 0x11
 581 0091 01       		.uleb128 0x1
 582 0092 9542     		.uleb128 0x2115
 583 0094 19       		.uleb128 0x19
 584 0095 31       		.uleb128 0x31
 585 0096 13       		.uleb128 0x13
 586 0097 00       		.byte	0
 587 0098 00       		.byte	0
 588 0099 0C       		.uleb128 0xc
 589 009a 34       		.uleb128 0x34
 590 009b 00       		.byte	0
 591 009c 03       		.uleb128 0x3
 592 009d 0E       		.uleb128 0xe
 593 009e 3A       		.uleb128 0x3a
 594 009f 0B       		.uleb128 0xb
 595 00a0 3B       		.uleb128 0x3b
 596 00a1 0B       		.uleb128 0xb
 597 00a2 49       		.uleb128 0x49
 598 00a3 13       		.uleb128 0x13
 599 00a4 02       		.uleb128 0x2
 600 00a5 18       		.uleb128 0x18
 601 00a6 00       		.byte	0
 602 00a7 00       		.byte	0
 603 00a8 0D       		.uleb128 0xd
 604 00a9 2E       		.uleb128 0x2e
 605 00aa 00       		.byte	0
 606 00ab 3F       		.uleb128 0x3f
ARM GAS  C:\Users\SUZUKI~1\AppData\Local\Temp\ccz4CXGW.s 			page 15


 607 00ac 19       		.uleb128 0x19
 608 00ad 03       		.uleb128 0x3
 609 00ae 0E       		.uleb128 0xe
 610 00af 3A       		.uleb128 0x3a
 611 00b0 0B       		.uleb128 0xb
 612 00b1 3B       		.uleb128 0x3b
 613 00b2 0B       		.uleb128 0xb
 614 00b3 27       		.uleb128 0x27
 615 00b4 19       		.uleb128 0x19
 616 00b5 49       		.uleb128 0x49
 617 00b6 13       		.uleb128 0x13
 618 00b7 3C       		.uleb128 0x3c
 619 00b8 19       		.uleb128 0x19
 620 00b9 00       		.byte	0
 621 00ba 00       		.byte	0
 622 00bb 0E       		.uleb128 0xe
 623 00bc 2E       		.uleb128 0x2e
 624 00bd 01       		.byte	0x1
 625 00be 3F       		.uleb128 0x3f
 626 00bf 19       		.uleb128 0x19
 627 00c0 03       		.uleb128 0x3
 628 00c1 0E       		.uleb128 0xe
 629 00c2 3A       		.uleb128 0x3a
 630 00c3 0B       		.uleb128 0xb
 631 00c4 3B       		.uleb128 0x3b
 632 00c5 0B       		.uleb128 0xb
 633 00c6 27       		.uleb128 0x27
 634 00c7 19       		.uleb128 0x19
 635 00c8 3C       		.uleb128 0x3c
 636 00c9 19       		.uleb128 0x19
 637 00ca 01       		.uleb128 0x1
 638 00cb 13       		.uleb128 0x13
 639 00cc 00       		.byte	0
 640 00cd 00       		.byte	0
 641 00ce 0F       		.uleb128 0xf
 642 00cf 05       		.uleb128 0x5
 643 00d0 00       		.byte	0
 644 00d1 49       		.uleb128 0x49
 645 00d2 13       		.uleb128 0x13
 646 00d3 00       		.byte	0
 647 00d4 00       		.byte	0
 648 00d5 10       		.uleb128 0x10
 649 00d6 2E       		.uleb128 0x2e
 650 00d7 00       		.byte	0
 651 00d8 3F       		.uleb128 0x3f
 652 00d9 19       		.uleb128 0x19
 653 00da 03       		.uleb128 0x3
 654 00db 0E       		.uleb128 0xe
 655 00dc 3A       		.uleb128 0x3a
 656 00dd 0B       		.uleb128 0xb
 657 00de 3B       		.uleb128 0x3b
 658 00df 0B       		.uleb128 0xb
 659 00e0 27       		.uleb128 0x27
 660 00e1 19       		.uleb128 0x19
 661 00e2 3C       		.uleb128 0x3c
 662 00e3 19       		.uleb128 0x19
 663 00e4 00       		.byte	0
ARM GAS  C:\Users\SUZUKI~1\AppData\Local\Temp\ccz4CXGW.s 			page 16


 664 00e5 00       		.byte	0
 665 00e6 00       		.byte	0
 666              		.section	.debug_aranges,"",%progbits
 667 0000 34000000 		.4byte	0x34
 668 0004 0200     		.2byte	0x2
 669 0006 00000000 		.4byte	.Ldebug_info0
 670 000a 04       		.byte	0x4
 671 000b 00       		.byte	0
 672 000c 0000     		.2byte	0
 673 000e 0000     		.2byte	0
 674 0010 00000000 		.4byte	.LFB0
 675 0014 1C000000 		.4byte	.LFE0-.LFB0
 676 0018 00000000 		.4byte	.LFB1
 677 001c 20000000 		.4byte	.LFE1-.LFB1
 678 0020 00000000 		.4byte	.LFB2
 679 0024 28000000 		.4byte	.LFE2-.LFB2
 680 0028 00000000 		.4byte	.LFB3
 681 002c 1C000000 		.4byte	.LFE3-.LFB3
 682 0030 00000000 		.4byte	0
 683 0034 00000000 		.4byte	0
 684              		.section	.debug_ranges,"",%progbits
 685              	.Ldebug_ranges0:
 686 0000 00000000 		.4byte	.LFB0
 687 0004 1C000000 		.4byte	.LFE0
 688 0008 00000000 		.4byte	.LFB1
 689 000c 20000000 		.4byte	.LFE1
 690 0010 00000000 		.4byte	.LFB2
 691 0014 28000000 		.4byte	.LFE2
 692 0018 00000000 		.4byte	.LFB3
 693 001c 1C000000 		.4byte	.LFE3
 694 0020 00000000 		.4byte	0
 695 0024 00000000 		.4byte	0
 696              		.section	.debug_line,"",%progbits
 697              	.Ldebug_line0:
 698 0000 A9000000 		.section	.debug_str,"MS",%progbits,1
 698      02004E00 
 698      00000201 
 698      FB0E0D00 
 698      01010101 
 699              	.LASF16:
 700 0000 50574D55 		.ascii	"PWMUdb\000"
 700      646200
 701              	.LASF13:
 702 0007 72656738 		.ascii	"reg8\000"
 702      00
 703              	.LASF17:
 704 000c 50574D50 		.ascii	"PWMPeriod\000"
 704      6572696F 
 704      6400
 705              	.LASF34:
 706 0016 433A5C55 		.ascii	"C:\\Users\\suzukihajime\\Documents\\PSoC Creator\\b"
 706      73657273 
 706      5C73757A 
 706      756B6968 
 706      616A696D 
 707 0044 6F6F7374 		.ascii	"oost\\boost.soft.cydsn\000"
 707      5C626F6F 
ARM GAS  C:\Users\SUZUKI~1\AppData\Local\Temp\ccz4CXGW.s 			page 17


 707      73742E73 
 707      6F66742E 
 707      63796473 
 708              	.LASF3:
 709 005a 73686F72 		.ascii	"short unsigned int\000"
 709      7420756E 
 709      7369676E 
 709      65642069 
 709      6E7400
 710              	.LASF21:
 711 006d 50574D5F 		.ascii	"PWM_RestoreConfig\000"
 711      52657374 
 711      6F726543 
 711      6F6E6669 
 711      6700
 712              	.LASF33:
 713 007f 2E5C4765 		.ascii	".\\Generated_Source\\PSoC5\\PWM_PM.c\000"
 713      6E657261 
 713      7465645F 
 713      536F7572 
 713      63655C50 
 714              	.LASF19:
 715 00a1 50574D5F 		.ascii	"PWM_backupStruct\000"
 715      6261636B 
 715      75705374 
 715      72756374 
 715      00
 716              	.LASF9:
 717 00b2 666C6F61 		.ascii	"float\000"
 717      7400
 718              	.LASF35:
 719 00b8 50574D5F 		.ascii	"PWM_backup\000"
 719      6261636B 
 719      757000
 720              	.LASF32:
 721 00c3 474E5520 		.ascii	"GNU C 4.9.3 20150303 (release) [ARM/embedded-4_9-br"
 721      4320342E 
 721      392E3320 
 721      32303135 
 721      30333033 
 722 00f6 616E6368 		.ascii	"anch revision 221220] -mcpu=cortex-m3 -mthumb -g -O"
 722      20726576 
 722      6973696F 
 722      6E203232 
 722      31323230 
 723 0129 73202D66 		.ascii	"s -ffunction-sections -ffat-lto-objects\000"
 723      66756E63 
 723      74696F6E 
 723      2D736563 
 723      74696F6E 
 724              	.LASF1:
 725 0151 756E7369 		.ascii	"unsigned char\000"
 725      676E6564 
 725      20636861 
 725      7200
 726              	.LASF15:
 727 015f 50574D45 		.ascii	"PWMEnableState\000"
ARM GAS  C:\Users\SUZUKI~1\AppData\Local\Temp\ccz4CXGW.s 			page 18


 727      6E61626C 
 727      65537461 
 727      746500
 728              	.LASF5:
 729 016e 6C6F6E67 		.ascii	"long unsigned int\000"
 729      20756E73 
 729      69676E65 
 729      6420696E 
 729      7400
 730              	.LASF25:
 731 0180 50574D5F 		.ascii	"PWM_ReadCounter\000"
 731      52656164 
 731      436F756E 
 731      74657200 
 732              	.LASF12:
 733 0190 75696E74 		.ascii	"uint8\000"
 733      3800
 734              	.LASF23:
 735 0196 50574D5F 		.ascii	"PWM_Wakeup\000"
 735      57616B65 
 735      757000
 736              	.LASF18:
 737 01a1 50574D43 		.ascii	"PWMControlRegister\000"
 737      6F6E7472 
 737      6F6C5265 
 737      67697374 
 737      657200
 738              	.LASF10:
 739 01b4 646F7562 		.ascii	"double\000"
 739      6C6500
 740              	.LASF20:
 741 01bb 50574D5F 		.ascii	"PWM_SaveConfig\000"
 741      53617665 
 741      436F6E66 
 741      696700
 742              	.LASF8:
 743 01ca 756E7369 		.ascii	"unsigned int\000"
 743      676E6564 
 743      20696E74 
 743      00
 744              	.LASF7:
 745 01d7 6C6F6E67 		.ascii	"long long unsigned int\000"
 745      206C6F6E 
 745      6720756E 
 745      7369676E 
 745      65642069 
 746              	.LASF22:
 747 01ee 50574D5F 		.ascii	"PWM_Sleep\000"
 747      536C6565 
 747      7000
 748              	.LASF27:
 749 01f8 50574D5F 		.ascii	"PWM_WritePeriod\000"
 749      57726974 
 749      65506572 
 749      696F6400 
 750              	.LASF14:
 751 0208 73697A65 		.ascii	"sizetype\000"
ARM GAS  C:\Users\SUZUKI~1\AppData\Local\Temp\ccz4CXGW.s 			page 19


 751      74797065 
 751      00
 752              	.LASF6:
 753 0211 6C6F6E67 		.ascii	"long long int\000"
 753      206C6F6E 
 753      6720696E 
 753      7400
 754              	.LASF11:
 755 021f 63686172 		.ascii	"char\000"
 755      00
 756              	.LASF29:
 757 0224 50574D5F 		.ascii	"PWM_WriteControlRegister\000"
 757      57726974 
 757      65436F6E 
 757      74726F6C 
 757      52656769 
 758              	.LASF24:
 759 023d 50574D5F 		.ascii	"PWM_ReadPeriod\000"
 759      52656164 
 759      50657269 
 759      6F6400
 760              	.LASF2:
 761 024c 73686F72 		.ascii	"short int\000"
 761      7420696E 
 761      7400
 762              	.LASF28:
 763 0256 50574D5F 		.ascii	"PWM_WriteCounter\000"
 763      57726974 
 763      65436F75 
 763      6E746572 
 763      00
 764              	.LASF30:
 765 0267 50574D5F 		.ascii	"PWM_Stop\000"
 765      53746F70 
 765      00
 766              	.LASF4:
 767 0270 6C6F6E67 		.ascii	"long int\000"
 767      20696E74 
 767      00
 768              	.LASF26:
 769 0279 50574D5F 		.ascii	"PWM_ReadControlRegister\000"
 769      52656164 
 769      436F6E74 
 769      726F6C52 
 769      65676973 
 770              	.LASF0:
 771 0291 7369676E 		.ascii	"signed char\000"
 771      65642063 
 771      68617200 
 772              	.LASF31:
 773 029d 50574D5F 		.ascii	"PWM_Enable\000"
 773      456E6162 
 773      6C6500
 774              		.ident	"GCC: (GNU Tools for ARM Embedded Processors) 4.9.3 20150303 (release) [ARM/embedded-4_9-br
